Command: /home/salah/.espressif/python_env/idf5.5_py3.13_env/bin/python /home/salah/esp/esp-idf/tools/idf_monitor.py -p /dev/ttyUSB0 -b 115200 --toolchain-prefix xtensa-esp32-elf- --target esp32 --revision 0 /home/salah/projects/embedded/cazio/build/cazio.elf /home/salah/projects/embedded/cazio/build/bootloader/bootloader.elf -m '/home/salah/.espressif/python_env/idf5.5_py3.13_env/bin/python' '/home/salah/esp/esp-idf/tools/idf.py'
ets Jul 29 2019 12:21:46

rst:0x1 (POWERON_RESET),boot:0x13 (SPI_FAST_FLASH_BOOT)
configsip: 0, SPIWP:0xee
clk_drv:0x00,q_drv:0x00,d_drv:0x00,cs0_drv:0x00,hd_drv:0x00,wp_drv:0x00
mode:DIO, clock div:2
load:0x3fff0030,len:6384
load:0x40078000,len:15916
load:0x40080400,len:3920
entry 0x40080644
[0;32mI (27) boot: ESP-IDF v5.5.2 2nd stage bootloader[0m
[0;32mI (27) boot: compile time Jan 30 2026 17:17:10[0m
[0;32mI (28) boot: Multicore bootloader[0m
[0;32mI (29) boot: chip revision: v3.1[0m
[0;32mI (32) boot.esp32: SPI Speed      : 40MHz[0m
[0;32mI (35) boot.esp32: SPI Mode       : DIO[0m
[0;32mI (39) boot.esp32: SPI Flash Size : 2MB[0m
[0;32mI (42) boot: Enabling RNG early entropy source...[0m
[0;32mI (47) boot: Partition Table:[0m
[0;32mI (49) boot: ## Label            Usage          Type ST Offset   Length[0m
[0;32mI (56) boot:  0 nvs              WiFi data        01 02 00009000 00006000[0m
[0;32mI (62) boot:  1 phy_init         RF data          01 01 0000f000 00001000[0m
[0;32mI (69) boot:  2 factory          factory app      00 00 00010000 00100000[0m
[0;32mI (75) boot: End of partition table[0m
[0;32mI (79) esp_image: segment 0: paddr=00010020 vaddr=3f400020 size=0b82ch ( 47148) map[0m
[0;32mI (102) esp_image: segment 1: paddr=0001b854 vaddr=3ffb0000 size=02410h (  9232) load[0m
[0;32mI (106) esp_image: segment 2: paddr=0001dc6c vaddr=40080000 size=023ach (  9132) load[0m
[0;32mI (110) esp_image: segment 3: paddr=00020020 vaddr=400d0020 size=1390ch ( 80140) map[0m
[0;32mI (141) esp_image: segment 4: paddr=00033934 vaddr=400823ac size=0b384h ( 45956) load[0m
[0;32mI (159) esp_image: segment 5: paddr=0003ecc0 vaddr=50000000 size=00020h (    32) load[0m
[0;32mI (166) boot: Loaded app from partition at offset 0x10000[0m
[0;32mI (166) boot: Disabling RNG early entropy source...[0m
[0;32mI (177) cpu_start: Multicore app[0m
[0;32mI (186) cpu_start: GPIO 3 and 1 are used as console UART I/O pins[0m
[0;32mI (186) cpu_start: Pro cpu start user code[0m
[0;32mI (186) cpu_start: cpu freq: 160000000 Hz[0m
[0;32mI (188) app_init: Application information:[0m
[0;32mI (191) app_init: Project name:     cazio[0m
[0;32mI (195) app_init: App version:      1[0m
[0;32mI (199) app_init: Compile time:     Feb  4 2026 21:04:03[0m
[0;32mI (204) app_init: ELF file SHA256:  a0f5cbb00...[0m
[0;32mI (208) app_init: ESP-IDF:          v5.5.2[0m
[0;32mI (212) efuse_init: Min chip rev:     v0.0[0m
[0;32mI (216) efuse_init: Max chip rev:     v3.99 [0m
[0;32mI (220) efuse_init: Chip rev:         v3.1[0m
[0;32mI (224) heap_init: Initializing. RAM available for dynamic allocation:[0m
[0;32mI (230) heap_init: At 3FFAE6E0 len 00001920 (6 KiB): DRAM[0m
[0;32mI (235) heap_init: At 3FFB3138 len 0002CEC8 (179 KiB): DRAM[0m
[0;32mI (240) heap_init: At 3FFE0440 len 00003AE0 (14 KiB): D/IRAM[0m
[0;32mI (245) heap_init: At 3FFE4350 len 0001BCB0 (111 KiB): D/IRAM[0m
[0;32mI (251) heap_init: At 4008D730 len 000128D0 (74 KiB): IRAM[0m
[0;33mW (257) spi_flash: Detected boya flash chip but using generic driver. For optimal functionality, enable `SPI_FLASH_SUPPORT_BOYA_CHIP` in menuconfig[0m
[0;32mI (269) spi_flash: detected chip: generic[0m
[0;32mI (273) spi_flash: flash io: dio[0m
[0;33mW (276) spi_flash: Detected size(4096k) larger than the size in the binary image header(2048k). Using the size in the binary image header.[0m
[0;32mI (289) main_task: Started on CPU0[0m
[0;32mI (299) main_task: Calling app_main()[0m
Probing SSD1306...
SSD1306 detected
[0;32mI (299) I: 00[0m
[0;32mI (339) I: 00[0m
[0;32mI (379) I: 00[0m
[0;32mI (419) I: 00[0m
[0;32mI (459) I: 00[0m
[0;32mI (499) I: 00[0m
[0;32mI (539) I: 00[0m
[0;32mI (579) I: 00[0m
[0;32mI (619) I: 00[0m
[0;32mI (659) I: 00[0m
[0;32mI (699) I: 00[0m
[0;32mI (739) I: 00[0m
[0;32mI (779) I: 00[0m
[0;32mI (819) I: 00[0m
[0;32mI (859) I: 00[0m
[0;32mI (899) I: 00[0m
[0;32mI (939) I: 00[0m
[0;32mI (979) I: 00[0m
[0;32mI (1019) I: 00[0m
[0;32mI (1059) I: 00[0m
[0;32mI (1099) I: 00[0m
[0;32mI (1139) I: 00[0m
[0;32mI (1179) I: 00[0m
[0;32mI (1219) I: 00[0m
[0;32mI (1259) I: 00[0m
[0;32mI (1299) I: 00[0m

abort() was called at PC 0x40082433 on core 0


Backtrace: 0x40085759:0x3ffb0ba0 0x40085721:0x3ffb0bc0 0x4008b921:0x3ffb0be0 0x40082433:0x3ffb0c50 0x40082571:0x3ffb0c80 0x400825ea:0x3ffb0ca0 0x400daf13:0x3ffb0cd0 0x400da575:0x3ffb0ff0 0x4008b793:0x3ffb1020 0x400d6848:0x3ffb1080 0x40083df4:0x3ffb10a0 0x400829f1:0x3ffb10d0 0x400840db:0x3ffb4a00 0x400e2a9f:0x3ffb4a20 0x4008712a:0x3ffb4a40 0x40086379:0x3ffb4a60




ELF file SHA256: a0f5cbb00

Rebooting...
ets Jul 29 2019 12:21:46

rst:0xc (SW_CPU_RESET),boot:0x13 (SPI_FAST_FLASH_BOOT)
configsip: 0, SPIWP:0xee
clk_drv:0x00,q_drv:0x00,d_drv:0x00,cs0_drv:0x00,hd_drv:0x00,wp_drv:0x00
mode:DIO, clock div:2
load:0x3fff0030,len:6384
load:0x40078000,len:15916
load:0x40080400,len:3920
entry 0x40080644
[0;32mI (27) boot: ESP-IDF v5.5.2 2nd stage bootloader[0m
[0;32mI (27) boot: compile time Jan 30 2026 17:17:10[0m
[0;32mI (27) boot: Multicore bootloader[0m
[0;32mI (29) boot: chip revision: v3.1[0m
[0;32mI (31) boot.esp32: SPI Speed      : 40MHz[0m
[0;32mI (35) boot.esp32: SPI Mode       : DIO[0m
[0;32mI (39) boot.esp32: SPI Flash Size : 2MB[0m
[0;32mI (42) boot: Enabling RNG early entropy source...[0m
[0;32mI (47) boot: Partition Table:[0m
[0;32mI (49) boot: ## Label            Usage          Type ST Offset   Length[0m
[0;32mI (56) boot:  0 nvs              WiFi data        01 02 00009000 00006000[0m
[0;32mI (62) boot:  1 phy_init         RF data          01 01 0000f000 00001000[0m
[0;32mI (69) boot:  2 factory          factory app      00 00 00010000 00100000[0m
[0;32mI (75) boot: End of partition table[0m
[0;32mI (79) esp_image: segment 0: paddr=00010020 vaddr=3f400020 size=0b82ch ( 47148) map[0m
[0;32mI (102) esp_image: segment 1: paddr=0001b854 vaddr=3ffb0000 size=02410h (  9232) load[0m
[0;32mI (106) esp_image: segment 2: paddr=0001dc6c vaddr=40080000 size=023ach (  9132) load[0m
[0;32mI (110) esp_image: segment 3: paddr=00020020 vaddr=400d0020 size=1390ch ( 80140) map[0m
[0;32mI (141) esp_image: segment 4: paddr=00033934 vaddr=400823ac size=0b384h ( 45956) load[0m
[0;32mI (159) esp_image: segment 5: paddr=0003ecc0 vaddr=50000000 size=00020h (    32) load[0m
[0;32mI (166) boot: Loaded app from partition at offset 0x10000[0m
[0;32mI (166) boot: Disabling RNG early entropy source...[0m
[0;32mI (177) cpu_start: Multicore app[0m
[0;32mI (185) cpu_start: GPIO 3 and 1 are used as console UART I/O pins[0m
[0;32mI (186) cpu_start: Pro cpu start user code[0m
[0;32mI (186) cpu_start: cpu freq: 160000000 Hz[0m
[0;32mI (188) app_init: Application information:[0m
[0;32mI (191) app_init: Project name:     cazio[0m
[0;32mI (195) app_init: App version:      1[0m
[0;32mI (199) app_init: Compile time:     Feb  4 2026 21:04:03[0m
[0;32mI (204) app_init: ELF file SHA256:  a0f5cbb00...[0m
[0;32mI (208) app_init: ESP-IDF:          v5.5.2[0m
[0;32mI (212) efuse_init: Min chip rev:     v0.0[0m
[0;32mI (216) efuse_init: Max chip rev:     v3.99 [0m
[0;32mI (220) efuse_init: Chip rev:         v3.1[0m
[0;32mI (224) heap_init: Initializing. RAM available for dynamic allocation:[0m
[0;32mI (230) heap_init: At 3FFAE6E0 len 00001920 (6 KiB): DRAM[0m
[0;32mI (235) heap_init: At 3FFB3138 len 0002CEC8 (179 KiB): DRAM[0m
[0;32mI (240) heap_init: At 3FFE0440 len 00003AE0 (14 KiB): D/IRAM[0m
[0;32mI (245) heap_init: At 3FFE4350 len 0001BCB0 (111 KiB): D/IRAM[0m
[0;32mI (251) heap_init: At 4008D730 len 000128D0 (74 KiB): IRAM[0m
[0;33mW (257) spi_flash: Detected boya flash chip but using generic driver. For optimal functionality, enable `SPI_FLASH_SUPPORT_BOYA_CHIP` in menuconfig[0m
[0;32mI (269) spi_flash: detected chip: generic[0m
[0;32mI (273) spi_flash: flash io: dio[0m
[0;33mW (276) spi_flash: Detected size(4096k) larger than the size in the binary image header(2048k). Using the size in the binary image header.[0m
[0;32mI (289) main_task: Started on CPU0[0m
[0;32mI (299) main_task: Calling app_main()[0m
Probing SSD1306...
[0;33mW (299) i2c.common: GPIO 21 is not usable, maybe conflict with others[0m
[0;33mW (299) i2c.common: GPIO 22 is not usable, maybe conflict with others[0m
[1;31mE (309) i2c.master: I2C hardware timeout detected[0m
[1;31mE (309) i2c.master: probe device timeout. Please check if xfer_timeout_ms and pull-ups are correctly set up[0m
SSD1306 NOT detected
Guru Meditation Error: Core  0 panic'ed (LoadProhibited). Exception was unhandled.

Core  0 register dump:
PC      : 0x400e1c58  PS      : 0x00060330  A0      : 0x800d6bec  A1      : 0x3ffb4240  
A2      : 0x00000004  A3      : 0x3ffb2efc  A4      : 0x00000002  A5      : 0x00000014  
A6      : 0x00000000  A7      : 0x3ffaea3c  A8      : 0x00000001  A9      : 0x3ffb4230  
A10     : 0x3ffb4250  A11     : 0x00000000  A12     : 0x3ffb2efc  A13     : 0x00000001  
A14     : 0x3f40a5d9  A15     : 0x00000010  SAR     : 0x00000004  EXCCAUSE: 0x0000001c  
EXCVADDR: 0x00000018  LBEG    : 0x4000c46c  LEND    : 0x4000c477  LCOUNT  : 0x00000000  


Backtrace: 0x400e1c55:0x3ffb4240 0x400d6be9:0x3ffb4370 0x400d6928:0x3ffb4390 0x400d69c9:0x3ffb43b0 0x400d6909:0x3ffb43d0 0x400e304d:0x3ffb4430 0x40086379:0x3ffb4460




ELF file SHA256: a0f5cbb00

Rebooting...
ets Jul 29 2019 12:21:46

rst:0xc (SW_CPU_RESET),boot:0x13 (SPI_FAST_FLASH_BOOT)
configsip: 0, SPIWP:0xee
clk_drv:0x00,q_drv:0x00,d_drv:0x00,cs0_drv:0x00,hd_drv:0x00,wp_drv:0x00
mode:DIO, clock div:2
load:0x3fff0030,len:6384
load:0x40078000,len:15916
load:0x40080400,len:3920
entry 0x40080644
[0;32mI (27) boot: ESP-IDF v5.5.2 2nd stage bootloader[0m
[0;32mI (27) boot: compile time Jan 30 2026 17:17:10[0m
[0;32mI (27) boot: Multicore bootloader[0m
[0;32mI (29) boot: chip revision: v3.1[0m
[0;32mI (31) boot.esp32: SPI Speed      : 40MHz[0m
[0;32mI (35) boot.esp32: SPI Mode       : DIO[0m
[0;32mI (39) boot.esp32: SPI Flash Size : 2MB[0m
[0;32mI (42) boot: Enabling RNG early entropy source...[0m
[0;32mI (47) boot: Partition Table:[0m
[0;32mI (49) boot: ## Label            Usage          Type ST Offset   Length[0m
[0;32mI (56) boot:  0 nvs              WiFi data        01 02 00009000 00006000[0m
[0;32mI (62) boot:  1 phy_init         RF data          01 01 0000f000 00001000[0m
[0;32mI (69) boot:  2 factory          factory app      00 00 00010000 00100000[0m
[0;32mI (75) boot: End of partition table[0m
[0;32mI (79) esp_image: segment 0: paddr=00010020 vaddr=3f400020 size=0b82ch ( 47148) map[0m
[0;32mI (102) esp_image: segment 1: paddr=0001b854 vaddr=3ffb0000 size=02410h (  9232) load[0m
[0;32mI (106) esp_image: segment 2: paddr=0001dc6c vaddr=40080000 size=023ach (  9132) load[0m
[0;32mI (110) esp_image: segment 3: paddr=00020020 vaddr=400d0020 size=1390ch ( 80140) map[0m
[0;32mI (141) esp_image: segment 4: paddr=00033934 vaddr=400823ac size=0b384h ( 45956) load[0m
[0;32mI (159) esp_image: segment 5: paddr=0003ecc0 vaddr=50000000 size=00020h (    32) load[0m
[0;32mI (166) boot: Loaded app from partition at offset 0x10000[0m
[0;32mI (166) boot: Disabling RNG early entropy source...[0m
[0;32mI (177) cpu_start: Multicore app[0m
[0;32mI (185) cpu_start: GPIO 3 and 1 are used as console UART I/O pins[0m
[0;32mI (186) cpu_start: Pro cpu start user code[0m
[0;32mI (186) cpu_start: cpu freq: 160000000 Hz[0m
[0;32mI (188) app_init: Application information:[0m
[0;32mI (191) app_init: Project name:     cazio[0m
[0;32mI (195) app_init: App version:      1[0m
[0;32mI (198) app_init: Compile time:     Feb  4 2026 21:04:03[0m
[0;32mI (204) app_init: ELF file SHA256:  a0f5cbb00...[0m
[0;32mI (208) app_init: ESP-IDF:          v5.5.2[0m
[0;32mI (212) efuse_init: Min chip rev:     v0.0[0m
[0;32mI (216) efuse_init: Max chip rev:     v3.99 [0m
[0;32mI (220) efuse_init: Chip rev:         v3.1[0m
[0;32mI (224) heap_init: Initializing. RAM available for dynamic allocation:[0m
[0;32mI (230) heap_init: At 3FFAE6E0 len 00001920 (6 KiB): DRAM[0m
[0;32mI (235) heap_init: At 3FFB3138 len 0002CEC8 (179 KiB): DRAM[0m
[0;32mI (240) heap_init: At 3FFE0440 len 00003AE0 (14 KiB): D/IRAM[0m
[0;32mI (245) heap_init: At 3FFE4350 len 0001BCB0 (111 KiB): D/IRAM[0m
[0;32mI (251) heap_init: At 4008D730 len 000128D0 (74 KiB): IRAM[0m
[0;33mW (257) spi_flash: Detected boya flash chip but using generic driver. For optimal functionality, enable `SPI_FLASH_SUPPORT_BOYA_CHIP` in menuconfig[0m
[0;32mI (269) spi_flash: detected chip: generic[0m
[0;32mI (273) spi_flash: flash io: dio[0m
[0;33mW (276) spi_flash: Detected size(4096k) larger than the size in the binary image header(2048k). Using the size in the binary image header.[0m
[0;32mI (288) main_task: Started on CPU0[0m
[0;32mI (298) main_task: Calling app_main()[0m
Probing SSD1306...
SSD1306 detected
[0;32mI (298) I: 00[0m
[0;32mI (338) I: 00[0m
[0;32mI (378) I: 00[0m
[0;32mI (418) I: 00[0m
[0;32mI (458) I: 00[0m
[0;32mI (498) I: 00[0m
[0;32mI (538) I: 00[0m
[0;32mI (578) I: 00[0m
[0;32mI (618) I: 00[0m
[0;32mI (658) I: 00[0m
[0;32mI (698) I: 00[0m
[0;32mI (738) I: 00[0m
[0;32mI (778) I: 00[0m
[0;32mI (818) I: 00[0m
[0;32mI (858) I: 00[0m
[0;32mI (898) I: 00[0m
[0;32mI (938) I: 00[0m
[0;32mI (978) I: 00[0m
[0;32mI (1018) I: 00[0m
[0;32mI (1058) I: 00[0m
[0;32mI (1098) I: 00[0m
[0;32mI (1138) I: 00[0m
[0;32mI (1178) I: 00[0m
[0;32mI (1218) I: 00[0m
[0;32mI (1258) I: 00[0m
[0;32mI (1298) I: 00[0m

abort() was called at PC 0x40082433 on core 0


Backtrace: 0x40085759:0x3ffb0ba0 0x40085721:0x3ffb0bc0 0x4008b921:0x3ffb0be0 0x40082433:0x3ffb0c50 0x40082571:0x3ffb0c80 0x400825ea:0x3ffb0ca0 0x400daf13:0x3ffb0cd0 0x400da575:0x3ffb0ff0 0x4008b793:0x3ffb1020 0x400d6848:0x3ffb1080 0x40083df4:0x3ffb10a0 0x400829f1:0x3ffb10d0 0x400840db:0x3ffb4a00 0x400e2a9f:0x3ffb4a20 0x4008712a:0x3ffb4a40 0x40086379:0x3ffb4a60




ELF file SHA256: a0f5cbb00

Rebooting...
ets Jul 29 2019 12:21:46

rst:0xc (SW_CPU_RESET),boot:0x13 (SPI_FAST_FLASH_BOOT)
configsip: 0, SPIWP:0xee
clk_drv:0x00,q_drv:0x00,d_drv:0x00,cs0_drv:0x00,hd_drv:0x00,wp_drv:0x00
mode:DIO, clock div:2
load:0x3fff0030,len:6384
load:0x40078000,len:15916
load:0x40080400,len:3920
entry 0x40080644
[0;32mI (27) boot: ESP-IDF v5.5.2 2nd stage bootloader[0m
[0;32mI (27) boot: compile time Jan 30 2026 17:17:10[0m
[0;32mI (27) boot: Multicore bootloader[0m
[0;32mI (29) boot: chip revision: v3.1[0m
[0;32mI (31) boot.esp32: SPI Speed      : 40MHz[0m
[0;32mI (35) boot.esp32: SPI Mode       : DIO[0m
[0;32mI (39) boot.esp32: SPI Flash Size : 2MB[0m
[0;32mI (42) boot: Enabling RNG early entropy source...[0m
[0;32mI (47) boot: Partition Table:[0m
[0;32mI (49) boot: ## Label            Usage          Type ST Offset   Length[0m
[0;32mI (56) boot:  0 nvs              WiFi data        01 02 00009000 00006000[0m
[0;32mI (62) boot:  1 phy_init         RF data          01 01 0000f000 00001000[0m
[0;32mI (69) boot:  2 factory          factory app      00 00 00010000 00100000[0m
[0;32mI (75) boot: End of partition table[0m
[0;32mI (79) esp_image: segment 0: paddr=00010020 vaddr=3f400020 size=0b82ch ( 47148) map[0m
[0;32mI (102) esp_image: segment 1: paddr=0001b854 vaddr=3ffb0000 size=02410h (  9232) load[0m
[0;32mI (106) esp_image: segment 2: paddr=0001dc6c vaddr=40080000 size=023ach (  9132) load[0m
[0;32mI (110) esp_image: segment 3: paddr=00020020 vaddr=400d0020 size=1390ch ( 80140) map[0m
[0;32mI (141) esp_image: segment 4: paddr=00033934 vaddr=400823ac size=0b384h ( 45956) load[0m
[0;32mI (159) esp_image: segment 5: paddr=0003ecc0 vaddr=50000000 size=00020h (    32) load[0m
[0;32mI (166) boot: Loaded app from partition at offset 0x10000[0m
[0;32mI (166) boot: Disabling RNG early entropy source...[0m
[0;32mI (177) cpu_start: Multicore app[0m
[0;32mI (185) cpu_start: GPIO 3 and 1 are used as console UART I/O pins[0m
[0;32mI (186) cpu_start: Pro cpu start user code[0m
[0;32mI (186) cpu_start: cpu freq: 160000000 Hz[0m
[0;32mI (188) app_init: Application information:[0m
[0;32mI (191) app_init: Project name:     cazio[0m
[0;32mI (195) app_init: App version:      1[0m
[0;32mI (199) app_init: Compile time:     Feb  4 2026 21:04:03[0m
[0;32mI (204) app_init: ELF file SHA256:  a0f5cbb00...[0m
[0;32mI (208) app_init: ESP-IDF:          v5.5.2[0m
[0;32mI (212) efuse_init: Min chip rev:     v0.0[0m
[0;32mI (216) efuse_init: Max chip rev:     v3.99 [0m
[0;32mI (220) efuse_init: Chip rev:         v3.1[0m
[0;32mI (224) heap_init: Initializing. RAM available for dynamic allocation:[0m
[0;32mI (230) heap_init: At 3FFAE6E0 len 00001920 (6 KiB): DRAM[0m
[0;32mI (235) heap_init: At 3FFB3138 len 0002CEC8 (179 KiB): DRAM[0m
[0;32mI (240) heap_init: At 3FFE0440 len 00003AE0 (14 KiB): D/IRAM[0m
[0;32mI (245) heap_init: At 3FFE4350 len 0001BCB0 (111 KiB): D/IRAM[0m
[0;32mI (251) heap_init: At 4008D730 len 000128D0 (74 KiB): IRAM[0m
[0;33mW (257) spi_flash: Detected boya flash chip but using generic driver. For optimal functionality, enable `SPI_FLASH_SUPPORT_BOYA_CHIP` in menuconfig[0m
[0;32mI (269) spi_flash: detected chip: generic[0m
[0;32mI (273) spi_flash: flash io: dio[0m
[0;33mW (276) spi_flash: Detected size(4096k) larger than the size in the binary image header(2048k). Using the size in the binary image header.[0m
[0;32mI (289) main_task: Started on CPU0[0m
[0;32mI (299) main_task: Calling app_main()[0m
Probing SSD1306...
[0;33mW (299) i2c.common: GPIO 21 is not usable, maybe conflict with others[0m
[0;33mW (299) i2c.common: GPIO 22 is not usable, maybe conflict with others[0m
[1;31mE (309) i2c.master: I2C hardware timeout detected[0m
[1;31mE (309) i2c.master: probe device timeout. Please check if xfer_timeout_ms and pull-ups are correctly set up[0m
SSD1306 NOT detected
Guru Meditation Error: Core  0 panic'ed (LoadProhibited). Exception was unhandled.

Core  0 register dump:
PC      : 0x400e1c58  PS      : 0x00060330  A0      : 0x800d6bec  A1      : 0x3ffb4240  
A2      : 0x00000004  A3      : 0x3ffb2efc  A4      : 0x00000002  A5      : 0x00000014  
A6      : 0x00000000  A7      : 0x3ffaea3c  A8      : 0x00000001  A9      : 0x3ffb4230  
A10     : 0x3ffb4250  A11     : 0x00000000  A12     : 0x3ffb2efc  A13     : 0x00000001  
A14     : 0x3f40a5d9  A15     : 0x00000010  SAR     : 0x00000004  EXCCAUSE: 0x0000001c  
EXCVADDR: 0x00000018  LBEG    : 0x4000c46c  LEND    : 0x4000c477  LCOUNT  : 0x00000000  


Backtrace: 0x400e1c55:0x3ffb4240 0x400d6be9:0x3ffb4370 0x400d6928:0x3ffb4390 0x400d69c9:0x3ffb43b0 0x400d6909:0x3ffb43d0 0x400e304d:0x3ffb4430 0x40086379:0x3ffb4460




ELF file SHA256: a0f5cbb00

Rebooting...
ets Jul 29 2019 12:21:46

rst:0xc (SW_CPU_RESET),boot:0x13 (SPI_FAST_FLASH_BOOT)
configsip: 0, SPIWP:0xee
clk_drv:0x00,q_drv:0x00,d_drv:0x00,cs0_drv:0x00,hd_drv:0x00,wp_drv:0x00
mode:DIO, clock div:2
load:0x3fff0030,len:6384
load:0x40078000,len:15916
load:0x40080400,len:3920
entry 0x40080644
[0;32mI (27) boot: ESP-IDF v5.5.2 2nd stage bootloader[0m
[0;32mI (27) boot: compile time Jan 30 2026 17:17:10[0m
[0;32mI (27) boot: Multicore bootloader[0m
[0;32mI (29) boot: chip revision: v3.1[0m
[0;32mI (31) boot.esp32: SPI Speed      : 40MHz[0m
[0;32mI (35) boot.esp32: SPI Mode       : DIO[0m
[0;32mI (39) boot.esp32: SPI Flash Size : 2MB[0m
[0;32mI (42) boot: Enabling RNG early entropy source...[0m
[0;32mI (47) boot: Partition Table:[0m
[0;32mI (49) boot: ## Label            Usage          Type ST Offset   Length[0m
[0;32mI (56) boot:  0 nvs              WiFi data        01 02 00009000 00006000[0m
[0;32mI (62) boot:  1 phy_init         RF data          01 01 0000f000 00001000[0m
[0;32mI (69) boot:  2 factory          factory app      00 00 00010000 00100000[0m
[0;32mI (75) boot: End of partition table[0m
[0;32mI (79) esp_image: segment 0: paddr=00010020 vaddr=3f400020 size=0b82ch ( 47148) map[0m
[0;32mI (102) esp_image: segment 1: paddr=0001b854 vaddr=3ffb0000 size=02410h (  9232) load[0m
[0;32mI (106) esp_image: segment 2: paddr=0001dc6c vaddr=40080000 size=023ach (  9132) load[0m
[0;32mI (110) esp_image: segment 3: paddr=00020020 vaddr=400d0020 size=1390ch ( 80140) map[0m
[0;32mI (141) esp_image: segment 4: paddr=00033934 vaddr=400823ac size=0b384h ( 45956) load[0m
[0;32mI (159) esp_image: segment 5: paddr=0003ecc0 vaddr=50000000 size=00020h (    32) load[0m
[0;32mI (166) boot: Loaded app from partition at offset 0x10000[0m
[0;32mI (166) boot: Disabling RNG early entropy source...[0m
[0;32mI (177) cpu_start: Multicore app[0m
[0;32mI (185) cpu_start: GPIO 3 and 1 are used as console UART I/O pins[0m
[0;32mI (186) cpu_start: Pro cpu start user code[0m
[0;32mI (186) cpu_start: cpu freq: 160000000 Hz[0m
[0;32mI (188) app_init: Application information:[0m
[0;32mI (191) app_init: Project name:     cazio[0m
[0;32mI (195) app_init: App version:      1[0m
[0;32mI (199) app_init: Compile time:     Feb  4 2026 21:04:03[0m
[0;32mI (204) app_init: ELF file SHA256:  a0f5cbb00...[0m
[0;32mI (208) app_init: ESP-IDF:          v5.5.2[0m
[0;32mI (212) efuse_init: Min chip rev:     v0.0[0m
[0;32mI (216) efuse_init: Max chip rev:     v3.99 [0m
[0;32mI (220) efuse_init: Chip rev:         v3.1[0m
[0;32mI (224) heap_init: Initializing. RAM available for dynamic allocation:[0m
[0;32mI (230) heap_init: At 3FFAE6E0 len 00001920 (6 KiB): DRAM[0m
[0;32mI (235) heap_init: At 3FFB3138 len 0002CEC8 (179 KiB): DRAM[0m
[0;32mI (240) heap_init: At 3FFE0440 len 00003AE0 (14 KiB): D/IRAM[0m
[0;32mI (245) heap_init: At 3FFE4350 len 0001BCB0 (111 KiB): D/IRAM[0m
[0;32mI (251) heap_init: At 4008D730 len 000128D0 (74 KiB): IRAM[0m
[0;33mW (257) spi_flash: Detected boya flash chip but using generic driver. For optimal functionality, enable `SPI_FLASH_SUPPORT_BOYA_CHIP` in menuconfig[0m
[0;32mI (269) spi_flash: detected chip: generic[0m
[0;32mI (273) spi_flash: flash io: dio[0m
[0;33mW (276) spi_flash: Detected size(4096k) larger than the size in the binary image header(2048k). Using the size in the binary image header.[0m
[0;32mI (289) main_task: Started on CPU0[0m
[0;32mI (299) main_task: Calling app_main()[0m
Probing SSD1306...
SSD1306 detected
[0;32mI (299) I: 00[0m
[0;32mI (339) I: 00[0m
[0;32mI (379) I: 00[0m
[0;32mI (419) I: 00[0m
[0;32mI (459) I: 00[0m
[0;32mI (499) I: 00[0m
[0;32mI (539) I: 00[0m
[0;32mI (579) I: 00[0m
[0;32mI (619) I: 00[0m
[0;32mI (659) I: 00[0m
[0;32mI (699) I: 00[0m
[0;32mI (739) I: 00[0m
[0;32mI (779) I: 00[0m
[0;32mI (819) I: 00[0m
[0;32mI (859) I: 00[0m
[0;32mI (899) I: 00[0m
[0;32mI (939) I: 00[0m
[0;32mI (979) I: 00[0m
[0;32mI (1019) I: 00[0m
[0;32mI (1059) I: 00[0m
[0;32mI (1099) I: 00[0m
[0;32mI (1139) I: 00[0m
[0;32mI (1179) I: 00[0m
[0;32mI (1219) I: 00[0m
[0;32mI (1259) I: 00[0m
[0;32mI (1299) I: 00[0m

abort() was called at PC 0x40082433 on core 0


Backtrace: 0x40085759:0x3ffb0ba0 0x40085721:0x3ffb0bc0 0x4008b921:0x3ffb0be0 0x40082433:0x3ffb0c50 0x40082571:0x3ffb0c80 0x400825ea:0x3ffb0ca0 0x400daf13:0x3ffb0cd0 0x400da575:0x3ffb0ff0 0x4008b793:0x3ffb1020 0x400d6848:0x3ffb1080 0x40083df4:0x3ffb10a0 0x400829f1:0x3ffb10d0 0x400840db:0x3ffb4a00 0x400e2a9f:0x3ffb4a20 0x4008712a:0x3ffb4a40 0x40086379:0x3ffb4a60




ELF file SHA256: a0f5cbb00

Rebooting...
ets Jul 29 2019 12:21:46

rst:0xc (SW_CPU_RESET),boot:0x13 (SPI_FAST_FLASH_BOOT)
configsip: 0, SPIWP:0xee
clk_drv:0x00,q_drv:0x00,d_drv:0x00,cs0_drv:0x00,hd_drv:0x00,wp_drv:0x00
mode:DIO, clock div:2
load:0x3fff0030,len:6384
load:0x40078000,len:15916
load:0x40080400,len:3920
entry 0x40080644
[0;32mI (27) boot: ESP-IDF v5.5.2 2nd stage bootloader[0m
[0;32mI (27) boot: compile time Jan 30 2026 17:17:10[0m
[0;32mI (27) boot: Multicore bootloader[0m
[0;32mI (29) boot: chip revision: v3.1[0m
[0;32mI (31) boot.esp32: SPI Speed      : 40MHz[0m
[0;32mI (35) boot.esp32: SPI Mode       : DIO[0m
[0;32mI (39) boot.esp32: SPI Flash Size : 2MB[0m
[0;32mI (42) boot: Enabling RNG early entropy source...[0m
[0;32mI (47) boot: Partition Table:[0m
[0;32mI (49) boot: ## Label            Usage          Type ST Offset   Length[0m
[0;32mI (56) boot:  0 nvs              WiFi data        01 02 00009000 00006000[0m
[0;32mI (62) boot:  1 phy_init         RF data          01 01 0000f000 00001000[0m
[0;32mI (69) boot:  2 factory          factory app      00 00 00010000 00100000[0m
[0;32mI (75) boot: End of partition table[0m
[0;32mI (79) esp_image: segment 0: paddr=00010020 vaddr=3f400020 size=0b82ch ( 47148) map[0m
[0;32mI (102) esp_image: segment 1: paddr=0001b854 vaddr=3ffb0000 size=02410h (  9232) load[0m
[0;32mI (106) esp_image: segment 2: paddr=0001dc6c vaddr=40080000 size=023ach (  9132) load[0m
[0;32mI (110) esp_image: segment 3: paddr=00020020 vaddr=400d0020 size=1390ch ( 80140) map[0m
[0;32mI (141) esp_image: segment 4: paddr=00033934 vaddr=400823ac size=0b384h ( 45956) load[0m
[0;32mI (159) esp_image: segment 5: paddr=0003ecc0 vaddr=50000000 size=00020h (    32) load[0m
[0;32mI (166) boot: Loaded app from partition at offset 0x10000[0m
[0;32mI (166) boot: Disabling RNG early entropy source...[0m
[0;32mI (177) cpu_start: Multicore app[0m
[0;32mI (185) cpu_start: GPIO 3 and 1 are used as console UART I/O pins[0m
[0;32mI (186) cpu_start: Pro cpu start user code[0m
[0;32mI (186) cpu_start: cpu freq: 160000000 Hz[0m
[0;32mI (188) app_init: Application information:[0m
[0;32mI (191) app_init: Project name:     cazio[0m
[0;32mI (195) app_init: App version:      1[0m
[0;32mI (199) app_init: Compile time:     Feb  4 2026 21:04:03[0m
[0;32mI (204) app_init: ELF file SHA256:  a0f5cbb00...[0m
[0;32mI (208) app_init: ESP-IDF:          v5.5.2[0m
[0;32mI (212) efuse_init: Min chip rev:     v0.0[0m
[0;32mI (216) efuse_init: Max chip rev:     v3.99 [0m
[0;32mI (220) efuse_init: Chip rev:         v3.1[0m
[0;32mI (224) heap_init: Initializing. RAM available for dynamic allocation:[0m
[0;32mI (230) heap_init: At 3FFAE6E0 len 00001920 (6 KiB): DRAM[0m
[0;32mI (235) heap_init: At 3FFB3138 len 0002CEC8 (179 KiB): DRAM[0m
[0;32mI (240) heap_init: At 3FFE0440 len 00003AE0 (14 KiB): D/IRAM[0m
[0;32mI (245) heap_init: At 3FFE4350 len 0001BCB0 (111 KiB): D/IRAM[0m
[0;32mI (251) heap_init: At 4008D730 len 000128D0 (74 KiB): IRAM[0m
[0;33mW (257) spi_flash: Detected boya flash chip but using generic driver. For optimal functionality, enable `SPI_FLASH_SUPPORT_BOYA_CHIP` in menuconfig[0m
[0;32mI (269) spi_flash: detected chip: generic[0m
[0;32mI (273) spi_flash: flash io: dio[0m
[0;33mW (276) spi_flash: Detected size(4096k) larger than the size in the binary image header(2048k). Using the size in the binary image header.[0m
[0;32mI (289) main_task: Started on CPU0[0m
[0;32mI (299) main_task: Calling app_main()[0m
Probing SSD1306...
[0;33mW (299) i2c.common: GPIO 21 is not usable, maybe conflict with others[0m
[0;33mW (299) i2c.common: GPIO 22 is not usable, maybe conflict with others[0m
[1;31mE (309) i2c.master: I2C hardware timeout detected[0m
[1;31mE (309) i2c.master: probe device timeout. Please check if xfer_timeout_ms and pull-ups are correctly set up[0m
SSD1306 NOT detected
Guru Meditation Error: Core  0 panic'ed (LoadProhibited). Exception was unhandled.

Core  0 register dump:
PC      : 0x400e1c58  PS      : 0x00060330  A0      : 0x800d6bec  A1      : 0x3ffb4240  
A2      : 0x00000004  A3      : 0x3ffb2efc  A4      : 0x00000002  A5      : 0x00000014  
A6      : 0x00000000  A7      : 0x3ffaea3c  A8      : 0x00000001  A9      : 0x3ffb4230  
A10     : 0x3ffb4250  A11     : 0x00000000  A12     : 0x3ffb2efc  A13     : 0x00000001  
A14     : 0x3f40a5d9  A15     : 0x00000010  SAR     : 0x00000004  EXCCAUSE: 0x0000001c  
EXCVADDR: 0x00000018  LBEG    : 0x4000c46c  LEND    : 0x4000c477  LCOUNT  : 0x00000000  


Backtrace: 0x400e1c55:0x3ffb4240 0x400d6be9:0x3ffb4370 0x400d6928:0x3ffb4390 0x400d69c9:0x3ffb43b0 0x400d6909:0x3ffb43d0 0x400e304d:0x3ffb4430 0x40086379:0x3ffb4460




ELF file SHA256: a0f5cbb00

Rebooting...
ets Jul 29 2019 12:21:46

rst:0xc (SW_CPU_RESET),boot:0x13 (SPI_FAST_FLASH_BOOT)
configsip: 0, SPIWP:0xee
clk_drv:0x00,q_drv:0x00,d_drv:0x00,cs0_drv:0x00,hd_drv:0x00,wp_drv:0x00
mode:DIO, clock div:2
load:0x3fff0030,len:6384
load:0x40078000,len:15916
load:0x40080400,len:3920
entry 0x40080644
[0;32mI (27) boot: ESP-IDF v5.5.2 2nd stage bootloader[0m
[0;32mI (27) boot: compile time Jan 30 2026 17:17:10[0m
[0;32mI (27) boot: Multicore bootloader[0m
[0;32mI (29) boot: chip revision: v3.1[0m
[0;32mI (31) boot.esp32: SPI Speed      : 40MHz[0m
[0;32mI (35) boot.esp32: SPI Mode       : DIO[0m
[0;32mI (39) boot.esp32: SPI Flash Size : 2MB[0m
[0;32mI (42) boot: Enabling RNG early entropy source...[0m
[0;32mI (47) boot: Partition Table:[0m
[0;32mI (49) boot: ## Label            Usage          Type ST Offset   Length[0m
[0;32mI (56) boot:  0 nvs              WiFi data        01 02 00009000 00006000[0m
[0;32mI (62) boot:  1 phy_init         RF data          01 01 0000f000 00001000[0m
[0;32mI (69) boot:  2 factory          factory app      00 00 00010000 00100000[0m
[0;32mI (75) boot: End of partition table[0m
[0;32mI (79) esp_image: segment 0: paddr=00010020 vaddr=3f400020 size=0b82ch ( 47148) map[0m
[0;32mI (102) esp_image: segment 1: paddr=0001b854 vaddr=3ffb0000 size=02410h (  9232) load[0m
[0;32mI (106) esp_image: segment 2: paddr=0001dc6c vaddr=40080000 size=023ach (  9132) load[0m
[0;32mI (110) esp_image: segment 3: paddr=00020020 vaddr=400d0020 size=1390ch ( 80140) map[0m
[0;32mI (141) esp_image: segment 4: paddr=00033934 vaddr=400823ac size=0b384h ( 45956) load[0m
[0;32mI (159) esp_image: segment 5: paddr=0003ecc0 vaddr=50000000 size=00020h (    32) load[0m
[0;32mI (166) boot: Loaded app from partition at offset 0x10000[0m
[0;32mI (166) boot: Disabling RNG early entropy source...[0m
[0;32mI (177) cpu_start: Multicore app[0m
[0;32mI (185) cpu_start: GPIO 3 and 1 are used as console UART I/O pins[0m
[0;32mI (186) cpu_start: Pro cpu start user code[0m
[0;32mI (186) cpu_start: cpu freq: 160000000 Hz[0m
[0;32mI (188) app_init: Application information:[0m
[0;32mI (191) app_init: Project name:     cazio[0m
[0;32mI (195) app_init: App version:      1[0m
[0;32mI (199) app_init: Compile time:     Feb  4 2026 21:04:03[0m
[0;32mI (204) app_init: ELF file SHA256:  a0f5cbb00...[0m
[0;32mI (208) app_init: ESP-IDF:          v5.5.2[0m
[0;32mI (212) efuse_init: Min chip rev:     v0.0[0m
[0;32mI (216) efuse_init: Max chip rev:     v3.99 [0m
[0;32mI (220) efuse_init: Chip rev:         v3.1[0m
[0;32mI (224) heap_init: Initializing. RAM available for dynamic allocation:[0m
[0;32mI (230) heap_init: At 3FFAE6E0 len 00001920 (6 KiB): DRAM[0m
[0;32mI (235) heap_init: At 3FFB3138 len 0002CEC8 (179 KiB): DRAM[0m
[0;32mI (240) heap_init: At 3FFE0440 len 00003AE0 (14 KiB): D/IRAM[0m
[0;32mI (245) heap_init: At 3FFE4350 len 0001BCB0 (111 KiB): D/IRAM[0m
[0;32mI (251) heap_init: At 4008D730 len 000128D0 (74 KiB): IRAM[0m
[0;33mW (257) spi_flash: Detected boya flash chip but using generic driver. For optimal functionality, enable `SPI_FLASH_SUPPORT_BOYA_CHIP` in menuconfig[0m
[0;32mI (269) spi_flash: detected chip: generic[0m
[0;32mI (273) spi_flash: flash io: dio[0m
[0;33mW (276) spi_flash: Detected size(4096k) larger than the size in the binary image header(2048k). Using the size in the binary image header.[0m
[0;32mI (289) main_task: Started on CPU0[0m
[0;32mI (299) main_task: Calling app_main()[0m
Probing SSD1306...
SSD1306 detected
[0;32mI (299) I: 00[0m
[0;32mI (339) I: 00[0m
[0;32mI (379) I: 00[0m
[0;32mI (419) I: 00[0m
[0;32mI (459) I: 00[0m
[0;32mI (499) I: 00[0m
[0;32mI (539) I: 00[0m
[0;32mI (579) I: 00[0m
[0;32mI (619) I: 00[0m
[0;32mI (659) I: 00[0m
[0;32mI (699) I: 00[0m
[0;32mI (739) I: 00[0m
[0;32mI (779) I: 00[0m
[0;32mI (819) I: 00[0m
[0;32mI (859) I: 00[0m
[0;32mI (899) I: 00[0m
[0;32mI (939) I: 00[0m
[0;32mI (979) I: 00[0m
[0;32mI (1019) I: 00[0m
[0;32mI (1059) I: 00[0m
[0;32mI (1099) I: 00[0m
[0;32mI (1139) I: 00[0m
[0;32mI (1179) I: 00[0m
[0;32mI (1219) I: 00[0m
[0;32mI (1259) I: 00[0m
[0;32mI (1299) I: 00[0m

abort() was called at PC 0x40082433 on core 0


Backtrace: 0x40085759:0x3ffb0ba0 0x40085721:0x3ffb0bc0 0x4008b921:0x3ffb0be0 0x40082433:0x3ffb0c50 0x40082571:0x3ffb0c80 0x400825ea:0x3ffb0ca0 0x400daf13:0x3ffb0cd0 0x400da575:0x3ffb0ff0 0x4008b793:0x3ffb1020 0x400d6848:0x3ffb1080 0x40083df4:0x3ffb10a0 0x400829f1:0x3ffb10d0 0x400840db:0x3ffb4a00 0x400e2a9f:0x3ffb4a20 0x4008712a:0x3ffb4a40 0x40086379:0x3ffb4a60




ELF file SHA256: a0f5cbb00

Rebooting...
ets Jul 29 2019 12:21:46

rst:0xc (SW_CPU_RESET),boot:0x13 (SPI_FAST_FLASH_BOOT)
configsip: 0, SPIWP:0xee
clk_drv:0x00,q_drv:0x00,d_drv:0x00,cs0_drv:0x00,hd_drv:0x00,wp_drv:0x00
mode:DIO, clock div:2
load:0x3fff0030,len:6384
load:0x40078000,len:15916
load:0x40080400,len:3920
entry 0x40080644
[0;32mI (27) boot: ESP-IDF v5.5.2 2nd stage bootloader[0m
[0;32mI (27) boot: compile time Jan 30 2026 17:17:10[0m
[0;32mI (27) boot: Multicore bootloader[0m
[0;32mI (29) boot: chip revision: v3.1[0m
[0;32mI (31) boot.esp32: SPI Speed      : 40MHz[0m
[0;32mI (35) boot.esp32: SPI Mode       : DIO[0m
[0;32mI (39) boot.esp32: SPI Flash Size : 2MB[0m
[0;32mI (42) boot: Enabling RNG early entropy source...[0m
[0;32mI (47) boot: Partition Table:[0m
[0;32mI (49) boot: ## Label            Usage          Type ST Offset   Length[0m
[0;32mI (56) boot:  0 nvs              WiFi data        01 02 00009000 00006000[0m
[0;32mI (62) boot:  1 phy_init         RF data          01 01 0000f000 00001000[0m
[0;32mI (69) boot:  2 factory          factory app      00 00 00010000 00100000[0m
[0;32mI (75) boot: End of partition table[0m
[0;32mI (79) esp_image: segment 0: paddr=00010020 vaddr=3f400020 size=0b82ch ( 47148) map[0m
[0;32mI (102) esp_image: segment 1: paddr=0001b854 vaddr=3ffb0000 size=02410h (  9232) load[0m
[0;32mI (106) esp_image: segment 2: paddr=0001dc6c vaddr=40080000 size=023ach (  9132) load[0m
[0;32mI (110) esp_image: segment 3: paddr=00020020 vaddr=400d0020 size=1390ch ( 80140) map[0m
[0;32mI (141) esp_image: segment 4: paddr=00033934 vaddr=400823ac size=0b384h ( 45956) load[0m
[0;32mI (159) esp_image: segment 5: paddr=0003ecc0 vaddr=50000000 size=00020h (    32) load[0m
[0;32mI (166) boot: Loaded app from partition at offset 0x10000[0m
[0;32mI (166) boot: Disabling RNG early entropy source...[0m
[0;32mI (177) cpu_start: Multicore app[0m
[0;32mI (185) cpu_start: GPIO 3 and 1 are used as console UART I/O pins[0m
[0;32mI (186) cpu_start: Pro cpu start user code[0m
[0;32mI (186) cpu_start: cpu freq: 160000000 Hz[0m
[0;32mI (188) app_init: Application information:[0m
[0;32mI (191) app_init: Project name:     cazio[0m
[0;32mI (195) app_init: App version:      1[0m
[0;32mI (199) app_init: Compile time:     Feb  4 2026 21:04:03[0m
[0;32mI (204) app_init: ELF file SHA256:  a0f5cbb00...[0m
[0;32mI (208) app_init: ESP-IDF:          v5.5.2[0m
[0;32mI (212) efuse_init: Min chip rev:     v0.0[0m
[0;32mI (216) efuse_init: Max chip rev:     v3.99 [0m
[0;32mI (220) efuse_init: Chip rev:         v3.1[0m
[0;32mI (224) heap_init: Initializing. RAM available for dynamic allocation:[0m
[0;32mI (230) heap_init: At 3FFAE6E0 len 00001920 (6 KiB): DRAM[0m
[0;32mI (235) heap_init: At 3FFB3138 len 0002CEC8 (179 KiB): DRAM[0m
[0;32mI (240) heap_init: At 3FFE0440 len 00003AE0 (14 KiB): D/IRAM[0m
[0;32mI (245) heap_init: At 3FFE4350 len 0001BCB0 (111 KiB): D/IRAM[0m
[0;32mI (251) heap_init: At 4008D730 len 000128D0 (74 KiB): IRAM[0m
[0;33mW (257) spi_flash: Detected boya flash chip but using generic driver. For optimal functionality, enable `SPI_FLASH_SUPPORT_BOYA_CHIP` in menuconfig[0m
[0;32mI (269) spi_flash: detected chip: generic[0m
[0;32mI (273) spi_flash: flash io: dio[0m
[0;33mW (276) spi_flash: Detected size(4096k) larger than the size in the binary image header(2048k). Using the size in the binary image header.[0m
[0;32mI (289) main_task: Started on CPU0[0m
[0;32mI (299) main_task: Calling app_main()[0m
Probing SSD1306...
[0;33mW (299) i2c.common: GPIO 21 is not usable, maybe conflict with others[0m
[0;33mW (299) i2c.common: GPIO 22 is not usable, maybe conflict with others[0m
[1;31mE (309) i2c.master: I2C hardware timeout detected[0m
[1;31mE (309) i2c.master: probe device timeout. Please check if xfer_timeout_ms and pull-ups are correctly set up[0m
SSD1306 NOT detected
Guru Meditation Error: Core  0 panic'ed (LoadProhibited). Exception was unhandled.

Core  0 register dump:
PC      : 0x400e1c58  PS      : 0x00060330  A0      : 0x800d6bec  A1      : 0x3ffb4240  
A2      : 0x00000004  A3      : 0x3ffb2efc  A4      : 0x00000002  A5      : 0x00000014  
A6      : 0x00000000  A7      : 0x3ffaea3c  A8      : 0x00000001  A9      : 0x3ffb4230  
A10     : 0x3ffb4250  A11     : 0x00000000  A12     : 0x3ffb2efc  A13     : 0x00000001  
A14     : 0x3f40a5d9  A15     : 0x00000010  SAR     : 0x00000004  EXCCAUSE: 0x0000001c  
EXCVADDR: 0x00000018  LBEG    : 0x4000c46c  LEND    : 0x4000c477  LCOUNT  : 0x00000000  


Backtrace: 0x400e1c55:0x3ffb4240 0x400d6be9:0x3ffb4370 0x400d6928:0x3ffb4390 0x400d69c9:0x3ffb43b0 0x400d6909:0x3ffb43d0 0x400e304d:0x3ffb4430 0x40086379:0x3ffb4460




ELF file SHA256: a0f5cbb00

Rebooting...
ets Jul 29 2019 12:21:46

rst:0xc (SW_CPU_RESET),boot:0x13 (SPI_FAST_FLASH_BOOT)
configsip: 0, SPIWP:0xee
clk_drv:0x00,q_drv:0x00,d_drv:0x00,cs0_drv:0x00,hd_drv:0x00,wp_drv:0x00
mode:DIO, clock div:2
load:0x3fff0030,len:6384
load:0x40078000,len:15916
load:0x40080400,len:3920
entry 0x40080644
[0;32mI (27) boot: ESP-IDF v5.5.2 2nd stage bootloader[0m
[0;32mI (27) boot: compile time Jan 30 2026 17:17:10[0m
[0;32mI (27) boot: Multicore bootloader[0m
[0;32mI (29) boot: chip revision: v3.1[0m
[0;32mI (31) boot.esp32: SPI Speed      : 40MHz[0m
[0;32mI (35) boot.esp32: SPI Mode       : DIO[0m
[0;32mI (39) boot.esp32: SPI Flash Size : 2MB[0m
[0;32mI (42) boot: Enabling RNG early entropy source...[0m
[0;32mI (47) boot: Partition Table:[0m
[0;32mI (49) boot: ## Label            Usage          Type ST Offset   Length[0m
[0;32mI (56) boot:  0 nvs              WiFi data        01 02 00009000 00006000[0m
[0;32mI (62) boot:  1 phy_init         RF data          01 01 0000f000 00001000[0m
[0;32mI (69) boot:  2 factory          factory app      00 00 00010000 00100000[0m
[0;32mI (75) boot: End of partition table[0m
[0;32mI (79) esp_image: segment 0: paddr=00010020 vaddr=3f400020 size=0b82ch ( 47148) map[0m
[0;32mI (102) esp_image: segment 1: paddr=0001b854 vaddr=3ffb0000 size=02410h (  9232) load[0m
[0;32mI (106) esp_image: segment 2: paddr=0001dc6c vaddr=40080000 size=023ach (  9132) load[0m
[0;32mI (110) esp_image: segment 3: paddr=00020020 vaddr=400d0020 size=1390ch ( 80140) map[0m
[0;32mI (141) esp_image: segment 4: paddr=00033934 vaddr=400823ac size=0b384h ( 45956) load[0m
[0;32mI (159) esp_image: segment 5: paddr=0003ecc0 vaddr=50000000 size=00020h (    32) load[0m
[0;32mI (166) boot: Loaded app from partition at offset 0x10000[0m
[0;32mI (166) boot: Disabling RNG early entropy source...[0m
[0;32mI (177) cpu_start: Multicore app[0m
[0;32mI (185) cpu_start: GPIO 3 and 1 are used as console UART I/O pins[0m
[0;32mI (186) cpu_start: Pro cpu start user code[0m
[0;32mI (186) cpu_start: cpu freq: 160000000 Hz[0m
[0;32mI (188) app_init: Application information:[0m
[0;32mI (191) app_init: Project name:     cazio[0m
[0;32mI (195) app_init: App version:      1[0m
[0;32mI (198) app_init: Compile time:     Feb  4 2026 21:04:03[0m
[0;32mI (204) app_init: ELF file SHA256:  a0f5cbb00...[0m
[0;32mI (208) app_init: ESP-IDF:          v5.5.2[0m
[0;32mI (212) efuse_init: Min chip rev:     v0.0[0m
[0;32mI (216) efuse_init: Max chip rev:     v3.99 [0m
[0;32mI (220) efuse_init: Chip rev:         v3.1[0m
[0;32mI (224) heap_init: Initializing. RAM available for dynamic allocation:[0m
[0;32mI (230) heap_init: At 3FFAE6E0 len 00001920 (6 KiB): DRAM[0m
[0;32mI (235) heap_init: At 3FFB3138 len 0002CEC8 (179 KiB): DRAM[0m
[0;32mI (240) heap_init: At 3FFE0440 len 00003AE0 (14 KiB): D/IRAM[0m
[0;32mI (245) heap_init: At 3FFE4350 len 0001BCB0 (111 KiB): D/IRAM[0m
[0;32mI (251) heap_init: At 4008D730 len 000128D0 (74 KiB): IRAM[0m
[0;33mW (257) spi_flash: Detected boya flash chip but using generic driver. For optimal functionality, enable `SPI_FLASH_SUPPORT_BOYA_CHIP` in menuconfig[0m
[0;32mI (269) spi_flash: detected chip: generic[0m
[0;32mI (273) spi_flash: flash io: dio[0m
[0;33mW (276) spi_flash: Detected size(4096k) larger than the size in the binary image header(2048k). Using the size in the binary image header.[0m
[0;32mI (288) main_task: Started on CPU0[0m
[0;32mI (298) main_task: Calling app_main()[0m
Probing SSD1306...
SSD1306 detected
[0;32mI (298) I: 00[0m
[0;32mI (338) I: 00[0m
[0;32mI (378) I: 00[0m
[0;32mI (418) I: 00[0m
[0;32mI (458) I: 00[0m
[0;32mI (498) I: 00[0m
[0;32mI (538) I: 00[0m
[0;32mI (578) I: 00[0m
[0;32mI (618) I: 00[0m
[0;32mI (658) I: 00[0m
[0;32mI (698) I: 00[0m
[0;32mI (738) I: 00[0m
[0;32mI (778) I: 00[0m
[0;32mI (818) I: 00[0m
[0;32mI (858) I: 00[0m
[0;32mI (898) I: 00[0m
[0;32mI (938) I: 00[0m
[0;32mI (978) I: 00[0m
[0;32mI (1018) I: 00[0m
[0;32mI (1058) I: 00[0m
[0;32mI (1098) I: 00[0m
[0;32mI (1138) I: 00[0m
[0;32mI (1178) I: 00[0m
[0;32mI (1218) I: 00[0m
[0;32mI (1258) I: 00[0m
[0;32mI (1298) I: 00[0m

abort() was called at PC 0x40082433 on core 0


Backtrace: 0x40085759:0x3ffb0ba0 0x40085721:0x3ffb0bc0 0x4008b921:0x3ffb0be0 0x40082433:0x3ffb0c50 0x40082571:0x3ffb0c80 0x400825ea:0x3ffb0ca0 0x400daf13:0x3ffb0cd0 0x400da575:0x3ffb0ff0 0x4008b793:0x3ffb1020 0x400d6848:0x3ffb1080 0x40083df4:0x3ffb10a0 0x400829f1:0x3ffb10d0 0x400840db:0x3ffb4a00 0x400e2a9f:0x3ffb4a20 0x4008712a:0x3ffb4a40 0x40086379:0x3ffb4a60




ELF file SHA256: a0f5cbb00

Rebooting...
ets Jul 29 2019 12:21:46

rst:0xc (SW_CPU_RESET),boot:0x13 (SPI_FAST_FLASH_BOOT)
configsip: 0, SPIWP:0xee
clk_drv:0x00,q_drv:0x00,d_drv:0x00,cs0_drv:0x00,hd_drv:0x00,wp_drv:0x00
mode:DIO, clock div:2
load:0x3fff0030,len:6384
load:0x40078000,len:15916
load:0x40080400,len:3920
entry 0x40080644
[0;32mI (27) boot: ESP-IDF v5.5.2 2nd stage bootloader[0m
[0;32mI (27) boot: compile time Jan 30 2026 17:17:10[0m
[0;32mI (27) boot: Multicore bootloader[0m
[0;32mI (29) boot: chip revision: v3.1[0m
[0;32mI (31) boot.esp32: SPI Speed      : 40MHz[0m
[0;32mI (35) boot.esp32: SPI Mode       : DIO[0m
[0;32mI (39) boot.esp32: SPI Flash Size : 2MB[0m
[0;32mI (42) boot: Enabling RNG early entropy source...[0m
[0;32mI (47) boot: Partition Table:[0m
[0;32mI (49) boot: ## Label            Usage          Type ST Offset   Length[0m
[0;32mI (56) boot:  0 nvs              WiFi data        01 02 00009000 00006000[0m
[0;32mI (62) boot:  1 phy_init         RF data          01 01 0000f000 00001000[0m
[0;32mI (69) boot:  2 factory          factory app      00 00 00010000 00100000[0m
[0;32mI (75) boot: End of partition table[0m
[0;32mI (79) esp_image: segment 0: paddr=00010020 vaddr=3f400020 size=0b82ch ( 47148) map[0m
[0;32mI (102) esp_image: segment 1: paddr=0001b854 vaddr=3ffb0000 size=02410h (  9232) load[0m
[0;32mI (106) esp_image: segment 2: paddr=0001dc6c vaddr=40080000 size=023ach (  9132) load[0m
[0;32mI (110) esp_image: segment 3: paddr=00020020 vaddr=400d0020 size=1390ch ( 80140) map[0m
[0;32mI (141) esp_image: segment 4: paddr=00033934 vaddr=400823ac size=0b384h ( 45956) load[0m
[0;32mI (159) esp_image: segment 5: paddr=0003ecc0 vaddr=50000000 size=00020h (    32) load[0m
[0;32mI (166) boot: Loaded app from partition at offset 0x10000[0m
[0;32mI (166) boot: Disabling RNG early entropy source...[0m
[0;32mI (177) cpu_start: Multicore app[0m
[0;32mI (185) cpu_start: GPIO 3 and 1 are used as console UART I/O pins[0m
[0;32mI (186) cpu_start: Pro cpu start user code[0m
[0;32mI (186) cpu_start: cpu freq: 160000000 Hz[0m
[0;32mI (188) app_init: Application information:[0m
[0;32mI (191) app_init: Project name:     cazio[0m
[0;32mI (195) app_init: App version:      1[0m
[0;32mI (198) app_init: Compile time:     Feb  4 2026 21:04:03[0m
[0;32mI (204) app_init: ELF file SHA256:  a0f5cbb00...[0m
[0;32mI (208) app_init: ESP-IDF:          v5.5.2[0m
[0;32mI (212) efuse_init: Min chip rev:     v0.0[0m
[0;32mI (216) efuse_init: Max chip rev:     v3.99 [0m
[0;32mI (220) efuse_init: Chip rev:         v3.1[0m
[0;32mI (224) heap_init: Initializing. RAM available for dynamic allocation:[0m
[0;32mI (230) heap_init: At 3FFAE6E0 len 00001920 (6 KiB): DRAM[0m
[0;32mI (235) heap_init: At 3FFB3138 len 0002CEC8 (179 KiB): DRAM[0m
[0;32mI (240) heap_init: At 3FFE0440 len 00003AE0 (14 KiB): D/IRAM[0m
[0;32mI (245) heap_init: At 3FFE4350 len 0001BCB0 (111 KiB): D/IRAM[0m
[0;32mI (251) heap_init: At 4008D730 len 000128D0 (74 KiB): IRAM[0m
[0;33mW (257) spi_flash: Detected boya flash chip but using generic driver. For optimal functionality, enable `SPI_FLASH_SUPPORT_BOYA_CHIP` in menuconfig[0m
[0;32mI (269) spi_flash: detected chip: generic[0m
[0;32mI (273) spi_flash: flash io: dio[0m
[0;33mW (276) spi_flash: Detected size(4096k) larger than the size in the binary image header(2048k). Using the size in the binary image header.[0m
[0;32mI (288) main_task: Started on CPU0[0m
[0;32mI (298) main_task: Calling app_main()[0m
Probing SSD1306...
[0;33mW (298) i2c.common: GPIO 21 is not usable, maybe conflict with others[0m
[0;33mW (298) i2c.common: GPIO 22 is not usable, maybe conflict with others[0m
[1;31mE (308) i2c.master: I2C hardware timeout detected[0m
[1;31mE (308) i2c.master: probe device timeout. Please check if xfer_timeout_ms and pull-ups are correctly set up[0m
SSD1306 NOT detected
Guru Meditation Error: Core  0 panic'ed (LoadProhibited). Exception was unhandled.

Core  0 register dump:
PC      : 0x400e1c58  PS      : 0x00060330  A0      : 0x800d6bec  A1      : 0x3ffb4240  
A2      : 0x00000004  A3      : 0x3ffb2efc  A4      : 0x00000002  A5      : 0x00000014  
A6      : 0x00000000  A7      : 0x3ffaea3c  A8      : 0x00000001  A9      : 0x3ffb4230  
A10     : 0x3ffb4250  A11     : 0x00000000  A12     : 0x3ffb2efc  A13     : 0x00000001  
A14     : 0x3f40a5d9  A15     : 0x00000010  SAR     : 0x00000004  EXCCAUSE: 0x0000001c  
EXCVADDR: 0x00000018  LBEG    : 0x4000c46c  LEND    : 0x4000c477  LCOUNT  : 0x00000000  


Backtrace: 0x400e1c55:0x3ffb4240 0x400d6be9:0x3ffb4370 0x400d6928:0x3ffb4390 0x400d69c9:0x3ffb43b0 0x400d6909:0x3ffb43d0 0x400e304d:0x3ffb4430 0x40086379:0x3ffb4460




ELF file SHA256: a0f5cbb00

Rebooting...
ets Jul 29 2019 12:21:46

rst:0xc (SW_CPU_RESET),boot:0x13 (SPI_FAST_FLASH_BOOT)
configsip: 0, SPIWP:0xee
clk_drv:0x00,q_drv:0x00,d_drv:0x00,cs0_drv:0x00,hd_drv:0x00,wp_drv:0x00
mode:DIO, clock div:2
load:0x3fff0030,len:6384
load:0x40078000,len:15916
load:0x40080400,len:3920
entry 0x40080644
[0;32mI (27) boot: ESP-IDF v5.5.2 2nd stage bootloader[0m
[0;32mI (27) boot: compile time Jan 30 2026 17:17:10[0m
[0;32mI (27) boot: Multicore bootloader[0m
[0;32mI (29) boot: chip revision: v3.1[0m
[0;32mI (31) boot.esp32: SPI Speed      : 40MHz[0m
[0;32mI (35) boot.esp32: SPI Mode       : DIO[0m
[0;32mI (39) boot.esp32: SPI Flash Size : 2MB[0m
[0;32mI (42) boot: Enabling RNG early entropy source...[0m
[0;32mI (47) boot: Partition Table:[0m
[0;32mI (49) boot: ## Label            Usage          Type ST Offset   Length[0m
[0;32mI (56) boot:  0 nvs              WiFi data        01 02 00009000 00006000[0m
[0;32mI (62) boot:  1 phy_init         RF data          01 01 0000f000 00001000[0m
[0;32mI (69) boot:  2 factory          factory app      00 00 00010000 00100000[0m
[0;32mI (75) boot: End of partition table[0m
[0;32mI (79) esp_image: segment 0: paddr=00010020 vaddr=3f400020 size=0b82ch ( 47148) map[0m
[0;32mI (102) esp_image: segment 1: paddr=0001b854 vaddr=3ffb0000 size=02410h (  9232) load[0m
[0;32mI (106) esp_image: segment 2: paddr=0001dc6c vaddr=40080000 size=023ach (  9132) load[0m
[0;32mI (110) esp_image: segment 3: paddr=00020020 vaddr=400d0020 size=1390ch ( 80140) map[0m
[0;32mI (141) esp_image: segment 4: paddr=00033934 vaddr=400823ac size=0b384h ( 45956) load[0m
[0;32mI (159) esp_image: segment 5: paddr=0003ecc0 vaddr=50000000 size=00020h (    32) load[0m
[0;32mI (166) boot: Loaded app from partition at offset 0x10000[0m
[0;32mI (166) boot: Disabling RNG early entropy source...[0m
[0;32mI (177) cpu_start: Multicore app[0m
[0;32mI (185) cpu_start: GPIO 3 and 1 are used as console UART I/O pins[0m
[0;32mI (186) cpu_start: Pro cpu start user code[0m
[0;32mI (186) cpu_start: cpu freq: 160000000 Hz[0m
[0;32mI (188) app_init: Application information:[0m
[0;32mI (191) app_init: Project name:     cazio[0m
[0;32mI (195) app_init: App version:      1[0m
[0;32mI (199) app_init: Compile time:     Feb  4 2026 21:04:03[0m
[0;32mI (204) app_init: ELF file SHA256:  a0f5cbb00...[0m
[0;32mI (208) app_init: ESP-IDF:          v5.5.2[0m
[0;32mI (212) efuse_init: Min chip rev:     v0.0[0m
[0;32mI (216) efuse_init: Max chip rev:     v3.99 [0m
[0;32mI (220) efuse_init: Chip rev:         v3.1[0m
[0;32mI (224) heap_init: Initializing. RAM available for dynamic allocation:[0m
[0;32mI (230) heap_init: At 3FFAE6E0 len 00001920 (6 KiB): DRAM[0m
[0;32mI (235) heap_init: At 3FFB3138 len 0002CEC8 (179 KiB): DRAM[0m
[0;32mI (240) heap_init: At 3FFE0440 len 00003AE0 (14 KiB): D/IRAM[0m
[0;32mI (245) heap_init: At 3FFE4350 len 0001BCB0 (111 KiB): D/IRAM[0m
[0;32mI (251) heap_init: At 4008D730 len 000128D0 (74 KiB): IRAM[0m
[0;33mW (257) spi_flash: Detected boya flash chip but using generic driver. For optimal functionality, enable `SPI_FLASH_SUPPORT_BOYA_CHIP` in menuconfig[0m
[0;32mI (269) spi_flash: detected chip: generic[0m
[0;32mI (273) spi_flash: flash io: dio[0m
[0;33mW (276) spi_flash: Detected size(4096k) larger than the size in the binary image header(2048k). Using the size in the binary image header.[0m
[0;32mI (289) main_task: Started on CPU0[0m
[0;32mI (299) main_task: Calling app_main()[0m
Probing SSD1306...
SSD1306 detected
[0;32mI (299) I: 00[0m
[0;32mI (339) I: 00[0m
[0;32mI (379) I: 00[0m
[0;32mI (419) I: 00[0m
[0;32mI (459) I: 00[0m
[0;32mI (499) I: 00[0m
[0;32mI (539) I: 00[0m
[0;32mI (579) I: 00[0m
[0;32mI (619) I: 00[0m
[0;32mI (659) I: 00[0m
[0;32mI (699) I: 00[0m
[0;32mI (739) I: 00[0m
[0;32mI (779) I: 00[0m
[0;32mI (819) I: 00[0m
[0;32mI (859) I: 00[0m
[0;32mI (899) I: 00[0m
[0;32mI (939) I: 00[0m
[0;32mI (979) I: 00[0m
[0;32mI (1019) I: 00[0m
[0;32mI (1059) I: 00[0m
[0;32mI (1099) I: 00[0m
[0;32mI (1139) I: 00[0m
[0;32mI (1179) I: 00[0m
[0;32mI (1219) I: 00[0m
[0;32mI (1259) I: 00[0m
[0;32mI (1299) I: 00[0m

abort() was called at PC 0x40082433 on core 0


Backtrace: 0x40085759:0x3ffb0ba0 0x40085721:0x3ffb0bc0 0x4008b921:0x3ffb0be0 0x40082433:0x3ffb0c50 0x40082571:0x3ffb0c80 0x400825ea:0x3ffb0ca0 0x400daf13:0x3ffb0cd0 0x400da575:0x3ffb0ff0 0x4008b793:0x3ffb1020 0x400d6848:0x3ffb1080 0x40083df4:0x3ffb10a0 0x400829f1:0x3ffb10d0 0x400840db:0x3ffb4a00 0x400e2a9f:0x3ffb4a20 0x4008712a:0x3ffb4a40 0x40086379:0x3ffb4a60




ELF file SHA256: a0f5cbb00

Rebooting...
ets Jul 29 2019 12:21:46

rst:0xc (SW_CPU_RESET),boot:0x13 (SPI_FAST_FLASH_BOOT)
configsip: 0, SPIWP:0xee
clk_drv:0x00,q_drv:0x00,d_drv:0x00,cs0_drv:0x00,hd_drv:0x00,wp_drv:0x00
mode:DIO, clock div:2
load:0x3fff0030,len:6384
load:0x40078000,len:15916
load:0x40080400,len:3920
entry 0x40080644
[0;32mI (27) boot: ESP-IDF v5.5.2 2nd stage bootloader[0m
[0;32mI (27) boot: compile time Jan 30 2026 17:17:10[0m
[0;32mI (27) boot: Multicore bootloader[0m
[0;32mI (29) boot: chip revision: v3.1[0m
[0;32mI (31) boot.esp32: SPI Speed      : 40MHz[0m
[0;32mI (35) boot.esp32: SPI Mode       : DIO[0m
[0;32mI (39) boot.esp32: SPI Flash Size : 2MB[0m
[0;32mI (42) boot: Enabling RNG early entropy source...[0m
[0;32mI (47) boot: Partition Table:[0m
[0;32mI (49) boot: ## Label            Usage          Type ST Offset   Length[0m
[0;32mI (56) boot:  0 nvs              WiFi data        01 02 00009000 00006000[0m
[0;32mI (62) boot:  1 phy_init         RF data          01 01 0000f000 00001000[0m
[0;32mI (69) boot:  2 factory          factory app      00 00 00010000 00100000[0m
[0;32mI (75) boot: End of partition table[0m
[0;32mI (79) esp_image: segment 0: paddr=00010020 vaddr=3f400020 size=0b82ch ( 47148) map[0m
[0;32mI (102) esp_image: segment 1: paddr=0001b854 vaddr=3ffb0000 size=02410h (  9232) load[0m
[0;32mI (106) esp_image: segment 2: paddr=0001dc6c vaddr=40080000 size=023ach (  9132) load[0m
[0;32mI (110) esp_image: segment 3: paddr=00020020 vaddr=400d0020 size=1390ch ( 80140) map[0m
[0;32mI (141) esp_image: segment 4: paddr=00033934 vaddr=400823ac size=0b384h ( 45956) load[0m
[0;32mI (159) esp_image: segment 5: paddr=0003ecc0 vaddr=50000000 size=00020h (    32) load[0m
[0;32mI (166) boot: Loaded app from partition at offset 0x10000[0m
[0;32mI (166) boot: Disabling RNG early entropy source...[0m
[0;32mI (177) cpu_start: Multicore app[0m
[0;32mI (185) cpu_start: GPIO 3 and 1 are used as console UART I/O pins[0m
[0;32mI (186) cpu_start: Pro cpu start user code[0m
[0;32mI (186) cpu_start: cpu freq: 160000000 Hz[0m
[0;32mI (188) app_init: Application information:[0m
[0;32mI (191) app_init: Project name:     cazio[0m
[0;32mI (195) app_init: App version:      1[0m
[0;32mI (199) app_init: Compile time:     Feb  4 2026 21:04:03[0m
[0;32mI (204) app_init: ELF file SHA256:  a0f5cbb00...[0m
[0;32mI (208) app_init: ESP-IDF:          v5.5.2[0m
[0;32mI (212) efuse_init: Min chip rev:     v0.0[0m
[0;32mI (216) efuse_init: Max chip rev:     v3.99 [0m
[0;32mI (220) efuse_init: Chip rev:         v3.1[0m
[0;32mI (224) heap_init: Initializing. RAM available for dynamic allocation:[0m
[0;32mI (230) heap_init: At 3FFAE6E0 len 00001920 (6 KiB): DRAM[0m
[0;32mI (235) heap_init: At 3FFB3138 len 0002CEC8 (179 KiB): DRAM[0m
[0;32mI (240) heap_init: At 3FFE0440 len 00003AE0 (14 KiB): D/IRAM[0m
[0;32mI (245) heap_init: At 3FFE4350 len 0001BCB0 (111 KiB): D/IRAM[0m
[0;32mI (251) heap_init: At 4008D730 len 000128D0 (74 KiB): IRAM[0m
[0;33mW (257) spi_flash: Detected boya flash chip but using generic driver. For optimal functionality, enable `SPI_FLASH_SUPPORT_BOYA_CHIP` in menuconfig[0m
[0;32mI (269) spi_flash: detected chip: generic[0m
[0;32mI (273) spi_flash: flash io: dio[0m
[0;33mW (276) spi_flash: Detected size(4096k) larger than the size in the binary image header(2048k). Using the size in the binary image header.[0m
[0;32mI (289) main_task: Started on CPU0[0m
[0;32mI (299) main_task: Calling app_main()[0m
Probing SSD1306...
[0;33mW (299) i2c.common: GPIO 21 is not usable, maybe conflict with others[0m
[0;33mW (299) i2c.common: GPIO 22 is not usable, maybe conflict with others[0m
[1;31mE (309) i2c.master: I2C hardware timeout detected[0m
[1;31mE (309) i2c.master: probe device timeout. Please check if xfer_timeout_ms and pull-ups are correctly set up[0m
SSD1306 NOT detected
Guru Meditation Error: Core  0 panic'ed (LoadProhibited). Exception was unhandled.

Core  0 register dump:
PC      : 0x400e1c58  PS      : 0x00060330  A0      : 0x800d6bec  A1      : 0x3ffb4240  
A2      : 0x00000004  A3      : 0x3ffb2efc  A4      : 0x00000002  A5      : 0x00000014  
A6      : 0x00000000  A7      : 0x3ffaea3c  A8      : 0x00000001  A9      : 0x3ffb4230  
A10     : 0x3ffb4250  A11     : 0x00000000  A12     : 0x3ffb2efc  A13     : 0x00000001  
A14     : 0x3f40a5d9  A15     : 0x00000010  SAR     : 0x00000004  EXCCAUSE: 0x0000001c  
EXCVADDR: 0x00000018  LBEG    : 0x4000c46c  LEND    : 0x4000c477  LCOUNT  : 0x00000000  


Backtrace: 0x400e1c55:0x3ffb4240 0x400d6be9:0x3ffb4370 0x400d6928:0x3ffb4390 0x400d69c9:0x3ffb43b0 0x400d6909:0x3ffb43d0 0x400e304d:0x3ffb4430 0x40086379:0x3ffb4460




ELF file SHA256: a0f5cbb00

Rebooting...
ets Jul 29 2019 12:21:46

rst:0xc (SW_CPU_RESET),boot:0x13 (SPI_FAST_FLASH_BOOT)
configsip: 0, SPIWP:0xee
clk_drv:0x00,q_drv:0x00,d_drv:0x00,cs0_drv:0x00,hd_drv:0x00,wp_drv:0x00
mode:DIO, clock div:2
load:0x3fff0030,len:6384
load:0x40078000,len:15916
load:0x40080400,len:3920
entry 0x40080644
[0;32mI (27) boot: ESP-IDF v5.5.2 2nd stage bootloader[0m
[0;32mI (27) boot: compile time Jan 30 2026 17:17:10[0m
[0;32mI (27) boot: Multicore bootloader[0m
[0;32mI (29) boot: chip revision: v3.1[0m
[0;32mI (31) boot.esp32: SPI Speed      : 40MHz[0m
[0;32mI (35) boot.esp32: SPI Mode       : DIO[0m
[0;32mI (39) boot.esp32: SPI Flash Size : 2MB[0m
[0;32mI (42) boot: Enabling RNG early entropy source...[0m
[0;32mI (47) boot: Partition Table:[0m
[0;32mI (49) boot: ## Label            Usage          Type ST Offset   Length[0m
[0;32mI (56) boot:  0 nvs              WiFi data        01 02 00009000 00006000[0m
[0;32mI (62) boot:  1 phy_init         RF data          01 01 0000f000 00001000[0m
[0;32mI (69) boot:  2 factory          factory app      00 00 00010000 00100000[0m
[0;32mI (75) boot: End of partition table[0m
[0;32mI (79) esp_image: segment 0: paddr=00010020 vaddr=3f400020 size=0b82ch ( 47148) map[0m
[0;32mI (102) esp_image: segment 1: paddr=0001b854 vaddr=3ffb0000 size=02410h (  9232) load[0m
[0;32mI (106) esp_image: segment 2: paddr=0001dc6c vaddr=40080000 size=023ach (  9132) load[0m
[0;32mI (110) esp_image: segment 3: paddr=00020020 vaddr=400d0020 size=1390ch ( 80140) map[0m
[0;32mI (141) esp_image: segment 4: paddr=00033934 vaddr=400823ac size=0b384h ( 45956) load[0m
[0;32mI (159) esp_image: segment 5: paddr=0003ecc0 vaddr=50000000 size=00020h (    32) load[0m
[0;32mI (166) boot: Loaded app from partition at offset 0x10000[0m
[0;32mI (166) boot: Disabling RNG early entropy source...[0m
[0;32mI (177) cpu_start: Multicore app[0m
[0;32mI (185) cpu_start: GPIO 3 and 1 are used as console UART I/O pins[0m
[0;32mI (186) cpu_start: Pro cpu start user code[0m
[0;32mI (186) cpu_start: cpu freq: 160000000 Hz[0m
[0;32mI (188) app_init: Application information:[0m
[0;32mI (191) app_init: Project name:     cazio[0m
[0;32mI (195) app_init: App version:      1[0m
[0;32mI (199) app_init: Compile time:     Feb  4 2026 21:04:03[0m
[0;32mI (204) app_init: ELF file SHA256:  a0f5cbb00...[0m
[0;32mI (208) app_init: ESP-IDF:          v5.5.2[0m
[0;32mI (212) efuse_init: Min chip rev:     v0.0[0m
[0;32mI (216) efuse_init: Max chip rev:     v3.99 [0m
[0;32mI (220) efuse_init: Chip rev:         v3.1[0m
[0;32mI (224) heap_init: Initializing. RAM available for dynamic allocation:[0m
[0;32mI (230) heap_init: At 3FFAE6E0 len 00001920 (6 KiB): DRAM[0m
[0;32mI (235) heap_init: At 3FFB3138 len 0002CEC8 (179 KiB): DRAM[0m
[0;32mI (240) heap_init: At 3FFE0440 len 00003AE0 (14 KiB): D/IRAM[0m
[0;32mI (245) heap_init: At 3FFE4350 len 0001BCB0 (111 KiB): D/IRAM[0m
[0;32mI (251) heap_init: At 4008D730 len 000128D0 (74 KiB): IRAM[0m
[0;33mW (257) spi_flash: Detected boya flash chip but using generic driver. For optimal functionality, enable `SPI_FLASH_SUPPORT_BOYA_CHIP` in menuconfig[0m
[0;32mI (269) spi_flash: detected chip: generic[0m
[0;32mI (273) spi_flash: flash io: dio[0m
[0;33mW (276) spi_flash: Detected size(4096k) larger than the size in the binary image header(2048k). Using the size in the binary image header.[0m
[0;32mI (289) main_task: Started on CPU0[0m
[0;32mI (299) main_task: Calling app_main()[0m
Probing SSD1306...
SSD1306 detected
[0;32mI (299) I: 00[0m
[0;32mI (339) I: 00[0m
[0;32mI (379) I: 00[0m
[0;32mI (419) I: 00[0m
[0;32mI (459) I: 00[0m
[0;32mI (499) I: 00[0m
[0;32mI (539) I: 00[0m
[0;32mI (579) I: 00[0m
[0;32mI (619) I: 00[0m
[0;32mI (659) I: 00[0m
[0;32mI (699) I: 00[0m
[0;32mI (739) I: 00[0m
[0;32mI (779) I: 00[0m
[0;32mI (819) I: 00[0m
[0;32mI (859) I: 00[0m
[0;32mI (899) I: 00[0m
[0;32mI (939) I: 00[0m
[0;32mI (979) I: 00[0m
[0;32mI (1019) I: 00[0m
[0;32mI (1059) I: 00[0m
[0;32mI (1099) I: 00[0m
[0;32mI (1139) I: 00[0m
[0;32mI (1179) I: 00[0m
[0;32mI (1219) I: 00[0m
[0;32mI (1259) I: 00[0m
[0;32mI (1299) I: 00[0m

abort() was called at PC 0x40082433 on core 0


Backtrace: 0x40085759:0x3ffb0ba0 0x40085721:0x3ffb0bc0 0x4008b921:0x3ffb0be0 0x40082433:0x3ffb0c50 0x40082571:0x3ffb0c80 0x400825ea:0x3ffb0ca0 0x400daf13:0x3ffb0cd0 0x400da575:0x3ffb0ff0 0x4008b793:0x3ffb1020 0x400d6848:0x3ffb1080 0x40083df4:0x3ffb10a0 0x400829f1:0x3ffb10d0 0x400840db:0x3ffb4a00 0x400e2a9f:0x3ffb4a20 0x4008712a:0x3ffb4a40 0x40086379:0x3ffb4a60




ELF file SHA256: a0f5cbb00

Rebooting...
ets Jul 29 2019 12:21:46

rst:0xc (SW_CPU_RESET),boot:0x13 (SPI_FAST_FLASH_BOOT)
configsip: 0, SPIWP:0xee
clk_drv:0x00,q_drv:0x00,d_drv:0x00,cs0_drv:0x00,hd_drv:0x00,wp_drv:0x00
mode:DIO, clock div:2
load:0x3fff0030,len:6384
load:0x40078000,len:15916
load:0x40080400,len:3920
entry 0x40080644
[0;32mI (27) boot: ESP-IDF v5.5.2 2nd stage bootloader[0m
[0;32mI (27) boot: compile time Jan 30 2026 17:17:10[0m
[0;32mI (27) boot: Multicore bootloader[0m
[0;32mI (29) boot: chip revision: v3.1[0m
[0;32mI (31) boot.esp32: SPI Speed      : 40MHz[0m
[0;32mI (35) boot.esp32: SPI Mode       : DIO[0m
[0;32mI (39) boot.esp32: SPI Flash Size : 2MB[0m
[0;32mI (42) boot: Enabling RNG early entropy source...[0m
[0;32mI (47) boot: Partition Table:[0m
[0;32mI (49) boot: ## Label            Usage          Type ST Offset   Length[0m
[0;32mI (56) boot:  0 nvs              WiFi data        01 02 00009000 00006000[0m
[0;32mI (62) boot:  1 phy_init         RF data          01 01 0000f000 00001000[0m
[0;32mI (69) boot:  2 factory          factory app      00 00 00010000 00100000[0m
[0;32mI (75) boot: End of partition table[0m
[0;32mI (79) esp_image: segment 0: paddr=00010020 vaddr=3f400020 size=0b82ch ( 47148) map[0m
[0;32mI (102) esp_image: segment 1: paddr=0001b854 vaddr=3ffb0000 size=02410h (  9232) load[0m
[0;32mI (106) esp_image: segment 2: paddr=0001dc6c vaddr=40080000 size=023ach (  9132) load[0m
[0;32mI (110) esp_image: segment 3: paddr=00020020 vaddr=400d0020 size=1390ch ( 80140) map[0m
[0;32mI (141) esp_image: segment 4: paddr=00033934 vaddr=400823ac size=0b384h ( 45956) load[0m
[0;32mI (159) esp_image: segment 5: paddr=0003ecc0 vaddr=50000000 size=00020h (    32) load[0m
[0;32mI (166) boot: Loaded app from partition at offset 0x10000[0m
[0;32mI (166) boot: Disabling RNG early entropy source...[0m
[0;32mI (177) cpu_start: Multicore app[0m
[0;32mI (185) cpu_start: GPIO 3 and 1 are used as console UART I/O pins[0m
[0;32mI (186) cpu_start: Pro cpu start user code[0m
[0;32mI (186) cpu_start: cpu freq: 160000000 Hz[0m
[0;32mI (188) app_init: Application information:[0m
[0;32mI (191) app_init: Project name:     cazio[0m
[0;32mI (195) app_init: App version:      1[0m
[0;32mI (199) app_init: Compile time:     Feb  4 2026 21:04:03[0m
[0;32mI (204) app_init: ELF file SHA256:  a0f5cbb00...[0m
[0;32mI (208) app_init: ESP-IDF:          v5.5.2[0m
[0;32mI (212) efuse_init: Min chip rev:     v0.0[0m
[0;32mI (216) efuse_init: Max chip rev:     v3.99 [0m
[0;32mI (220) efuse_init: Chip rev:         v3.1[0m
[0;32mI (224) heap_init: Initializing. RAM available for dynamic allocation:[0m
[0;32mI (230) heap_init: At 3FFAE6E0 len 00001920 (6 KiB): DRAM[0m
[0;32mI (235) heap_init: At 3FFB3138 len 0002CEC8 (179 KiB): DRAM[0m
[0;32mI (240) heap_init: At 3FFE0440 len 00003AE0 (14 KiB): D/IRAM[0m
[0;32mI (245) heap_init: At 3FFE4350 len 0001BCB0 (111 KiB): D/IRAM[0m
[0;32mI (251) heap_init: At 4008D730 len 000128D0 (74 KiB): IRAM[0m
[0;33mW (257) spi_flash: Detected boya flash chip but using generic driver. For optimal functionality, enable `SPI_FLASH_SUPPORT_BOYA_CHIP` in menuconfig[0m
[0;32mI (269) spi_flash: detected chip: generic[0m
[0;32mI (273) spi_flash: flash io: dio[0m
[0;33mW (276) spi_flash: Detected size(4096k) larger than the size in the binary image header(2048k). Using the size in the binary image header.[0m
[0;32mI (289) main_task: Started on CPU0[0m
[0;32mI (299) main_task: Calling app_main()[0m
Probing SSD1306...
[0;33mW (299) i2c.common: GPIO 21 is not usable, maybe conflict with others[0m
[0;33mW (299) i2c.common: GPIO 22 is not usable, maybe conflict with others[0m
[1;31mE (309) i2c.master: I2C hardware timeout detected[0m
[1;31mE (309) i2c.master: probe device timeout. Please check if xfer_timeout_ms and pull-ups are correctly set up[0m
SSD1306 NOT detected
Guru Meditation Error: Core  0 panic'ed (LoadProhibited). Exception was unhandled.

Core  0 register dump:
PC      : 0x400e1c58  PS      : 0x00060330  A0      : 0x800d6bec  A1      : 0x3ffb4240  
A2      : 0x00000004  A3      : 0x3ffb2efc  A4      : 0x00000002  A5      : 0x00000014  
A6      : 0x00000000  A7      : 0x3ffaea3c  A8      : 0x00000001  A9      : 0x3ffb4230  
A10     : 0x3ffb4250  A11     : 0x00000000  A12     : 0x3ffb2efc  A13     : 0x00000001  
A14     : 0x3f40a5d9  A15     : 0x00000010  SAR     : 0x00000004  EXCCAUSE: 0x0000001c  
EXCVADDR: 0x00000018  LBEG    : 0x4000c46c  LEND    : 0x4000c477  LCOUNT  : 0x00000000  


Backtrace: 0x400e1c55:0x3ffb4240 0x400d6be9:0x3ffb4370 0x400d6928:0x3ffb4390 0x400d69c9:0x3ffb43b0 0x400d6909:0x3ffb43d0 0x400e304d:0x3ffb4430 0x40086379:0x3ffb4460




ELF file SHA256: a0f5cbb00

Rebooting...
ets Jul 29 2019 12:21:46

rst:0xc (SW_CPU_RESET),boot:0x13 (SPI_FAST_FLASH_BOOT)
configsip: 0, SPIWP:0xee
clk_drv:0x00,q_drv:0x00,d_drv:0x00,cs0_drv:0x00,hd_drv:0x00,wp_drv:0x00
mode:DIO, clock div:2
load:0x3fff0030,len:6384
load:0x40078000,len:15916
load:0x40080400,len:3920
entry 0x40080644
[0;32mI (27) boot: ESP-IDF v5.5.2 2nd stage bootloader[0m
[0;32mI (27) boot: compile time Jan 30 2026 17:17:10[0m
[0;32mI (27) boot: Multicore bootloader[0m
[0;32mI (29) boot: chip revision: v3.1[0m
[0;32mI (31) boot.esp32: SPI Speed      : 40MHz[0m
[0;32mI (35) boot.esp32: SPI Mode       : DIO[0m
[0;32mI (39) boot.esp32: SPI Flash Size : 2MB[0m
[0;32mI (42) boot: Enabling RNG early entropy source...[0m
[0;32mI (47) boot: Partition Table:[0m
[0;32mI (49) boot: ## Label            Usage          Type ST Offset   Length[0m
[0;32mI (56) boot:  0 nvs              WiFi data        01 02 00009000 00006000[0m
[0;32mI (62) boot:  1 phy_init         RF data          01 01 0000f000 00001000[0m
[0;32mI (69) boot:  2 factory          factory app      00 00 00010000 00100000[0m
[0;32mI (75) boot: End of partition table[0m
[0;32mI (79) esp_image: segment 0: paddr=00010020 vaddr=3f400020 size=0b82ch ( 47148) map[0m
[0;32mI (102) esp_image: segment 1: paddr=0001b854 vaddr=3ffb0000 size=02410h (  9232) load[0m
[0;32mI (106) esp_image: segment 2: paddr=0001dc6c vaddr=40080000 size=023ach (  9132) load[0m
[0;32mI (110) esp_image: segment 3: paddr=00020020 vaddr=400d0020 size=1390ch ( 80140) map[0m
[0;32mI (141) esp_image: segment 4: paddr=00033934 vaddr=400823ac size=0b384h ( 45956) load[0m
[0;32mI (159) esp_image: segment 5: paddr=0003ecc0 vaddr=50000000 size=00020h (    32) load[0m
[0;32mI (166) boot: Loaded app from partition at offset 0x10000[0m
[0;32mI (166) boot: Disabling RNG early entropy source...[0m
[0;32mI (177) cpu_start: Multicore app[0m
[0;32mI (185) cpu_start: GPIO 3 and 1 are used as console UART I/O pins[0m
[0;32mI (186) cpu_start: Pro cpu start user code[0m
[0;32mI (186) cpu_start: cpu freq: 160000000 Hz[0m
[0;32mI (188) app_init: Application information:[0m
[0;32mI (191) app_init: Project name:     cazio[0m
[0;32mI (195) app_init: App version:      1[0m
[0;32mI (198) app_init: Compile time:     Feb  4 2026 21:04:03[0m
[0;32mI (204) app_init: ELF file SHA256:  a0f5cbb00...[0m
[0;32mI (208) app_init: ESP-IDF:          v5.5.2[0m
[0;32mI (212) efuse_init: Min chip rev:     v0.0[0m
[0;32mI (216) efuse_init: Max chip rev:     v3.99 [0m
[0;32mI (220) efuse_init: Chip rev:         v3.1[0m
[0;32mI (224) heap_init: Initializing. RAM available for dynamic allocation:[0m
[0;32mI (230) heap_init: At 3FFAE6E0 len 00001920 (6 KiB): DRAM[0m
[0;32mI (235) heap_init: At 3FFB3138 len 0002CEC8 (179 KiB): DRAM[0m
[0;32mI (240) heap_init: At 3FFE0440 len 00003AE0 (14 KiB): D/IRAM[0m
[0;32mI (245) heap_init: At 3FFE4350 len 0001BCB0 (111 KiB): D/IRAM[0m
[0;32mI (251) heap_init: At 4008D730 len 000128D0 (74 KiB): IRAM[0m
[0;33mW (257) spi_flash: Detected boya flash chip but using generic driver. For optimal functionality, enable `SPI_FLASH_SUPPORT_BOYA_CHIP` in menuconfig[0m
[0;32mI (269) spi_flash: detected chip: generic[0m
[0;32mI (273) spi_flash: flash io: dio[0m
[0;33mW (276) spi_flash: Detected size(4096k) larger than the size in the binary image header(2048k). Using the size in the binary image header.[0m
[0;32mI (288) main_task: Started on CPU0[0m
[0;32mI (298) main_task: Calling app_main()[0m
Probing SSD1306...
SSD1306 detected
[0;32mI (298) I: 00[0m
[0;32mI (338) I: 00[0m
[0;32mI (378) I: 00[0m
[0;32mI (418) I: 00[0m
[0;32mI (458) I: 00[0m
[0;32mI (498) I: 00[0m
[0;32mI (538) I: 00[0m
[0;32mI (578) I: 00[0m
[0;32mI (618) I: 00[0m
[0;32mI (658) I: 00[0m
[0;32mI (698) I: 00[0m
[0;32mI (738) I: 00[0m
[0;32mI (778) I: 00[0m
[0;32mI (818) I: 00[0m
[0;32mI (858) I: 00[0m
[0;32mI (898) I: 00[0m
[0;32mI (938) I: 00[0m
[0;32mI (978) I: 00[0m
[0;32mI (1018) I: 00[0m
[0;32mI (1058) I: 00[0m
[0;32mI (1098) I: 00[0m
[0;32mI (1138) I: 00[0m
[0;32mI (1178) I: 00[0m
[0;32mI (1218) I: 00[0m
[0;32mI (1258) I: 00[0m
[0;32mI (1298) I: 00[0m

abort() was called at PC 0x40082433 on core 0


Backtrace: 0x40085759:0x3ffb0ba0 0x40085721:0x3ffb0bc0 0x4008b921:0x3ffb0be0 0x40082433:0x3ffb0c50 0x40082571:0x3ffb0c80 0x400825ea:0x3ffb0ca0 0x400daf13:0x3ffb0cd0 0x400da575:0x3ffb0ff0 0x4008b793:0x3ffb1020 0x400d6848:0x3ffb1080 0x40083df4:0x3ffb10a0 0x400829f1:0x3ffb10d0 0x400840db:0x3ffb4a00 0x400e2a9f:0x3ffb4a20 0x4008712a:0x3ffb4a40 0x40086379:0x3ffb4a60




ELF file SHA256: a0f5cbb00

Rebooting...
ets Jul 29 2019 12:21:46

rst:0xc (SW_CPU_RESET),boot:0x13 (SPI_FAST_FLASH_BOOT)
configsip: 0, SPIWP:0xee
clk_drv:0x00,q_drv:0x00,d_drv:0x00,cs0_drv:0x00,hd_drv:0x00,wp_drv:0x00
mode:DIO, clock div:2
load:0x3fff0030,len:6384
load:0x40078000,len:15916
load:0x40080400,len:3920
entry 0x40080644
[0;32mI (27) boot: ESP-IDF v5.5.2 2nd stage bootloader[0m
[0;32mI (27) boot: compile time Jan 30 2026 17:17:10[0m
[0;32mI (27) boot: Multicore bootloader[0m
[0;32mI (29) boot: chip revision: v3.1[0m
[0;32mI (31) boot.esp32: SPI Speed      : 40MHz[0m
[0;32mI (35) boot.esp32: SPI Mode       : DIO[0m
[0;32mI (39) boot.esp32: SPI Flash Size : 2MB[0m
[0;32mI (42) boot: Enabling RNG early entropy source...[0m
[0;32mI (47) boot: Partition Table:[0m
[0;32mI (49) boot: ## Label            Usage          Type ST Offset   Length[0m
[0;32mI (56) boot:  0 nvs              WiFi data        01 02 00009000 00006000[0m
[0;32mI (62) boot:  1 phy_init         RF data          01 01 0000f000 00001000[0m
[0;32mI (69) boot:  2 factory          factory app      00 00 00010000 00100000[0m
[0;32mI (75) boot: End of partition table[0m
[0;32mI (79) esp_image: segment 0: paddr=00010020 vaddr=3f400020 size=0b82ch ( 47148) map[0m
[0;32mI (102) esp_image: segment 1: paddr=0001b854 vaddr=3ffb0000 size=02410h (  9232) load[0m
[0;32mI (106) esp_image: segment 2: paddr=0001dc6c vaddr=40080000 size=023ach (  9132) load[0m
[0;32mI (110) esp_image: segment 3: paddr=00020020 vaddr=400d0020 size=1390ch ( 80140) map[0m
[0;32mI (141) esp_image: segment 4: paddr=00033934 vaddr=400823ac size=0b384h ( 45956) load[0m
[0;32mI (159) esp_image: segment 5: paddr=0003ecc0 vaddr=50000000 size=00020h (    32) load[0m
[0;32mI (166) boot: Loaded app from partition at offset 0x10000[0m
[0;32mI (166) boot: Disabling RNG early entropy source...[0m
[0;32mI (177) cpu_start: Multicore app[0m
[0;32mI (185) cpu_start: GPIO 3 and 1 are used as console UART I/O pins[0m
[0;32mI (186) cpu_start: Pro cpu start user code[0m
[0;32mI (186) cpu_start: cpu freq: 160000000 Hz[0m
[0;32mI (188) app_init: Application information:[0m
[0;32mI (191) app_init: Project name:     cazio[0m
[0;32mI (195) app_init: App version:      1[0m
[0;32mI (198) app_init: Compile time:     Feb  4 2026 21:04:03[0m
[0;32mI (204) app_init: ELF file SHA256:  a0f5cbb00...[0m
[0;32mI (208) app_init: ESP-IDF:          v5.5.2[0m
[0;32mI (212) efuse_init: Min chip rev:     v0.0[0m
[0;32mI (216) efuse_init: Max chip rev:     v3.99 [0m
[0;32mI (220) efuse_init: Chip rev:         v3.1[0m
[0;32mI (224) heap_init: Initializing. RAM available for dynamic allocation:[0m
[0;32mI (230) heap_init: At 3FFAE6E0 len 00001920 (6 KiB): DRAM[0m
[0;32mI (235) heap_init: At 3FFB3138 len 0002CEC8 (179 KiB): DRAM[0m
[0;32mI (240) heap_init: At 3FFE0440 len 00003AE0 (14 KiB): D/IRAM[0m
[0;32mI (245) heap_init: At 3FFE4350 len 0001BCB0 (111 KiB): D/IRAM[0m
[0;32mI (251) heap_init: At 4008D730 len 000128D0 (74 KiB): IRAM[0m
[0;33mW (257) spi_flash: Detected boya flash chip but using generic driver. For optimal functionality, enable `SPI_FLASH_SUPPORT_BOYA_CHIP` in menuconfig[0m
[0;32mI (269) spi_flash: detected chip: generic[0m
[0;32mI (273) spi_flash: flash io: dio[0m
[0;33mW (276) spi_flash: Detected size(4096k) larger than the size in the binary image header(2048k). Using the size in the binary image header.[0m
[0;32mI (288) main_task: Started on CPU0[0m
[0;32mI (298) main_task: Calling app_main()[0m
Probing SSD1306...
[0;33mW (298) i2c.common: GPIO 21 is not usable, maybe conflict with others[0m
[0;33mW (298) i2c.common: GPIO 22 is not usable, maybe conflict with others[0m
[1;31mE (308) i2c.master: I2C hardware timeout detected[0m
[1;31mE (308) i2c.master: probe device timeout. Please check if xfer_timeout_ms and pull-ups are correctly set up[0m
SSD1306 NOT detected
Guru Meditation Error: Core  0 panic'ed (LoadProhibited). Exception was unhandled.

Core  0 register dump:
PC      : 0x400e1c58  PS      : 0x00060330  A0      : 0x800d6bec  A1      : 0x3ffb4240  
A2      : 0x00000004  A3      : 0x3ffb2efc  A4      : 0x00000002  A5      : 0x00000014  
A6      : 0x00000000  A7      : 0x3ffaea3c  A8      : 0x00000001  A9      : 0x3ffb4230  
A10     : 0x3ffb4250  A11     : 0x00000000  A12     : 0x3ffb2efc  A13     : 0x00000001  
A14     : 0x3f40a5d9  A15     : 0x00000010  SAR     : 0x00000004  EXCCAUSE: 0x0000001c  
EXCVADDR: 0x00000018  LBEG    : 0x4000c46c  LEND    : 0x4000c477  LCOUNT  : 0x00000000  


Backtrace: 0x400e1c55:0x3ffb4240 0x400d6be9:0x3ffb4370 0x400d6928:0x3ffb4390 0x400d69c9:0x3ffb43b0 0x400d6909:0x3ffb43d0 0x400e304d:0x3ffb4430 0x40086379:0x3ffb4460




ELF file SHA256: a0f5cbb00

Rebooting...
ets Jul 29 2019 12:21:46

rst:0xc (SW_CPU_RESET),boot:0x13 (SPI_FAST_FLASH_BOOT)
configsip: 0, SPIWP:0xee
clk_drv:0x00,q_drv:0x00,d_drv:0x00,cs0_drv:0x00,hd_drv:0x00,wp_drv:0x00
mode:DIO, clock div:2
load:0x3fff0030,len:6384
load:0x40078000,len:15916
load:0x40080400,len:3920
entry 0x40080644
[0;32mI (27) boot: ESP-IDF v5.5.2 2nd stage bootloader[0m
[0;32mI (27) boot: compile time Jan 30 2026 17:17:10[0m
[0;32mI (27) boot: Multicore bootloader[0m
[0;32mI (29) boot: chip revision: v3.1[0m
[0;32mI (31) boot.esp32: SPI Speed      : 40MHz[0m
[0;32mI (35) boot.esp32: SPI Mode       : DIO[0m
[0;32mI (39) boot.esp32: SPI Flash Size : 2MB[0m
[0;32mI (42) boot: Enabling RNG early entropy source...[0m
[0;32mI (47) boot: Partition Table:[0m
[0;32mI (49) boot: ## Label            Usage          Type ST Offset   Length[0m
[0;32mI (56) boot:  0 nvs              WiFi data        01 02 00009000 00006000[0m
[0;32mI (62) boot:  1 phy_init         RF data          01 01 0000f000 00001000[0m
[0;32mI (69) boot:  2 factory          factory app      00 00 00010000 00100000[0m
[0;32mI (75) boot: End of partition table[0m
[0;32mI (79) esp_image: segment 0: paddr=00010020 vaddr=3f400020 size=0b82ch ( 47148) map[0m
[0;32mI (102) esp_image: segment 1: paddr=0001b854 vaddr=3ffb0000 size=02410h (  9232) load[0m
[0;32mI (106) esp_image: segment 2: paddr=0001dc6c vaddr=40080000 size=023ach (  9132) load[0m
[0;32mI (110) esp_image: segment 3: paddr=00020020 vaddr=400d0020 size=1390ch ( 80140) map[0m
[0;32mI (141) esp_image: segment 4: paddr=00033934 vaddr=400823ac size=0b384h ( 45956) load[0m
[0;32mI (159) esp_image: segment 5: paddr=0003ecc0 vaddr=50000000 size=00020h (    32) load[0m
[0;32mI (166) boot: Loaded app from partition at offset 0x10000[0m
[0;32mI (166) boot: Disabling RNG early entropy source...[0m
[0;32mI (177) cpu_start: Multicore app[0m
[0;32mI (185) cpu_start: GPIO 3 and 1 are used as console UART I/O pins[0m
[0;32mI (186) cpu_start: Pro cpu start user code[0m
[0;32mI (186) cpu_start: cpu freq: 160000000 Hz[0m
[0;32mI (188) app_init: Application information:[0m
[0;32mI (191) app_init: Project name:     cazio[0m
[0;32mI (195) app_init: App version:      1[0m
[0;32mI (199) app_init: Compile time:     Feb  4 2026 21:04:03[0m
[0;32mI (204) app_init: ELF file SHA256:  a0f5cbb00...[0m
[0;32mI (208) app_init: ESP-IDF:          v5.5.2[0m
[0;32mI (212) efuse_init: Min chip rev:     v0.0[0m
[0;32mI (216) efuse_init: Max chip rev:     v3.99 [0m
[0;32mI (220) efuse_init: Chip rev:         v3.1[0m
[0;32mI (224) heap_init: Initializing. RAM available for dynamic allocation:[0m
[0;32mI (230) heap_init: At 3FFAE6E0 len 00001920 (6 KiB): DRAM[0m
[0;32mI (235) heap_init: At 3FFB3138 len 0002CEC8 (179 KiB): DRAM[0m
[0;32mI (240) heap_init: At 3FFE0440 len 00003AE0 (14 KiB): D/IRAM[0m
[0;32mI (245) heap_init: At 3FFE4350 len 0001BCB0 (111 KiB): D/IRAM[0m
[0;32mI (251) heap_init: At 4008D730 len 000128D0 (74 KiB): IRAM[0m
[0;33mW (257) spi_flash: Detected boya flash chip but using generic driver. For optimal functionality, enable `SPI_FLASH_SUPPORT_BOYA_CHIP` in menuconfig[0m
[0;32mI (269) spi_flash: detected chip: generic[0m
[0;32mI (273) spi_flash: flash io: dio[0m
[0;33mW (276) spi_flash: Detected size(4096k) larger than the size in the binary image header(2048k). Using the size in the binary image header.[0m
[0;32mI (289) main_task: Started on CPU0[0m
[0;32mI (299) main_task: Calling app_main()[0m
Probing SSD1306...
SSD1306 detected
[0;32mI (299) I: 00[0m
[0;32mI (339) I: 00[0m
[0;32mI (379) I: 00[0m
[0;32mI (419) I: 00[0m
[0;32mI (459) I: 00[0m
[0;32mI (499) I: 00[0m
[0;32mI (539) I: 00[0m
[0;32mI (579) I: 00[0m
[0;32mI (619) I: 00[0m
[0;32mI (659) I: 00[0m
[0;32mI (699) I: 00[0m
[0;32mI (739) I: 00[0m
[0;32mI (779) I: 00[0m
[0;32mI (819) I: 00[0m
[0;32mI (859) I: 00[0m
[0;32mI (899) I: 00[0m
[0;32mI (939) I: 00[0m
[0;32mI (979) I: 00[0m
[0;32mI (1019) I: 00[0m
[0;32mI (1059) I: 00[0m
[0;32mI (1099) I: 00[0m
[0;32mI (1139) I: 00[0m
[0;32mI (1179) I: 00[0m
[0;32mI (1219) I: 00[0m
[0;32mI (1259) I: 00[0m
[0;32mI (1299) I: 00[0m

abort() was called at PC 0x40082433 on core 0


Backtrace: 0x40085759:0x3ffb0ba0 0x40085721:0x3ffb0bc0 0x4008b921:0x3ffb0be0 0x40082433:0x3ffb0c50 0x40082571:0x3ffb0c80 0x400825ea:0x3ffb0ca0 0x400daf13:0x3ffb0cd0 0x400da575:0x3ffb0ff0 0x4008b793:0x3ffb1020 0x400d6848:0x3ffb1080 0x40083df4:0x3ffb10a0 0x400829f1:0x3ffb10d0 0x400840db:0x3ffb4a00 0x400e2a9f:0x3ffb4a20 0x4008712a:0x3ffb4a40 0x40086379:0x3ffb4a60




ELF file SHA256: a0f5cbb00

Rebooting...
ets Jul 29 2019 12:21:46

rst:0xc (SW_CPU_RESET),boot:0x13 (SPI_FAST_FLASH_BOOT)
configsip: 0, SPIWP:0xee
clk_drv:0x00,q_drv:0x00,d_drv:0x00,cs0_drv:0x00,hd_drv:0x00,wp_drv:0x00
mode:DIO, clock div:2
load:0x3fff0030,len:6384
load:0x40078000,len:15916
load:0x40080400,len:3920
entry 0x40080644
[0;32mI (27) boot: ESP-IDF v5.5.2 2nd stage bootloader[0m
[0;32mI (27) boot: compile time Jan 30 2026 17:17:10[0m
[0;32mI (27) boot: Multicore bootloader[0m
[0;32mI (29) boot: chip revision: v3.1[0m
[0;32mI (31) boot.esp32: SPI Speed      : 40MHz[0m
[0;32mI (35) boot.esp32: SPI Mode       : DIO[0m
[0;32mI (39) boot.esp32: SPI Flash Size : 2MB[0m
[0;32mI (42) boot: Enabling RNG early entropy source...[0m
[0;32mI (47) boot: Partition Table:[0m
[0;32mI (49) boot: ## Label            Usage          Type ST Offset   Length[0m
[0;32mI (56) boot:  0 nvs              WiFi data        01 02 00009000 00006000[0m
[0;32mI (62) boot:  1 phy_init         RF data          01 01 0000f000 00001000[0m
[0;32mI (69) boot:  2 factory          factory app      00 00 00010000 00100000[0m
[0;32mI (75) boot: End of partition table[0m
[0;32mI (79) esp_image: segment 0: paddr=00010020 vaddr=3f400020 size=0b82ch ( 47148) map[0m
[0;32mI (102) esp_image: segment 1: paddr=0001b854 vaddr=3ffb0000 size=02410h (  9232) load[0m
[0;32mI (106) esp_image: segment 2: paddr=0001dc6c vaddr=40080000 size=023ach (  9132) load[0m
[0;32mI (110) esp_image: segment 3: paddr=00020020 vaddr=400d0020 size=1390ch ( 80140) map[0m
[0;32mI (141) esp_image: segment 4: paddr=00033934 vaddr=400823ac size=0b384h ( 45956) load[0m
[0;32mI (159) esp_image: segment 5: paddr=0003ecc0 vaddr=50000000 size=00020h (    32) load[0m
[0;32mI (166) boot: Loaded app from partition at offset 0x10000[0m
[0;32mI (166) boot: Disabling RNG early entropy source...[0m
[0;32mI (177) cpu_start: Multicore app[0m
[0;32mI (185) cpu_start: GPIO 3 and 1 are used as console UART I/O pins[0m
[0;32mI (186) cpu_start: Pro cpu start user code[0m
[0;32mI (186) cpu_start: cpu freq: 160000000 Hz[0m
[0;32mI (188) app_init: Application information:[0m
[0;32mI (191) app_init: Project name:     cazio[0m
[0;32mI (195) app_init: App version:      1[0m
[0;32mI (199) app_init: Compile time:     Feb  4 2026 21:04:03[0m
[0;32mI (204) app_init: ELF file SHA256:  a0f5cbb00...[0m
[0;32mI (208) app_init: ESP-IDF:          v5.5.2[0m
[0;32mI (212) efuse_init: Min chip rev:     v0.0[0m
[0;32mI (216) efuse_init: Max chip rev:     v3.99 [0m
[0;32mI (220) efuse_init: Chip rev:         v3.1[0m
[0;32mI (224) heap_init: Initializing. RAM available for dynamic allocation:[0m
[0;32mI (230) heap_init: At 3FFAE6E0 len 00001920 (6 KiB): DRAM[0m
[0;32mI (235) heap_init: At 3FFB3138 len 0002CEC8 (179 KiB): DRAM[0m
[0;32mI (240) heap_init: At 3FFE0440 len 00003AE0 (14 KiB): D/IRAM[0m
[0;32mI (245) heap_init: At 3FFE4350 len 0001BCB0 (111 KiB): D/IRAM[0m
[0;32mI (251) heap_init: At 4008D730 len 000128D0 (74 KiB): IRAM[0m
[0;33mW (257) spi_flash: Detected boya flash chip but using generic driver. For optimal functionality, enable `SPI_FLASH_SUPPORT_BOYA_CHIP` in menuconfig[0m
[0;32mI (269) spi_flash: detected chip: generic[0m
[0;32mI (273) spi_flash: flash io: dio[0m
[0;33mW (276) spi_flash: Detected size(4096k) larger than the size in the binary image header(2048k). Using the size in the binary image header.[0m
[0;32mI (289) main_task: Started on CPU0[0m
[0;32mI (299) main_task: Calling app_main()[0m
Probing SSD1306...
[0;33mW (299) i2c.common: GPIO 21 is not usable, maybe conflict with others[0m
[0;33mW (299) i2c.common: GPIO 22 is not usable, maybe conflict with others[0m
[1;31mE (309) i2c.master: I2C hardware timeout detected[0m
[1;31mE (309) i2c.master: probe device timeout. Please check if xfer_timeout_ms and pull-ups are correctly set up[0m
SSD1306 NOT detected
Guru Meditation Error: Core  0 panic'ed (LoadProhibited). Exception was unhandled.

Core  0 register dump:
PC      : 0x400e1c58  PS      : 0x00060330  A0      : 0x800d6bec  A1      : 0x3ffb4240  
A2      : 0x00000004  A3      : 0x3ffb2efc  A4      : 0x00000002  A5      : 0x00000014  
A6      : 0x00000000  A7      : 0x3ffaea3c  A8      : 0x00000001  A9      : 0x3ffb4230  
A10     : 0x3ffb4250  A11     : 0x00000000  A12     : 0x3ffb2efc  A13     : 0x00000001  
A14     : 0x3f40a5d9  A15     : 0x00000010  SAR     : 0x00000004  EXCCAUSE: 0x0000001c  
EXCVADDR: 0x00000018  LBEG    : 0x4000c46c  LEND    : 0x4000c477  LCOUNT  : 0x00000000  


Backtrace: 0x400e1c55:0x3ffb4240 0x400d6be9:0x3ffb4370 0x400d6928:0x3ffb4390 0x400d69c9:0x3ffb43b0 0x400d6909:0x3ffb43d0 0x400e304d:0x3ffb4430 0x40086379:0x3ffb4460




ELF file SHA256: a0f5cbb00

Rebooting...
ets Jul 29 2019 12:21:46

rst:0xc (SW_CPU_RESET),boot:0x13 (SPI_FAST_FLASH_BOOT)
configsip: 0, SPIWP:0xee
clk_drv:0x00,q_drv:0x00,d_drv:0x00,cs0_drv:0x00,hd_drv:0x00,wp_drv:0x00
mode:DIO, clock div:2
load:0x3fff0030,len:6384
load:0x40078000,len:15916
load:0x40080400,len:3920
entry 0x40080644
[0;32mI (27) boot: ESP-IDF v5.5.2 2nd stage bootloader[0m
[0;32mI (27) boot: compile time Jan 30 2026 17:17:10[0m
[0;32mI (27) boot: Multicore bootloader[0m
[0;32mI (29) boot: chip revision: v3.1[0m
[0;32mI (31) boot.esp32: SPI Speed      : 40MHz[0m
[0;32mI (35) boot.esp32: SPI Mode       : DIO[0m
[0;32mI (39) boot.esp32: SPI Flash Size : 2MB[0m
[0;32mI (42) boot: Enabling RNG early entropy source...[0m
[0;32mI (47) boot: Partition Table:[0m
[0;32mI (49) boot: ## Label            Usage          Type ST Offset   Length[0m
[0;32mI (56) boot:  0 nvs              WiFi data        01 02 00009000 00006000[0m
[0;32mI (62) boot:  1 phy_init         RF data          01 01 0000f000 00001000[0m
[0;32mI (69) boot:  2 factory          factory app      00 00 00010000 00100000[0m
[0;32mI (75) boot: End of partition table[0m
[0;32mI (79) esp_image: segment 0: paddr=00010020 vaddr=3f400020 size=0b82ch ( 47148) map[0m
[0;32mI (102) esp_image: segment 1: paddr=0001b854 vaddr=3ffb0000 size=02410h (  9232) load[0m
[0;32mI (106) esp_image: segment 2: paddr=0001dc6c vaddr=40080000 size=023ach (  9132) load[0m
[0;32mI (110) esp_image: segment 3: paddr=00020020 vaddr=400d0020 size=1390ch ( 80140) map[0m
[0;32mI (141) esp_image: segment 4: paddr=00033934 vaddr=400823ac size=0b384h ( 45956) load[0m
[0;32mI (159) esp_image: segment 5: paddr=0003ecc0 vaddr=50000000 size=00020h (    32) load[0m
[0;32mI (166) boot: Loaded app from partition at offset 0x10000[0m
[0;32mI (166) boot: Disabling RNG early entropy source...[0m
[0;32mI (177) cpu_start: Multicore app[0m
[0;32mI (185) cpu_start: GPIO 3 and 1 are used as console UART I/O pins[0m
[0;32mI (186) cpu_start: Pro cpu start user code[0m
[0;32mI (186) cpu_start: cpu freq: 160000000 Hz[0m
[0;32mI (188) app_init: Application information:[0m
[0;32mI (191) app_init: Project name:     cazio[0m
[0;32mI (195) app_init: App version:      1[0m
[0;32mI (199) app_init: Compile time:     Feb  4 2026 21:04:03[0m
[0;32mI (204) app_init: ELF file SHA256:  a0f5cbb00...[0m
[0;32mI (208) app_init: ESP-IDF:          v5.5.2[0m
[0;32mI (212) efuse_init: Min chip rev:     v0.0[0m
[0;32mI (216) efuse_init: Max chip rev:     v3.99 [0m
[0;32mI (220) efuse_init: Chip rev:         v3.1[0m
[0;32mI (224) heap_init: Initializing. RAM available for dynamic allocation:[0m
[0;32mI (230) heap_init: At 3FFAE6E0 len 00001920 (6 KiB): DRAM[0m
[0;32mI (235) heap_init: At 3FFB3138 len 0002CEC8 (179 KiB): DRAM[0m
[0;32mI (240) heap_init: At 3FFE0440 len 00003AE0 (14 KiB): D/IRAM[0m
[0;32mI (245) heap_init: At 3FFE4350 len 0001BCB0 (111 KiB): D/IRAM[0m
[0;32mI (251) heap_init: At 4008D730 len 000128D0 (74 KiB): IRAM[0m
[0;33mW (257) spi_flash: Detected boya flash chip but using generic driver. For optimal functionality, enable `SPI_FLASH_SUPPORT_BOYA_CHIP` in menuconfig[0m
[0;32mI (269) spi_flash: detected chip: generic[0m
[0;32mI (273) spi_flash: flash io: dio[0m
[0;33mW (276) spi_flash: Detected size(4096k) larger than the size in the binary image header(2048k). Using the size in the binary image header.[0m
[0;32mI (289) main_task: Started on CPU0[0m
[0;32mI (299) main_task: Calling app_main()[0m
Probing SSD1306...
SSD1306 detected
[0;32mI (299) I: 00[0m
[0;32mI (339) I: 00[0m
[0;32mI (379) I: 00[0m
[0;32mI (419) I: 00[0m
[0;32mI (459) I: 00[0m
[0;32mI (499) I: 00[0m
[0;32mI (539) I: 00[0m
[0;32mI (579) I: 00[0m
[0;32mI (619) I: 00[0m
[0;32mI (659) I: 00[0m
[0;32mI (699) I: 00[0m
[0;32mI (739) I: 00[0m
[0;32mI (779) I: 00[0m
[0;32mI (819) I: 00[0m
[0;32mI (859) I: 00[0m
[0;32mI (899) I: 00[0m
[0;32mI (939) I: 00[0m
[0;32mI (979) I: 00[0m
[0;32mI (1019) I: 00[0m
[0;32mI (1059) I: 00[0m
[0;32mI (1099) I: 00[0m
[0;32mI (1139) I: 00[0m
[0;32mI (1179) I: 00[0m
[0;32mI (1219) I: 00[0m
[0;32mI (1259) I: 00[0m
[0;32mI (1299) I: 00[0m

abort() was called at PC 0x40082433 on core 0


Backtrace: 0x40085759:0x3ffb0ba0 0x40085721:0x3ffb0bc0 0x4008b921:0x3ffb0be0 0x40082433:0x3ffb0c50 0x40082571:0x3ffb0c80 0x400825ea:0x3ffb0ca0 0x400daf13:0x3ffb0cd0 0x400da575:0x3ffb0ff0 0x4008b793:0x3ffb1020 0x400d6848:0x3ffb1080 0x40083df4:0x3ffb10a0 0x400829f1:0x3ffb10d0 0x400840db:0x3ffb4a00 0x400e2a9f:0x3ffb4a20 0x4008712a:0x3ffb4a40 0x40086379:0x3ffb4a60




ELF file SHA256: a0f5cbb00

Rebooting...
ets Jul 29 2019 12:21:46

rst:0xc (SW_CPU_RESET),boot:0x13 (SPI_FAST_FLASH_BOOT)
configsip: 0, SPIWP:0xee
clk_drv:0x00,q_drv:0x00,d_drv:0x00,cs0_drv:0x00,hd_drv:0x00,wp_drv:0x00
mode:DIO, clock div:2
load:0x3fff0030,len:6384
load:0x40078000,len:15916
load:0x40080400,len:3920
entry 0x40080644
[0;32mI (27) boot: ESP-IDF v5.5.2 2nd stage bootloader[0m
[0;32mI (27) boot: compile time Jan 30 2026 17:17:10[0m
[0;32mI (27) boot: Multicore bootloader[0m
[0;32mI (29) boot: chip revision: v3.1[0m
[0;32mI (31) boot.esp32: SPI Speed      : 40MHz[0m
[0;32mI (35) boot.esp32: SPI Mode       : DIO[0m
[0;32mI (39) boot.esp32: SPI Flash Size : 2MB[0m
[0;32mI (42) boot: Enabling RNG early entropy source...[0m
[0;32mI (47) boot: Partition Table:[0m
[0;32mI (49) boot: ## Label            Usage          Type ST Offset   Length[0m
[0;32mI (56) boot:  0 nvs              WiFi data        01 02 00009000 00006000[0m
[0;32mI (62) boot:  1 phy_init         RF data          01 01 0000f000 00001000[0m
[0;32mI (69) boot:  2 factory          factory app      00 00 00010000 00100000[0m
[0;32mI (75) boot: End of partition table[0m
[0;32mI (79) esp_image: segment 0: paddr=00010020 vaddr=3f400020 size=0b82ch ( 47148) map[0m
[0;32mI (102) esp_image: segment 1: paddr=0001b854 vaddr=3ffb0000 size=02410h (  9232) load[0m
[0;32mI (106) esp_image: segment 2: paddr=0001dc6c vaddr=40080000 size=023ach (  9132) load[0m
[0;32mI (110) esp_image: segment 3: paddr=00020020 vaddr=400d0020 size=1390ch ( 80140) map[0m
[0;32mI (141) esp_image: segment 4: paddr=00033934 vaddr=400823ac size=0b384h ( 45956) load[0m
[0;32mI (159) esp_image: segment 5: paddr=0003ecc0 vaddr=50000000 size=00020h (    32) load[0m
[0;32mI (166) boot: Loaded app from partition at offset 0x10000[0m
[0;32mI (166) boot: Disabling RNG early entropy source...[0m
[0;32mI (177) cpu_start: Multicore app[0m
[0;32mI (185) cpu_start: GPIO 3 and 1 are used as console UART I/O pins[0m
[0;32mI (186) cpu_start: Pro cpu start user code[0m
[0;32mI (186) cpu_start: cpu freq: 160000000 Hz[0m
[0;32mI (188) app_init: Application information:[0m
[0;32mI (191) app_init: Project name:     cazio[0m
[0;32mI (195) app_init: App version:      1[0m
[0;32mI (199) app_init: Compile time:     Feb  4 2026 21:04:03[0m
[0;32mI (204) app_init: ELF file SHA256:  a0f5cbb00...[0m
[0;32mI (208) app_init: ESP-IDF:          v5.5.2[0m
[0;32mI (212) efuse_init: Min chip rev:     v0.0[0m
[0;32mI (216) efuse_init: Max chip rev:     v3.99 [0m
[0;32mI (220) efuse_init: Chip rev:         v3.1[0m
[0;32mI (224) heap_init: Initializing. RAM available for dynamic allocation:[0m
[0;32mI (230) heap_init: At 3FFAE6E0 len 00001920 (6 KiB): DRAM[0m
[0;32mI (235) heap_init: At 3FFB3138 len 0002CEC8 (179 KiB): DRAM[0m
[0;32mI (240) heap_init: At 3FFE0440 len 00003AE0 (14 KiB): D/IRAM[0m
[0;32mI (245) heap_init: At 3FFE4350 len 0001BCB0 (111 KiB): D/IRAM[0m
[0;32mI (251) heap_init: At 4008D730 len 000128D0 (74 KiB): IRAM[0m
[0;33mW (257) spi_flash: Detected boya flash chip but using generic driver. For optimal functionality, enable `SPI_FLASH_SUPPORT_BOYA_CHIP` in menuconfig[0m
[0;32mI (269) spi_flash: detected chip: generic[0m
[0;32mI (273) spi_flash: flash io: dio[0m
[0;33mW (276) spi_flash: Detected size(4096k) larger than the size in the binary image header(2048k). Using the size in the binary image header.[0m
[0;32mI (289) main_task: Started on CPU0[0m
[0;32mI (299) main_task: Calling app_main()[0m
Probing SSD1306...
[0;33mW (299) i2c.common: GPIO 21 is not usable, maybe conflict with others[0m
[0;33mW (299) i2c.common: GPIO 22 is not usable, maybe conflict with others[0m
[1;31mE (309) i2c.master: I2C hardware timeout detected[0m
[1;31mE (309) i2c.master: probe device timeout. Please check if xfer_timeout_ms and pull-ups are correctly set up[0m
SSD1306 NOT detected
Guru Meditation Error: Core  0 panic'ed (LoadProhibited). Exception was unhandled.

Core  0 register dump:
PC      : 0x400e1c58  PS      : 0x00060330  A0      : 0x800d6bec  A1      : 0x3ffb4240  
A2      : 0x00000004  A3      : 0x3ffb2efc  A4      : 0x00000002  A5      : 0x00000014  
A6      : 0x00000000  A7      : 0x3ffaea3c  A8      : 0x00000001  A9      : 0x3ffb4230  
A10     : 0x3ffb4250  A11     : 0x00000000  A12     : 0x3ffb2efc  A13     : 0x00000001  
A14     : 0x3f40a5d9  A15     : 0x00000010  SAR     : 0x00000004  EXCCAUSE: 0x0000001c  
EXCVADDR: 0x00000018  LBEG    : 0x4000c46c  LEND    : 0x4000c477  LCOUNT  : 0x00000000  


Backtrace: 0x400e1c55:0x3ffb4240 0x400d6be9:0x3ffb4370 0x400d6928:0x3ffb4390 0x400d69c9:0x3ffb43b0 0x400d6909:0x3ffb43d0 0x400e304d:0x3ffb4430 0x40086379:0x3ffb4460




ELF file SHA256: a0f5cbb00

Rebooting...
ets Jul 29 2019 12:21:46

rst:0xc (SW_CPU_RESET),boot:0x13 (SPI_FAST_FLASH_BOOT)
configsip: 0, SPIWP:0xee
clk_drv:0x00,q_drv:0x00,d_drv:0x00,cs0_drv:0x00,hd_drv:0x00,wp_drv:0x00
mode:DIO, clock div:2
load:0x3fff0030,len:6384
load:0x40078000,len:15916
load:0x40080400,len:3920
entry 0x40080644
[0;32mI (27) boot: ESP-IDF v5.5.2 2nd stage bootloader[0m
[0;32mI (27) boot: compile time Jan 30 2026 17:17:10[0m
[0;32mI (27) boot: Multicore bootloader[0m
[0;32mI (29) boot: chip revision: v3.1[0m
[0;32mI (31) boot.esp32: SPI Speed      : 40MHz[0m
[0;32mI (35) boot.esp32: SPI Mode       : DIO[0m
[0;32mI (39) boot.esp32: SPI Flash Size : 2MB[0m
[0;32mI (42) boot: Enabling RNG early entropy source...[0m
[0;32mI (47) boot: Partition Table:[0m
[0;32mI (49) boot: ## Label            Usage          Type ST Offset   Length[0m
[0;32mI (56) boot:  0 nvs              WiFi data        01 02 00009000 00006000[0m
[0;32mI (62) boot:  1 phy_init         RF data          01 01 0000f000 00001000[0m
[0;32mI (69) boot:  2 factory          factory app      00 00 00010000 00100000[0m
[0;32mI (75) boot: End of partition table[0m
[0;32mI (79) esp_image: segment 0: paddr=00010020 vaddr=3f400020 size=0b82ch ( 47148) map[0m
[0;32mI (102) esp_image: segment 1: paddr=0001b854 vaddr=3ffb0000 size=02410h (  9232) load[0m
[0;32mI (106) esp_image: segment 2: paddr=0001dc6c vaddr=40080000 size=023ach (  9132) load[0m
[0;32mI (110) esp_image: segment 3: paddr=00020020 vaddr=400d0020 size=1390ch ( 80140) map[0m
[0;32mI (141) esp_image: segment 4: paddr=00033934 vaddr=400823ac size=0b384h ( 45956) load[0m
[0;32mI (159) esp_image: segment 5: paddr=0003ecc0 vaddr=50000000 size=00020h (    32) load[0m
[0;32mI (166) boot: Loaded app from partition at offset 0x10000[0m
[0;32mI (166) boot: Disabling RNG early entropy source...[0m
[0;32mI (177) cpu_start: Multicore app[0m
[0;32mI (185) cpu_start: GPIO 3 and 1 are used as console UART I/O pins[0m
[0;32mI (186) cpu_start: Pro cpu start user code[0m
[0;32mI (186) cpu_start: cpu freq: 160000000 Hz[0m
[0;32mI (188) app_init: Application information:[0m
[0;32mI (191) app_init: Project name:     cazio[0m
[0;32mI (195) app_init: App version:      1[0m
[0;32mI (199) app_init: Compile time:     Feb  4 2026 21:04:03[0m
[0;32mI (204) app_init: ELF file SHA256:  a0f5cbb00...[0m
[0;32mI (208) app_init: ESP-IDF:          v5.5.2[0m
[0;32mI (212) efuse_init: Min chip rev:     v0.0[0m
[0;32mI (216) efuse_init: Max chip rev:     v3.99 [0m
[0;32mI (220) efuse_init: Chip rev:         v3.1[0m
[0;32mI (224) heap_init: Initializing. RAM available for dynamic allocation:[0m
[0;32mI (230) heap_init: At 3FFAE6E0 len 00001920 (6 KiB): DRAM[0m
[0;32mI (235) heap_init: At 3FFB3138 len 0002CEC8 (179 KiB): DRAM[0m
[0;32mI (240) heap_init: At 3FFE0440 len 00003AE0 (14 KiB): D/IRAM[0m
[0;32mI (245) heap_init: At 3FFE4350 len 0001BCB0 (111 KiB): D/IRAM[0m
[0;32mI (251) heap_init: At 4008D730 len 000128D0 (74 KiB): IRAM[0m
[0;33mW (257) spi_flash: Detected boya flash chip but using generic driver. For optimal functionality, enable `SPI_FLASH_SUPPORT_BOYA_CHIP` in menuconfig[0m
[0;32mI (269) spi_flash: detected chip: generic[0m
[0;32mI (273) spi_flash: flash io: dio[0m
[0;33mW (276) spi_flash: Detected size(4096k) larger than the size in the binary image header(2048k). Using the size in the binary image header.[0m
