Command: /home/salah/.espressif/python_env/idf5.5_py3.13_env/bin/python /home/salah/esp/esp-idf/tools/idf_monitor.py -p /dev/ttyUSB0 -b 115200 --toolchain-prefix xtensa-esp32-elf- --target esp32 --revision 0 /home/salah/projects/embedded/cazio/build/cazio.elf /home/salah/projects/embedded/cazio/build/bootloader/bootloader.elf -m '/home/salah/.espressif/python_env/idf5.5_py3.13_env/bin/python' '/home/salah/esp/esp-idf/tools/idf.py'
ets Jul 29 2019 12:21:46

rst:0x1 (POWERON_RESET),boot:0x13 (SPI_FAST_FLASH_BOOT)
configsip: 0, SPIWP:0xee
clk_drv:0x00,q_drv:0x00,d_drv:0x00,cs0_drv:0x00,hd_drv:0x00,wp_drv:0x00
mode:DIO, clock div:2
load:0x3fff0030,len:6384
load:0x40078000,len:15916
load:0x40080400,len:3920
entry 0x40080644
[0;32mI (27) boot: ESP-IDF v5.5.2 2nd stage bootloader[0m
[0;32mI (27) boot: compile time Jan 30 2026 17:17:10[0m
[0;32mI (28) boot: Multicore bootloader[0m
[0;32mI (29) boot: chip revision: v3.1[0m
[0;32mI (32) boot.esp32: SPI Speed      : 40MHz[0m
[0;32mI (35) boot.esp32: SPI Mode       : DIO[0m
[0;32mI (39) boot.esp32: SPI Flash Size : 2MB[0m
[0;32mI (42) boot: Enabling RNG early entropy source...[0m
[0;32mI (47) boot: Partition Table:[0m
[0;32mI (49) boot: ## Label            Usage          Type ST Offset   Length[0m
[0;32mI (56) boot:  0 nvs              WiFi data        01 02 00009000 00006000[0m
[0;32mI (62) boot:  1 phy_init         RF data          01 01 0000f000 00001000[0m
[0;32mI (69) boot:  2 factory          factory app      00 00 00010000 00100000[0m
[0;32mI (75) boot: End of partition table[0m
[0;32mI (79) esp_image: segment 0: paddr=00010020 vaddr=3f400020 size=0bb14h ( 47892) map[0m
[0;32mI (103) esp_image: segment 1: paddr=0001bb3c vaddr=3ffb0000 size=02420h (  9248) load[0m
[0;32mI (106) esp_image: segment 2: paddr=0001df64 vaddr=40080000 size=020b4h (  8372) load[0m
[0;32mI (110) esp_image: segment 3: paddr=00020020 vaddr=400d0020 size=147e0h ( 83936) map[0m
[0;32mI (143) esp_image: segment 4: paddr=00034808 vaddr=400820b4 size=0bad0h ( 47824) load[0m
[0;32mI (162) esp_image: segment 5: paddr=000402e0 vaddr=50000000 size=00020h (    32) load[0m
[0;32mI (169) boot: Loaded app from partition at offset 0x10000[0m
[0;32mI (169) boot: Disabling RNG early entropy source...[0m
[0;32mI (180) cpu_start: Multicore app[0m
[0;32mI (188) cpu_start: GPIO 3 and 1 are used as console UART I/O pins[0m
[0;32mI (188) cpu_start: Pro cpu start user code[0m
[0;32mI (188) cpu_start: cpu freq: 160000000 Hz[0m
[0;32mI (190) app_init: Application information:[0m
[0;32mI (194) app_init: Project name:     cazio[0m
[0;32mI (197) app_init: App version:      1[0m
[0;32mI (201) app_init: Compile time:     Feb  4 2026 21:04:03[0m
[0;32mI (206) app_init: ELF file SHA256:  7fc11954f...[0m
[0;32mI (210) app_init: ESP-IDF:          v5.5.2[0m
[0;32mI (214) efuse_init: Min chip rev:     v0.0[0m
[0;32mI (218) efuse_init: Max chip rev:     v3.99 [0m
[0;32mI (222) efuse_init: Chip rev:         v3.1[0m
[0;32mI (226) heap_init: Initializing. RAM available for dynamic allocation:[0m
[0;32mI (232) heap_init: At 3FFAE6E0 len 00001920 (6 KiB): DRAM[0m
[0;32mI (237) heap_init: At 3FFB3178 len 0002CE88 (179 KiB): DRAM[0m
[0;32mI (242) heap_init: At 3FFE0440 len 00003AE0 (14 KiB): D/IRAM[0m
[0;32mI (248) heap_init: At 3FFE4350 len 0001BCB0 (111 KiB): D/IRAM[0m
[0;32mI (253) heap_init: At 4008DB84 len 0001247C (73 KiB): IRAM[0m
[0;33mW (260) spi_flash: Detected boya flash chip but using generic driver. For optimal functionality, enable `SPI_FLASH_SUPPORT_BOYA_CHIP` in menuconfig[0m
[0;32mI (272) spi_flash: detected chip: generic[0m
[0;32mI (275) spi_flash: flash io: dio[0m
[0;33mW (278) spi_flash: Detected size(4096k) larger than the size in the binary image header(2048k). Using the size in the binary image header.[0m
[0;32mI (291) main_task: Started on CPU0[0m
[0;32mI (301) main_task: Calling app_main()[0m
Probing SSD1306...
SSD1306 detected
[0;32mI (301) I: 00[0m

assert failed: xTaskGenericNotifyFromISR tasks.c:6033 (xTaskToNotify)


Backtrace: 0x40085971:0x3ffb0ef0 0x40085939:0x3ffb0f10 0x4008bead:0x3ffb0f30 0x40088816:0x3ffb1050 0x400826bf:0x3ffb1080 0x4008400c:0x3ffb10b0 0x40082a71:0x3ffb10e0 0x4000bfed:0x3ffb6ec0 0x400868ee:0x3ffb6ed0 0x4008634e:0x3ffb6ef0 0x400d6655:0x3ffb6f30 0x40086591:0x3ffb6f60




ELF file SHA256: 7fc11954f

Rebooting...
ets Jul 29 2019 12:21:46

rst:0xc (SW_CPU_RESET),boot:0x13 (SPI_FAST_FLASH_BOOT)
configsip: 0, SPIWP:0xee
clk_drv:0x00,q_drv:0x00,d_drv:0x00,cs0_drv:0x00,hd_drv:0x00,wp_drv:0x00
mode:DIO, clock div:2
load:0x3fff0030,len:6384
load:0x40078000,len:15916
load:0x40080400,len:3920
entry 0x40080644
[0;32mI (27) boot: ESP-IDF v5.5.2 2nd stage bootloader[0m
[0;32mI (27) boot: compile time Jan 30 2026 17:17:10[0m
[0;32mI (27) boot: Multicore bootloader[0m
[0;32mI (29) boot: chip revision: v3.1[0m
[0;32mI (31) boot.esp32: SPI Speed      : 40MHz[0m
[0;32mI (35) boot.esp32: SPI Mode       : DIO[0m
[0;32mI (39) boot.esp32: SPI Flash Size : 2MB[0m
[0;32mI (42) boot: Enabling RNG early entropy source...[0m
[0;32mI (47) boot: Partition Table:[0m
[0;32mI (49) boot: ## Label            Usage          Type ST Offset   Length[0m
[0;32mI (56) boot:  0 nvs              WiFi data        01 02 00009000 00006000[0m
[0;32mI (62) boot:  1 phy_init         RF data          01 01 0000f000 00001000[0m
[0;32mI (69) boot:  2 factory          factory app      00 00 00010000 00100000[0m
[0;32mI (75) boot: End of partition table[0m
[0;32mI (79) esp_image: segment 0: paddr=00010020 vaddr=3f400020 size=0bb14h ( 47892) map[0m
[0;32mI (102) esp_image: segment 1: paddr=0001bb3c vaddr=3ffb0000 size=02420h (  9248) load[0m
[0;32mI (106) esp_image: segment 2: paddr=0001df64 vaddr=40080000 size=020b4h (  8372) load[0m
[0;32mI (110) esp_image: segment 3: paddr=00020020 vaddr=400d0020 size=147e0h ( 83936) map[0m
[0;32mI (143) esp_image: segment 4: paddr=00034808 vaddr=400820b4 size=0bad0h ( 47824) load[0m
[0;32mI (161) esp_image: segment 5: paddr=000402e0 vaddr=50000000 size=00020h (    32) load[0m
[0;32mI (168) boot: Loaded app from partition at offset 0x10000[0m
[0;32mI (169) boot: Disabling RNG early entropy source...[0m
[0;32mI (180) cpu_start: Multicore app[0m
[0;32mI (188) cpu_start: GPIO 3 and 1 are used as console UART I/O pins[0m
[0;32mI (188) cpu_start: Pro cpu start user code[0m
[0;32mI (188) cpu_start: cpu freq: 160000000 Hz[0m
[0;32mI (190) app_init: Application information:[0m
[0;32mI (194) app_init: Project name:     cazio[0m
[0;32mI (197) app_init: App version:      1[0m
[0;32mI (201) app_init: Compile time:     Feb  4 2026 21:04:03[0m
[0;32mI (206) app_init: ELF file SHA256:  7fc11954f...[0m
[0;32mI (210) app_init: ESP-IDF:          v5.5.2[0m
[0;32mI (214) efuse_init: Min chip rev:     v0.0[0m
[0;32mI (218) efuse_init: Max chip rev:     v3.99 [0m
[0;32mI (222) efuse_init: Chip rev:         v3.1[0m
[0;32mI (226) heap_init: Initializing. RAM available for dynamic allocation:[0m
[0;32mI (232) heap_init: At 3FFAE6E0 len 00001920 (6 KiB): DRAM[0m
[0;32mI (237) heap_init: At 3FFB3178 len 0002CE88 (179 KiB): DRAM[0m
[0;32mI (242) heap_init: At 3FFE0440 len 00003AE0 (14 KiB): D/IRAM[0m
[0;32mI (248) heap_init: At 3FFE4350 len 0001BCB0 (111 KiB): D/IRAM[0m
[0;32mI (253) heap_init: At 4008DB84 len 0001247C (73 KiB): IRAM[0m
[0;33mW (260) spi_flash: Detected boya flash chip but using generic driver. For optimal functionality, enable `SPI_FLASH_SUPPORT_BOYA_CHIP` in menuconfig[0m
[0;32mI (271) spi_flash: detected chip: generic[0m
[0;32mI (275) spi_flash: flash io: dio[0m
[0;33mW (278) spi_flash: Detected size(4096k) larger than the size in the binary image header(2048k). Using the size in the binary image header.[0m
[0;32mI (291) main_task: Started on CPU0[0m
[0;32mI (301) main_task: Calling app_main()[0m
Probing SSD1306...
SSD1306 detected
[0;32mI (301) I: 00[0m

assert failed: xTaskGenericNotifyFromISR tasks.c:6033 (xTaskToNotify)


Backtrace: 0x40085971:0x3ffb0ef0 0x40085939:0x3ffb0f10 0x4008bead:0x3ffb0f30 0x40088816:0x3ffb1050 0x400826bf:0x3ffb1080 0x4008400c:0x3ffb10b0 0x40082a71:0x3ffb10e0 0x4000bfed:0x3ffb6ec0 0x400868ee:0x3ffb6ed0 0x4008634e:0x3ffb6ef0 0x400d6655:0x3ffb6f30 0x40086591:0x3ffb6f60




ELF file SHA256: 7fc11954f

Rebooting...
ets Jul 29 2019 12:21:46

rst:0xc (SW_CPU_RESET),boot:0x13 (SPI_FAST_FLASH_BOOT)
configsip: 0, SPIWP:0xee
clk_drv:0x00,q_drv:0x00,d_drv:0x00,cs0_drv:0x00,hd_drv:0x00,wp_drv:0x00
mode:DIO, clock div:2
load:0x3fff0030,len:6384
load:0x40078000,len:15916
load:0x40080400,len:3920
entry 0x40080644
[0;32mI (27) boot: ESP-IDF v5.5.2 2nd stage bootloader[0m
[0;32mI (27) boot: compile time Jan 30 2026 17:17:10[0m
[0;32mI (27) boot: Multicore bootloader[0m
[0;32mI (29) boot: chip revision: v3.1[0m
[0;32mI (31) boot.esp32: SPI Speed      : 40MHz[0m
[0;32mI (35) boot.esp32: SPI Mode       : DIO[0m
[0;32mI (39) boot.esp32: SPI Flash Size : 2MB[0m
[0;32mI (42) boot: Enabling RNG early entropy source...[0m
[0;32mI (47) boot: Partition Table:[0m
[0;32mI (49) boot: ## Label            Usage          Type ST Offset   Length[0m
[0;32mI (56) boot:  0 nvs              WiFi data        01 02 00009000 00006000[0m
[0;32mI (62) boot:  1 phy_init         RF data          01 01 0000f000 00001000[0m
[0;32mI (69) boot:  2 factory          factory app      00 00 00010000 00100000[0m
[0;32mI (75) boot: End of partition table[0m
[0;32mI (79) esp_image: segment 0: paddr=00010020 vaddr=3f400020 size=0bb14h ( 47892) map[0m
[0;32mI (102) esp_image: segment 1: paddr=0001bb3c vaddr=3ffb0000 size=02420h (  9248) load[0m
[0;32mI (106) esp_image: segment 2: paddr=0001df64 vaddr=40080000 size=020b4h (  8372) load[0m
[0;32mI (110) esp_image: segment 3: paddr=00020020 vaddr=400d0020 size=147e0h ( 83936) map[0m
[0;32mI (143) esp_image: segment 4: paddr=00034808 vaddr=400820b4 size=0bad0h ( 47824) load[0m
[0;32mI (161) esp_image: segment 5: paddr=000402e0 vaddr=50000000 size=00020h (    32) load[0m
[0;32mI (168) boot: Loaded app from partition at offset 0x10000[0m
[0;32mI (169) boot: Disabling RNG early entropy source...[0m
[0;32mI (180) cpu_start: Multicore app[0m
[0;32mI (188) cpu_start: GPIO 3 and 1 are used as console UART I/O pins[0m
[0;32mI (188) cpu_start: Pro cpu start user code[0m
[0;32mI (188) cpu_start: cpu freq: 160000000 Hz[0m
[0;32mI (190) app_init: Application information:[0m
[0;32mI (194) app_init: Project name:     cazio[0m
[0;32mI (197) app_init: App version:      1[0m
[0;32mI (201) app_init: Compile time:     Feb  4 2026 21:04:03[0m
[0;32mI (206) app_init: ELF file SHA256:  7fc11954f...[0m
[0;32mI (210) app_init: ESP-IDF:          v5.5.2[0m
[0;32mI (214) efuse_init: Min chip rev:     v0.0[0m
[0;32mI (218) efuse_init: Max chip rev:     v3.99 [0m
[0;32mI (222) efuse_init: Chip rev:         v3.1[0m
[0;32mI (226) heap_init: Initializing. RAM available for dynamic allocation:[0m
[0;32mI (232) heap_init: At 3FFAE6E0 len 00001920 (6 KiB): DRAM[0m
[0;32mI (237) heap_init: At 3FFB3178 len 0002CE88 (179 KiB): DRAM[0m
[0;32mI (242) heap_init: At 3FFE0440 len 00003AE0 (14 KiB): D/IRAM[0m
[0;32mI (248) heap_init: At 3FFE4350 len 0001BCB0 (111 KiB): D/IRAM[0m
[0;32mI (253) heap_init: At 4008DB84 len 0001247C (73 KiB): IRAM[0m
[0;33mW (260) spi_flash: Detected boya flash chip but using generic driver. For optimal functionality, enable `SPI_FLASH_SUPPORT_BOYA_CHIP` in menuconfig[0m
[0;32mI (271) spi_flash: detected chip: generic[0m
[0;32mI (275) spi_flash: flash io: dio[0m
[0;33mW (278) spi_flash: Detected size(4096k) larger than the size in the binary image header(2048k). Using the size in the binary image header.[0m
[0;32mI (291) main_task: Started on CPU0[0m
[0;32mI (301) main_task: Calling app_main()[0m
Probing SSD1306...
SSD1306 detected
[0;32mI (301) I: 00[0m

assert failed: xTaskGenericNotifyFromISR tasks.c:6033 (xTaskToNotify)


Backtrace: 0x40085971:0x3ffb0ef0 0x40085939:0x3ffb0f10 0x4008bead:0x3ffb0f30 0x40088816:0x3ffb1050 0x400826bf:0x3ffb1080 0x4008400c:0x3ffb10b0 0x40082a71:0x3ffb10e0 0x4000bfed:0x3ffb6ec0 0x400868ee:0x3ffb6ed0 0x4008634e:0x3ffb6ef0 0x400d6655:0x3ffb6f30 0x40086591:0x3ffb6f60




ELF file SHA256: 7fc11954f

Rebooting...
ets Jul 29 2019 12:21:46

rst:0xc (SW_CPU_RESET),boot:0x13 (SPI_FAST_FLASH_BOOT)
configsip: 0, SPIWP:0xee
clk_drv:0x00,q_drv:0x00,d_drv:0x00,cs0_drv:0x00,hd_drv:0x00,wp_drv:0x00
mode:DIO, clock div:2
load:0x3fff0030,len:6384
load:0x40078000,len:15916
load:0x40080400,len:3920
entry 0x40080644
[0;32mI (27) boot: ESP-IDF v5.5.2 2nd stage bootloader[0m
[0;32mI (27) boot: compile time Jan 30 2026 17:17:10[0m
[0;32mI (27) boot: Multicore bootloader[0m
[0;32mI (29) boot: chip revision: v3.1[0m
[0;32mI (31) boot.esp32: SPI Speed      : 40MHz[0m
[0;32mI (35) boot.esp32: SPI Mode       : DIO[0m
[0;32mI (39) boot.esp32: SPI Flash Size : 2MB[0m
[0;32mI (42) boot: Enabling RNG early entropy source...[0m
[0;32mI (47) boot: Partition Table:[0m
[0;32mI (49) boot: ## Label            Usage          Type ST Offset   Length[0m
[0;32mI (56) boot:  0 nvs              WiFi data        01 02 00009000 00006000[0m
[0;32mI (62) boot:  1 phy_init         RF data          01 01 0000f000 00001000[0m
[0;32mI (69) boot:  2 factory          factory app      00 00 00010000 00100000[0m
[0;32mI (75) boot: End of partition table[0m
[0;32mI (79) esp_image: segment 0: paddr=00010020 vaddr=3f400020 size=0bb14h ( 47892) map[0m
[0;32mI (102) esp_image: segment 1: paddr=0001bb3c vaddr=3ffb0000 size=02420h (  9248) load[0m
[0;32mI (106) esp_image: segment 2: paddr=0001df64 vaddr=40080000 size=020b4h (  8372) load[0m
[0;32mI (110) esp_image: segment 3: paddr=00020020 vaddr=400d0020 size=147e0h ( 83936) map[0m
[0;32mI (143) esp_image: segment 4: paddr=00034808 vaddr=400820b4 size=0bad0h ( 47824) load[0m
[0;32mI (161) esp_image: segment 5: paddr=000402e0 vaddr=50000000 size=00020h (    32) load[0m
[0;32mI (168) boot: Loaded app from partition at offset 0x10000[0m
[0;32mI (169) boot: Disabling RNG early entropy source...[0m
[0;32mI (180) cpu_start: Multicore app[0m
[0;32mI (188) cpu_start: GPIO 3 and 1 are used as console UART I/O pins[0m
[0;32mI (188) cpu_start: Pro cpu start user code[0m
[0;32mI (188) cpu_start: cpu freq: 160000000 Hz[0m
[0;32mI (190) app_init: Application information:[0m
[0;32mI (194) app_init: Project name:     cazio[0m
[0;32mI (197) app_init: App version:      1[0m
[0;32mI (201) app_init: Compile time:     Feb  4 2026 21:04:03[0m
[0;32mI (206) app_init: ELF file SHA256:  7fc11954f...[0m
[0;32mI (210) app_init: ESP-IDF:          v5.5.2[0m
[0;32mI (214) efuse_init: Min chip rev:     v0.0[0m
[0;32mI (218) efuse_init: Max chip rev:     v3.99 [0m
[0;32mI (222) efuse_init: Chip rev:         v3.1[0m
[0;32mI (226) heap_init: Initializing. RAM available for dynamic allocation:[0m
[0;32mI (232) heap_init: At 3FFAE6E0 len 00001920 (6 KiB): DRAM[0m
[0;32mI (237) heap_init: At 3FFB3178 len 0002CE88 (179 KiB): DRAM[0m
[0;32mI (242) heap_init: At 3FFE0440 len 00003AE0 (14 KiB): D/IRAM[0m
[0;32mI (248) heap_init: At 3FFE4350 len 0001BCB0 (111 KiB): D/IRAM[0m
[0;32mI (253) heap_init: At 4008DB84 len 0001247C (73 KiB): IRAM[0m
[0;33mW (260) spi_flash: Detected boya flash chip but using generic driver. For optimal functionality, enable `SPI_FLASH_SUPPORT_BOYA_CHIP` in menuconfig[0m
[0;32mI (271) spi_flash: detected chip: generic[0m
[0;32mI (275) spi_flash: flash io: dio[0m
[0;33mW (278) spi_flash: Detected size(4096k) larger than the size in the binary image header(2048k). Using the size in the binary image header.[0m
[0;32mI (291) main_task: Started on CPU0[0m
[0;32mI (301) main_task: Calling app_main()[0m
Probing SSD1306...
SSD1306 detected
[0;32mI (301) I: 00[0m

assert failed: xTaskGenericNotifyFromISR tasks.c:6033 (xTaskToNotify)


Backtrace: 0x40085971:0x3ffb0ef0 0x40085939:0x3ffb0f10 0x4008bead:0x3ffb0f30 0x40088816:0x3ffb1050 0x400826bf:0x3ffb1080 0x4008400c:0x3ffb10b0 0x40082a71:0x3ffb10e0 0x4000bfed:0x3ffb6ec0 0x400868ee:0x3ffb6ed0 0x4008634e:0x3ffb6ef0 0x400d6655:0x3ffb6f30 0x40086591:0x3ffb6f60




ELF file SHA256: 7fc11954f

Rebooting...
ets Jul 29 2019 12:21:46

rst:0xc (SW_CPU_RESET),boot:0x13 (SPI_FAST_FLASH_BOOT)
configsip: 0, SPIWP:0xee
clk_drv:0x00,q_drv:0x00,d_drv:0x00,cs0_drv:0x00,hd_drv:0x00,wp_drv:0x00
mode:DIO, clock div:2
load:0x3fff0030,len:6384
load:0x40078000,len:15916
load:0x40080400,len:3920
entry 0x40080644
[0;32mI (27) boot: ESP-IDF v5.5.2 2nd stage bootloader[0m
[0;32mI (27) boot: compile time Jan 30 2026 17:17:10[0m
[0;32mI (27) boot: Multicore bootloader[0m
[0;32mI (29) boot: chip revision: v3.1[0m
[0;32mI (31) boot.esp32: SPI Speed      : 40MHz[0m
[0;32mI (35) boot.esp32: SPI Mode       : DIO[0m
[0;32mI (39) boot.esp32: SPI Flash Size : 2MB[0m
[0;32mI (42) boot: Enabling RNG early entropy source...[0m
[0;32mI (47) boot: Partition Table:[0m
[0;32mI (49) boot: ## Label            Usage          Type ST Offset   Length[0m
[0;32mI (56) boot:  0 nvs              WiFi data        01 02 00009000 00006000[0m
[0;32mI (62) boot:  1 phy_init         RF data          01 01 0000f000 00001000[0m
[0;32mI (69) boot:  2 factory          factory app      00 00 00010000 00100000[0m
[0;32mI (75) boot: End of partition table[0m
[0;32mI (79) esp_image: segment 0: paddr=00010020 vaddr=3f400020 size=0bb14h ( 47892) map[0m
[0;32mI (102) esp_image: segment 1: paddr=0001bb3c vaddr=3ffb0000 size=02420h (  9248) load[0m
[0;32mI (106) esp_image: segment 2: paddr=0001df64 vaddr=40080000 size=020b4h (  8372) load[0m
[0;32mI (110) esp_image: segment 3: paddr=00020020 vaddr=400d0020 size=147e0h ( 83936) map[0m
[0;32mI (143) esp_image: segment 4: paddr=00034808 vaddr=400820b4 size=0bad0h ( 47824) load[0m
[0;32mI (161) esp_image: segment 5: paddr=000402e0 vaddr=50000000 size=00020h (    32) load[0m
[0;32mI (168) boot: Loaded app from partition at offset 0x10000[0m
[0;32mI (169) boot: Disabling RNG early entropy source...[0m
[0;32mI (180) cpu_start: Multicore app[0m
[0;32mI (188) cpu_start: GPIO 3 and 1 are used as console UART I/O pins[0m
[0;32mI (188) cpu_start: Pro cpu start user code[0m
[0;32mI (188) cpu_start: cpu freq: 160000000 Hz[0m
[0;32mI (190) app_init: Application information:[0m
[0;32mI (194) app_init: Project name:     cazio[0m
[0;32mI (197) app_init: App version:      1[0m
[0;32mI (201) app_init: Compile time:     Feb  4 2026 21:04:03[0m
[0;32mI (206) app_init: ELF file SHA256:  7fc11954f...[0m
[0;32mI (210) app_init: ESP-IDF:          v5.5.2[0m
[0;32mI (214) efuse_init: Min chip rev:     v0.0[0m
[0;32mI (218) efuse_init: Max chip rev:     v3.99 [0m
[0;32mI (222) efuse_init: Chip rev:         v3.1[0m
[0;32mI (226) heap_init: Initializing. RAM available for dynamic allocation:[0m
[0;32mI (232) heap_init: At 3FFAE6E0 len 00001920 (6 KiB): DRAM[0m
[0;32mI (237) heap_init: At 3FFB3178 len 0002CE88 (179 KiB): DRAM[0m
[0;32mI (242) heap_init: At 3FFE0440 len 00003AE0 (14 KiB): D/IRAM[0m
[0;32mI (248) heap_init: At 3FFE4350 len 0001BCB0 (111 KiB): D/IRAM[0m
[0;32mI (253) heap_init: At 4008DB84 len 0001247C (73 KiB): IRAM[0m
[0;33mW (260) spi_flash: Detected boya flash chip but using generic driver. For optimal functionality, enable `SPI_FLASH_SUPPORT_BOYA_CHIP` in menuconfig[0m
[0;32mI (271) spi_flash: detected chip: generic[0m
[0;32mI (275) spi_flash: flash io: dio[0m
[0;33mW (278) spi_flash: Detected size(4096k) larger than the size in the binary image header(2048k). Using the size in the binary image header.[0m
[0;32mI (291) main_task: Started on CPU0[0m
[0;32mI (301) main_task: Calling app_main()[0m
Probing SSD1306...
SSD1306 detected
[0;32mI (301) I: 00[0m

assert failed: xTaskGenericNotifyFromISR tasks.c:6033 (xTaskToNotify)


Backtrace: 0x40085971:0x3ffb0ef0 0x40085939:0x3ffb0f10 0x4008bead:0x3ffb0f30 0x40088816:0x3ffb1050 0x400826bf:0x3ffb1080 0x4008400c:0x3ffb10b0 0x40082a71:0x3ffb10e0 0x4000bfed:0x3ffb6ec0 0x400868ee:0x3ffb6ed0 0x4008634e:0x3ffb6ef0 0x400d6655:0x3ffb6f30 0x40086591:0x3ffb6f60




ELF file SHA256: 7fc11954f

Rebooting...
ets Jul 29 2019 12:21:46

rst:0xc (SW_CPU_RESET),boot:0x13 (SPI_FAST_FLASH_BOOT)
configsip: 0, SPIWP:0xee
clk_drv:0x00,q_drv:0x00,d_drv:0x00,cs0_drv:0x00,hd_drv:0x00,wp_drv:0x00
mode:DIO, clock div:2
load:0x3fff0030,len:6384
load:0x40078000,len:15916
load:0x40080400,len:3920
entry 0x40080644
[0;32mI (27) boot: ESP-IDF v5.5.2 2nd stage bootloader[0m
[0;32mI (27) boot: compile time Jan 30 2026 17:17:10[0m
[0;32mI (27) boot: Multicore bootloader[0m
[0;32mI (29) boot: chip revision: v3.1[0m
[0;32mI (31) boot.esp32: SPI Speed      : 40MHz[0m
[0;32mI (35) boot.esp32: SPI Mode       : DIO[0m
[0;32mI (39) boot.esp32: SPI Flash Size : 2MB[0m
[0;32mI (42) boot: Enabling RNG early entropy source...[0m
[0;32mI (47) boot: Partition Table:[0m
[0;32mI (49) boot: ## Label            Usage          Type ST Offset   Length[0m
[0;32mI (56) boot:  0 nvs              WiFi data        01 02 00009000 00006000[0m
[0;32mI (62) boot:  1 phy_init         RF data          01 01 0000f000 00001000[0m
[0;32mI (69) boot:  2 factory          factory app      00 00 00010000 00100000[0m
[0;32mI (75) boot: End of partition table[0m
[0;32mI (79) esp_image: segment 0: paddr=00010020 vaddr=3f400020 size=0bb14h ( 47892) map[0m
[0;32mI (102) esp_image: segment 1: paddr=0001bb3c vaddr=3ffb0000 size=02420h (  9248) load[0m
[0;32mI (106) esp_image: segment 2: paddr=0001df64 vaddr=40080000 size=020b4h (  8372) load[0m
[0;32mI (110) esp_image: segment 3: paddr=00020020 vaddr=400d0020 size=147e0h ( 83936) map[0m
[0;32mI (143) esp_image: segment 4: paddr=00034808 vaddr=400820b4 size=0bad0h ( 47824) load[0m
[0;32mI (161) esp_image: segment 5: paddr=000402e0 vaddr=50000000 size=00020h (    32) load[0m
[0;32mI (168) boot: Loaded app from partition at offset 0x10000[0m
[0;32mI (169) boot: Disabling RNG early entropy source...[0m
[0;32mI (180) cpu_start: Multicore app[0m
[0;32mI (188) cpu_start: GPIO 3 and 1 are used as console UART I/O pins[0m
[0;32mI (188) cpu_start: Pro cpu start user code[0m
[0;32mI (188) cpu_start: cpu freq: 160000000 Hz[0m
[0;32mI (190) app_init: Application information:[0m
[0;32mI (194) app_init: Project name:     cazio[0m
[0;32mI (197) app_init: App version:      1[0m
[0;32mI (201) app_init: Compile time:     Feb  4 2026 21:04:03[0m
[0;32mI (206) app_init: ELF file SHA256:  7fc11954f...[0m
[0;32mI (210) app_init: ESP-IDF:          v5.5.2[0m
[0;32mI (214) efuse_init: Min chip rev:     v0.0[0m
[0;32mI (218) efuse_init: Max chip rev:     v3.99 [0m
[0;32mI (222) efuse_init: Chip rev:         v3.1[0m
[0;32mI (226) heap_init: Initializing. RAM available for dynamic allocation:[0m
[0;32mI (232) heap_init: At 3FFAE6E0 len 00001920 (6 KiB): DRAM[0m
[0;32mI (237) heap_init: At 3FFB3178 len 0002CE88 (179 KiB): DRAM[0m
[0;32mI (242) heap_init: At 3FFE0440 len 00003AE0 (14 KiB): D/IRAM[0m
[0;32mI (248) heap_init: At 3FFE4350 len 0001BCB0 (111 KiB): D/IRAM[0m
[0;32mI (253) heap_init: At 4008DB84 len 0001247C (73 KiB): IRAM[0m
[0;33mW (260) spi_flash: Detected boya flash chip but using generic driver. For optimal functionality, enable `SPI_FLASH_SUPPORT_BOYA_CHIP` in menuconfig[0m
[0;32mI (271) spi_flash: detected chip: generic[0m
[0;32mI (275) spi_flash: flash io: dio[0m
[0;33mW (278) spi_flash: Detected size(4096k) larger than the size in the binary image header(2048k). Using the size in the binary image header.[0m
[0;32mI (291) main_task: Started on CPU0[0m
[0;32mI (301) main_task: Calling app_main()[0m
Probing SSD1306...
SSD1306 detected
[0;32mI (301) I: 00[0m

assert failed: xTaskGenericNotifyFromISR tasks.c:6033 (xTaskToNotify)


Backtrace: 0x40085971:0x3ffb0ef0 0x40085939:0x3ffb0f10 0x4008bead:0x3ffb0f30 0x40088816:0x3ffb1050 0x400826bf:0x3ffb1080 0x4008400c:0x3ffb10b0 0x40082a71:0x3ffb10e0 0x4000bfed:0x3ffb6ec0 0x400868ee:0x3ffb6ed0 0x4008634e:0x3ffb6ef0 0x400d6655:0x3ffb6f30 0x40086591:0x3ffb6f60




ELF file SHA256: 7fc11954f

Rebooting...
ets Jul 29 2019 12:21:46

rst:0xc (SW_CPU_RESET),boot:0x13 (SPI_FAST_FLASH_BOOT)
configsip: 0, SPIWP:0xee
clk_drv:0x00,q_drv:0x00,d_drv:0x00,cs0_drv:0x00,hd_drv:0x00,wp_drv:0x00
mode:DIO, clock div:2
load:0x3fff0030,len:6384
load:0x40078000,len:15916
load:0x40080400,len:3920
entry 0x40080644
[0;32mI (27) boot: ESP-IDF v5.5.2 2nd stage bootloader[0m
[0;32mI (27) boot: compile time Jan 30 2026 17:17:10[0m
[0;32mI (27) boot: Multicore bootloader[0m
[0;32mI (29) boot: chip revision: v3.1[0m
[0;32mI (31) boot.esp32: SPI Speed      : 40MHz[0m
[0;32mI (35) boot.esp32: SPI Mode       : DIO[0m
[0;32mI (39) boot.esp32: SPI Flash Size : 2MB[0m
[0;32mI (42) boot: Enabling RNG early entropy source...[0m
[0;32mI (47) boot: Partition Table:[0m
[0;32mI (49) boot: ## Label            Usage          Type ST Offset   Length[0m
[0;32mI (56) boot:  0 nvs              WiFi data        01 02 00009000 00006000[0m
[0;32mI (62) boot:  1 phy_init         RF data          01 01 0000f000 00001000[0m
[0;32mI (69) boot:  2 factory          factory app      00 00 00010000 00100000[0m
[0;32mI (75) boot: End of partition table[0m
[0;32mI (79) esp_image: segment 0: paddr=00010020 vaddr=3f400020 size=0bb14h ( 47892) map[0m
[0;32mI (102) esp_image: segment 1: paddr=0001bb3c vaddr=3ffb0000 size=02420h (  9248) load[0m
[0;32mI (106) esp_image: segment 2: paddr=0001df64 vaddr=40080000 size=020b4h (  8372) load[0m
[0;32mI (110) esp_image: segment 3: paddr=00020020 vaddr=400d0020 size=147e0h ( 83936) map[0m
[0;32mI (143) esp_image: segment 4: paddr=00034808 vaddr=400820b4 size=0bad0h ( 47824) load[0m
[0;32mI (161) esp_image: segment 5: paddr=000402e0 vaddr=50000000 size=00020h (    32) load[0m
[0;32mI (168) boot: Loaded app from partition at offset 0x10000[0m
[0;32mI (169) boot: Disabling RNG early entropy source...[0m
[0;32mI (180) cpu_start: Multicore app[0m
[0;32mI (188) cpu_start: GPIO 3 and 1 are used as console UART I/O pins[0m
[0;32mI (188) cpu_start: Pro cpu start user code[0m
[0;32mI (188) cpu_start: cpu freq: 160000000 Hz[0m
[0;32mI (190) app_init: Application information:[0m
[0;32mI (194) app_init: Project name:     cazio[0m
[0;32mI (197) app_init: App version:      1[0m
[0;32mI (201) app_init: Compile time:     Feb  4 2026 21:04:03[0m
[0;32mI (206) app_init: ELF file SHA256:  7fc11954f...[0m
[0;32mI (210) app_init: ESP-IDF:          v5.5.2[0m
[0;32mI (214) efuse_init: Min chip rev:     v0.0[0m
[0;32mI (218) efuse_init: Max chip rev:     v3.99 [0m
[0;32mI (222) efuse_init: Chip rev:         v3.1[0m
[0;32mI (226) heap_init: Initializing. RAM available for dynamic allocation:[0m
[0;32mI (232) heap_init: At 3FFAE6E0 len 00001920 (6 KiB): DRAM[0m
[0;32mI (237) heap_init: At 3FFB3178 len 0002CE88 (179 KiB): DRAM[0m
[0;32mI (242) heap_init: At 3FFE0440 len 00003AE0 (14 KiB): D/IRAM[0m
[0;32mI (248) heap_init: At 3FFE4350 len 0001BCB0 (111 KiB): D/IRAM[0m
[0;32mI (253) heap_init: At 4008DB84 len 0001247C (73 KiB): IRAM[0m
[0;33mW (260) spi_flash: Detected boya flash chip but using generic driver. For optimal functionality, enable `SPI_FLASH_SUPPORT_BOYA_CHIP` in menuconfig[0m
[0;32mI (271) spi_flash: detected chip: generic[0m
[0;32mI (275) spi_flash: flash io: dio[0m
[0;33mW (278) spi_flash: Detected size(4096k) larger than the size in the binary image header(2048k). Using the size in the binary image header.[0m
[0;32mI (291) main_task: Started on CPU0[0m
[0;32mI (301) main_task: Calling app_main()[0m
Probing SSD1306...
SSD1306 detected
[0;32mI (301) I: 00[0m

assert failed: xTaskGenericNotifyFromISR tasks.c:6033 (xTaskToNotify)


Backtrace: 0x40085971:0x3ffb0ef0 0x40085939:0x3ffb0f10 0x4008bead:0x3ffb0f30 0x40088816:0x3ffb1050 0x400826bf:0x3ffb1080 0x4008400c:0x3ffb10b0 0x40082a71:0x3ffb10e0 0x4000bfed:0x3ffb6ec0 0x400868ee:0x3ffb6ed0 0x4008634e:0x3ffb6ef0 0x400d6655:0x3ffb6f30 0x40086591:0x3ffb6f60




ELF file SHA256: 7fc11954f

Rebooting...
ets Jul 29 2019 12:21:46

rst:0xc (SW_CPU_RESET),boot:0x13 (SPI_FAST_FLASH_BOOT)
configsip: 0, SPIWP:0xee
clk_drv:0x00,q_drv:0x00,d_drv:0x00,cs0_drv:0x00,hd_drv:0x00,wp_drv:0x00
mode:DIO, clock div:2
load:0x3fff0030,len:6384
load:0x40078000,len:15916
load:0x40080400,len:3920
entry 0x40080644
[0;32mI (27) boot: ESP-IDF v5.5.2 2nd stage bootloader[0m
[0;32mI (27) boot: compile time Jan 30 2026 17:17:10[0m
[0;32mI (27) boot: Multicore bootloader[0m
[0;32mI (29) boot: chip revision: v3.1[0m
[0;32mI (31) boot.esp32: SPI Speed      : 40MHz[0m
[0;32mI (35) boot.esp32: SPI Mode       : DIO[0m
[0;32mI (39) boot.esp32: SPI Flash Size : 2MB[0m
[0;32mI (42) boot: Enabling RNG early entropy source...[0m
[0;32mI (47) boot: Partition Table:[0m
[0;32mI (49) boot: ## Label            Usage          Type ST Offset   Length[0m
[0;32mI (56) boot:  0 nvs              WiFi data        01 02 00009000 00006000[0m
[0;32mI (62) boot:  1 phy_init         RF data          01 01 0000f000 00001000[0m
[0;32mI (69) boot:  2 factory          factory app      00 00 00010000 00100000[0m
[0;32mI (75) boot: End of partition table[0m
[0;32mI (79) esp_image: segment 0: paddr=00010020 vaddr=3f400020 size=0bb14h ( 47892) map[0m
[0;32mI (102) esp_image: segment 1: paddr=0001bb3c vaddr=3ffb0000 size=02420h (  9248) load[0m
[0;32mI (106) esp_image: segment 2: paddr=0001df64 vaddr=40080000 size=020b4h (  8372) load[0m
[0;32mI (110) esp_image: segment 3: paddr=00020020 vaddr=400d0020 size=147e0h ( 83936) map[0m
[0;32mI (143) esp_image: segment 4: paddr=00034808 vaddr=400820b4 size=0bad0h ( 47824) load[0m
[0;32mI (161) esp_image: segment 5: paddr=000402e0 vaddr=50000000 size=00020h (    32) load[0m
[0;32mI (168) boot: Loaded app from partition at offset 0x10000[0m
[0;32mI (169) boot: Disabling RNG early entropy source...[0m
[0;32mI (180) cpu_start: Multicore app[0m
[0;32mI (188) cpu_start: GPIO 3 and 1 are used as console UART I/O pins[0m
[0;32mI (188) cpu_start: Pro cpu start user code[0m
[0;32mI (188) cpu_start: cpu freq: 160000000 Hz[0m
[0;32mI (190) app_init: Application information:[0m
[0;32mI (194) app_init: Project name:     cazio[0m
[0;32mI (197) app_init: App version:      1[0m
[0;32mI (201) app_init: Compile time:     Feb  4 2026 21:04:03[0m
[0;32mI (206) app_init: ELF file SHA256:  7fc11954f...[0m
[0;32mI (210) app_init: ESP-IDF:          v5.5.2[0m
[0;32mI (214) efuse_init: Min chip rev:     v0.0[0m
[0;32mI (218) efuse_init: Max chip rev:     v3.99 [0m
[0;32mI (222) efuse_init: Chip rev:         v3.1[0m
[0;32mI (226) heap_init: Initializing. RAM available for dynamic allocation:[0m
[0;32mI (232) heap_init: At 3FFAE6E0 len 00001920 (6 KiB): DRAM[0m
[0;32mI (237) heap_init: At 3FFB3178 len 0002CE88 (179 KiB): DRAM[0m
[0;32mI (242) heap_init: At 3FFE0440 len 00003AE0 (14 KiB): D/IRAM[0m
[0;32mI (248) heap_init: At 3FFE4350 len 0001BCB0 (111 KiB): D/IRAM[0m
[0;32mI (253) heap_init: At 4008DB84 len 0001247C (73 KiB): IRAM[0m
[0;33mW (260) spi_flash: Detected boya flash chip but using generic driver. For optimal functionality, enable `SPI_FLASH_SUPPORT_BOYA_CHIP` in menuconfig[0m
[0;32mI (271) spi_flash: detected chip: generic[0m
[0;32mI (275) spi_flash: flash io: dio[0m
[0;33mW (278) spi_flash: Detected size(4096k) larger than the size in the binary image header(2048k). Using the size in the binary image header.[0m
[0;32mI (291) main_task: Started on CPU0[0m
[0;32mI (301) main_task: Calling app_main()[0m
Probing SSD1306...
SSD1306 detected
[0;32mI (301) I: 00[0m

assert failed: xTaskGenericNotifyFromISR tasks.c:6033 (xTaskToNotify)


Backtrace: 0x40085971:0x3ffb0ef0 0x40085939:0x3ffb0f10 0x4008bead:0x3ffb0f30 0x40088816:0x3ffb1050 0x400826bf:0x3ffb1080 0x4008400c:0x3ffb10b0 0x40082a71:0x3ffb10e0 0x4000bfed:0x3ffb6ec0 0x400868ee:0x3ffb6ed0 0x4008634e:0x3ffb6ef0 0x400d6655:0x3ffb6f30 0x40086591:0x3ffb6f60




ELF file SHA256: 7fc11954f

Rebooting...
ets Jul 29 2019 12:21:46

rst:0xc (SW_CPU_RESET),boot:0x13 (SPI_FAST_FLASH_BOOT)
configsip: 0, SPIWP:0xee
clk_drv:0x00,q_drv:0x00,d_drv:0x00,cs0_drv:0x00,hd_drv:0x00,wp_drv:0x00
mode:DIO, clock div:2
load:0x3fff0030,len:6384
load:0x40078000,len:15916
load:0x40080400,len:3920
entry 0x40080644
[0;32mI (27) boot: ESP-IDF v5.5.2 2nd stage bootloader[0m
[0;32mI (27) boot: compile time Jan 30 2026 17:17:10[0m
[0;32mI (27) boot: Multicore bootloader[0m
[0;32mI (29) boot: chip revision: v3.1[0m
[0;32mI (31) boot.esp32: SPI Speed      : 40MHz[0m
[0;32mI (35) boot.esp32: SPI Mode       : DIO[0m
[0;32mI (39) boot.esp32: SPI Flash Size : 2MB[0m
[0;32mI (42) boot: Enabling RNG early entropy source...[0m
[0;32mI (47) boot: Partition Table:[0m
[0;32mI (49) boot: ## Label            Usage          Type ST Offset   Length[0m
[0;32mI (56) boot:  0 nvs              WiFi data        01 02 00009000 00006000[0m
[0;32mI (62) boot:  1 phy_init         RF data          01 01 0000f000 00001000[0m
[0;32mI (69) boot:  2 factory          factory app      00 00 00010000 00100000[0m
[0;32mI (75) boot: End of partition table[0m
[0;32mI (79) esp_image: segment 0: paddr=00010020 vaddr=3f400020 size=0bb14h ( 47892) map[0m
[0;32mI (102) esp_image: segment 1: paddr=0001bb3c vaddr=3ffb0000 size=02420h (  9248) load[0m
[0;32mI (106) esp_image: segment 2: paddr=0001df64 vaddr=40080000 size=020b4h (  8372) load[0m
[0;32mI (110) esp_image: segment 3: paddr=00020020 vaddr=400d0020 size=147e0h ( 83936) map[0m
[0;32mI (143) esp_image: segment 4: paddr=00034808 vaddr=400820b4 size=0bad0h ( 47824) load[0m
[0;32mI (161) esp_image: segment 5: paddr=000402e0 vaddr=50000000 size=00020h (    32) load[0m
[0;32mI (168) boot: Loaded app from partition at offset 0x10000[0m
[0;32mI (169) boot: Disabling RNG early entropy source...[0m
[0;32mI (180) cpu_start: Multicore app[0m
[0;32mI (188) cpu_start: GPIO 3 and 1 are used as console UART I/O pins[0m
[0;32mI (188) cpu_start: Pro cpu start user code[0m
[0;32mI (188) cpu_start: cpu freq: 160000000 Hz[0m
[0;32mI (190) app_init: Application information:[0m
[0;32mI (194) app_init: Project name:     cazio[0m
[0;32mI (197) app_init: App version:      1[0m
[0;32mI (201) app_init: Compile time:     Feb  4 2026 21:04:03[0m
[0;32mI (206) app_init: ELF file SHA256:  7fc11954f...[0m
[0;32mI (210) app_init: ESP-IDF:          v5.5.2[0m
[0;32mI (214) efuse_init: Min chip rev:     v0.0[0m
[0;32mI (218) efuse_init: Max chip rev:     v3.99 [0m
[0;32mI (222) efuse_init: Chip rev:         v3.1[0m
[0;32mI (226) heap_init: Initializing. RAM available for dynamic allocation:[0m
[0;32mI (232) heap_init: At 3FFAE6E0 len 00001920 (6 KiB): DRAM[0m
[0;32mI (237) heap_init: At 3FFB3178 len 0002CE88 (179 KiB): DRAM[0m
[0;32mI (242) heap_init: At 3FFE0440 len 00003AE0 (14 KiB): D/IRAM[0m
[0;32mI (248) heap_init: At 3FFE4350 len 0001BCB0 (111 KiB): D/IRAM[0m
[0;32mI (253) heap_init: At 4008DB84 len 0001247C (73 KiB): IRAM[0m
[0;33mW (260) spi_flash: Detected boya flash chip but using generic driver. For optimal functionality, enable `SPI_FLASH_SUPPORT_BOYA_CHIP` in menuconfig[0m
[0;32mI (271) spi_flash: detected chip: generic[0m
[0;32mI (275) spi_flash: flash io: dio[0m
[0;33mW (278) spi_flash: Detected size(4096k) larger than the size in the binary image header(2048k). Using the size in the binary image header.[0m
[0;32mI (291) main_task: Started on CPU0[0m
[0;32mI (301) main_task: Calling app_main()[0m
Probing SSD1306...
SSD1306 detected
[0;32mI (301) I: 00[0m

assert failed: xTaskGenericNotifyFromISR tasks.c:6033 (xTaskToNotify)


Backtrace: 0x40085971:0x3ffb0ef0 0x40085939:0x3ffb0f10 0x4008bead:0x3ffb0f30 0x40088816:0x3ffb1050 0x400826bf:0x3ffb1080 0x4008400c:0x3ffb10b0 0x40082a71:0x3ffb10e0 0x4000bfed:0x3ffb6ec0 0x400868ee:0x3ffb6ed0 0x4008634e:0x3ffb6ef0 0x400d6655:0x3ffb6f30 0x40086591:0x3ffb6f60




ELF file SHA256: 7fc11954f

Rebooting...
ets Jul 29 2019 12:21:46

rst:0xc (SW_CPU_RESET),boot:0x13 (SPI_FAST_FLASH_BOOT)
configsip: 0, SPIWP:0xee
clk_drv:0x00,q_drv:0x00,d_drv:0x00,cs0_drv:0x00,hd_drv:0x00,wp_drv:0x00
mode:DIO, clock div:2
load:0x3fff0030,len:6384
load:0x40078000,len:15916
load:0x40080400,len:3920
entry 0x40080644
[0;32mI (27) boot: ESP-IDF v5.5.2 2nd stage bootloader[0m
[0;32mI (27) boot: compile time Jan 30 2026 17:17:10[0m
[0;32mI (27) boot: Multicore bootloader[0m
[0;32mI (29) boot: chip revision: v3.1[0m
[0;32mI (31) boot.esp32: SPI Speed      : 40MHz[0m
[0;32mI (35) boot.esp32: SPI Mode       : DIO[0m
[0;32mI (39) boot.esp32: SPI Flash Size : 2MB[0m
[0;32mI (42) boot: Enabling RNG early entropy source...[0m
[0;32mI (47) boot: Partition Table:[0m
[0;32mI (49) boot: ## Label            Usage          Type ST Offset   Length[0m
[0;32mI (56) boot:  0 nvs              WiFi data        01 02 00009000 00006000[0m
[0;32mI (62) boot:  1 phy_init         RF data          01 01 0000f000 00001000[0m
[0;32mI (69) boot:  2 factory          factory app      00 00 00010000 00100000[0m
[0;32mI (75) boot: End of partition table[0m
[0;32mI (79) esp_image: segment 0: paddr=00010020 vaddr=3f400020 size=0bb14h ( 47892) map[0m
[0;32mI (102) esp_image: segment 1: paddr=0001bb3c vaddr=3ffb0000 size=02420h (  9248) load[0m
[0;32mI (106) esp_image: segment 2: paddr=0001df64 vaddr=40080000 size=020b4h (  8372) load[0m
[0;32mI (110) esp_image: segment 3: paddr=00020020 vaddr=400d0020 size=147e0h ( 83936) map[0m
[0;32mI (143) esp_image: segment 4: paddr=00034808 vaddr=400820b4 size=0bad0h ( 47824) load[0m
[0;32mI (161) esp_image: segment 5: paddr=000402e0 vaddr=50000000 size=00020h (    32) load[0m
[0;32mI (168) boot: Loaded app from partition at offset 0x10000[0m
[0;32mI (169) boot: Disabling RNG early entropy source...[0m
[0;32mI (180) cpu_start: Multicore app[0m
[0;32mI (188) cpu_start: GPIO 3 and 1 are used as console UART I/O pins[0m
[0;32mI (188) cpu_start: Pro cpu start user code[0m
[0;32mI (188) cpu_start: cpu freq: 160000000 Hz[0m
[0;32mI (190) app_init: Application information:[0m
[0;32mI (194) app_init: Project name:     cazio[0m
[0;32mI (197) app_init: App version:      1[0m
[0;32mI (201) app_init: Compile time:     Feb  4 2026 21:04:03[0m
[0;32mI (206) app_init: ELF file SHA256:  7fc11954f...[0m
[0;32mI (210) app_init: ESP-IDF:          v5.5.2[0m
[0;32mI (214) efuse_init: Min chip rev:     v0.0[0m
[0;32mI (218) efuse_init: Max chip rev:     v3.99 [0m
[0;32mI (222) efuse_init: Chip rev:         v3.1[0m
[0;32mI (226) heap_init: Initializing. RAM available for dynamic allocation:[0m
[0;32mI (232) heap_init: At 3FFAE6E0 len 00001920 (6 KiB): DRAM[0m
[0;32mI (237) heap_init: At 3FFB3178 len 0002CE88 (179 KiB): DRAM[0m
[0;32mI (242) heap_init: At 3FFE0440 len 00003AE0 (14 KiB): D/IRAM[0m
[0;32mI (248) heap_init: At 3FFE4350 len 0001BCB0 (111 KiB): D/IRAM[0m
[0;32mI (253) heap_init: At 4008DB84 len 0001247C (73 KiB): IRAM[0m
[0;33mW (260) spi_flash: Detected boya flash chip but using generic driver. For optimal functionality, enable `SPI_FLASH_SUPPORT_BOYA_CHIP` in menuconfig[0m
[0;32mI (271) spi_flash: detected chip: generic[0m
[0;32mI (275) spi_flash: flash io: dio[0m
[0;33mW (278) spi_flash: Detected size(4096k) larger than the size in the binary image header(2048k). Using the size in the binary image header.[0m
[0;32mI (291) main_task: Started on CPU0[0m
[0;32mI (301) main_task: Calling app_main()[0m
Probing SSD1306...
SSD1306 detected
[0;32mI (301) I: 00[0m

assert failed: xTaskGenericNotifyFromISR tasks.c:6033 (xTaskToNotify)


Backtrace: 0x40085971:0x3ffb0ef0 0x40085939:0x3ffb0f10 0x4008bead:0x3ffb0f30 0x40088816:0x3ffb1050 0x400826bf:0x3ffb1080 0x4008400c:0x3ffb10b0 0x40082a71:0x3ffb10e0 0x4000bfed:0x3ffb6ec0 0x400868ee:0x3ffb6ed0 0x4008634e:0x3ffb6ef0 0x400d6655:0x3ffb6f30 0x40086591:0x3ffb6f60




ELF file SHA256: 7fc11954f

Rebooting...
ets Jul 29 2019 12:21:46

rst:0xc (SW_CPU_RESET),boot:0x13 (SPI_FAST_FLASH_BOOT)
configsip: 0, SPIWP:0xee
clk_drv:0x00,q_drv:0x00,d_drv:0x00,cs0_drv:0x00,hd_drv:0x00,wp_drv:0x00
mode:DIO, clock div:2
load:0x3fff0030,len:6384
load:0x40078000,len:15916
load:0x40080400,len:3920
entry 0x40080644
[0;32mI (27) boot: ESP-IDF v5.5.2 2nd stage bootloader[0m
[0;32mI (27) boot: compile time Jan 30 2026 17:17:10[0m
[0;32mI (27) boot: Multicore bootloader[0m
[0;32mI (29) boot: chip revision: v3.1[0m
[0;32mI (31) boot.esp32: SPI Speed      : 40MHz[0m
[0;32mI (35) boot.esp32: SPI Mode       : DIO[0m
[0;32mI (39) boot.esp32: SPI Flash Size : 2MB[0m
[0;32mI (42) boot: Enabling RNG early entropy source...[0m
[0;32mI (47) boot: Partition Table:[0m
[0;32mI (49) boot: ## Label            Usage          Type ST Offset   Length[0m
[0;32mI (56) boot:  0 nvs              WiFi data        01 02 00009000 00006000[0m
[0;32mI (62) boot:  1 phy_init         RF data          01 01 0000f000 00001000[0m
[0;32mI (69) boot:  2 factory          factory app      00 00 00010000 00100000[0m
[0;32mI (75) boot: End of partition table[0m
[0;32mI (79) esp_image: segment 0: paddr=00010020 vaddr=3f400020 size=0bb14h ( 47892) map[0m
[0;32mI (102) esp_image: segment 1: paddr=0001bb3c vaddr=3ffb0000 size=02420h (  9248) load[0m
[0;32mI (106) esp_image: segment 2: paddr=0001df64 vaddr=40080000 size=020b4h (  8372) load[0m
[0;32mI (110) esp_image: segment 3: paddr=00020020 vaddr=400d0020 size=147e0h ( 83936) map[0m
[0;32mI (143) esp_image: segment 4: paddr=00034808 vaddr=400820b4 size=0bad0h ( 47824) load[0m
[0;32mI (161) esp_image: segment 5: paddr=000402e0 vaddr=50000000 size=00020h (    32) load[0m
[0;32mI (168) boot: Loaded app from partition at offset 0x10000[0m
[0;32mI (169) boot: Disabling RNG early entropy source...[0m
[0;32mI (180) cpu_start: Multicore app[0m
[0;32mI (188) cpu_start: GPIO 3 and 1 are used as console UART I/O pins[0m
[0;32mI (188) cpu_start: Pro cpu start user code[0m
[0;32mI (188) cpu_start: cpu freq: 160000000 Hz[0m
I (190) app_init: Application information:
[0;32mI (194) app_init: Project name:     cazio[0m
[0;32mI (197) app_init: App version:      1[0m
[0;32mI (201) app_init: Compile time:     Feb  4 2026 21:04:03[0m
[0;32mI (206) app_init: ELF file SHA256:  7fc11954f...[0m
[0;32mI (210) app_init: ESP-IDF:          v5.5.2[0m
[0;32mI (214) efuse_init: Min chip rev:     v0.0[0m
[0;32mI (218) efuse_init: Max chip rev:     v3.99 [0m
[0;32mI (222) efuse_init: Chip rev:         v3.1[0m
[0;32mI (226) heap_init: Initializing. RAM available for dynamic allocation:[0m
[0;32mI (232) heap_init: At 3FFAE6E0 len 00001920 (6 KiB): DRAM[0m
[0;32mI (237) heap_init: At 3FFB3178 len 0002CE88 (179 KiB): DRAM[0m
[0;32mI (242) heap_init: At 3FFE0440 len 00003AE0 (14 KiB): D/IRAM[0m
[0;32mI (248) heap_init: At 3FFE4350 len 0001BCB0 (111 KiB): D/IRAM[0m
[0;32mI (253) heap_init: At 4008DB84 len 0001247C (73 KiB): IRAM[0m
[0;33mW (260) spi_flash: Detected boya flash chip but using generic driver. For optimal functionality, enable `SPI_FLASH_SUPPORT_BOYA_CHIP` in menuconfig[0m
[0;32mI (271) spi_flash: detected chip: generic[0m
[0;32mI (275) spi_flash: flash io: dio[0m
[0;33mW (278) spi_flash: Detected size(4096k) larger than the size in the binary image header(2048k). Using the size in the binary image header.[0m
[0;32mI (291) main_task: Started on CPU0[0m
[0;32mI (301) main_task: Calling app_main()[0m
Probing SSD1306...
SSD1306 detected
[0;32mI (301) I: 00[0m

assert failed: xTaskGenericNotifyFromISR tasks.c:6033 (xTaskToNotify)


Backtrace: 0x40085971:0x3ffb0ef0 0x40085939:0x3ffb0f10 0x4008bead:0x3ffb0f30 0x40088816:0x3ffb1050 0x400826bf:0x3ffb1080 0x4008400c:0x3ffb10b0 0x40082a71:0x3ffb10e0 0x4000bfed:0x3ffb6ec0 0x400868ee:0x3ffb6ed0 0x4008634e:0x3ffb6ef0 0x400d6655:0x3ffb6f30 0x40086591:0x3ffb6f60




ELF file SHA256: 7fc11954f

Rebooting...
ets Jul 29 2019 12:21:46

rst:0xc (SW_CPU_RESET),boot:0x13 (SPI_FAST_FLASH_BOOT)
configsip: 0, SPIWP:0xee
clk_drv:0x00,q_drv:0x00,d_drv:0x00,cs0_drv:0x00,hd_drv:0x00,wp_drv:0x00
mode:DIO, clock div:2
load:0x3fff0030,len:6384
load:0x40078000,len:15916
load:0x40080400,len:3920
entry 0x40080644
[0;32mI (27) boot: ESP-IDF v5.5.2 2nd stage bootloader[0m
[0;32mI (27) boot: compile time Jan 30 2026 17:17:10[0m
[0;32mI (27) boot: Multicore bootloader[0m
[0;32mI (29) boot: chip revision: v3.1[0m
[0;32mI (31) boot.esp32: SPI Speed      : 40MHz[0m
[0;32mI (35) boot.esp32: SPI Mode       : DIO[0m
[0;32mI (39) boot.esp32: SPI Flash Size : 2MB[0m
[0;32mI (42) boot: Enabling RNG early entropy source...[0m
[0;32mI (47) boot: Partition Table:[0m
[0;32mI (49) boot: ## Label            Usage          Type ST Offset   Length[0m
[0;32mI (56) boot:  0 nvs              WiFi data        01 02 00009000 00006000[0m
[0;32mI (62) boot:  1 phy_init         RF data          01 01 0000f000 00001000[0m
[0;32mI (69) boot:  2 factory          factory app      00 00 00010000 00100000[0m
[0;32mI (75) boot: End of partition table[0m
[0;32mI (79) esp_image: segment 0: paddr=00010020 vaddr=3f400020 size=0bb14h ( 47892) map[0m
[0;32mI (102) esp_image: segment 1: paddr=0001bb3c vaddr=3ffb0000 size=02420h (  9248) load[0m
[0;32mI (106) esp_image: segment 2: paddr=0001df64 vaddr=40080000 size=020b4h (  8372) load[0m
[0;32mI (110) esp_image: segment 3: paddr=00020020 vaddr=400d0020 size=147e0h ( 83936) map[0m
[0;32mI (143) esp_image: segment 4: paddr=00034808 vaddr=400820b4 size=0bad0h ( 47824) load[0m
[0;32mI (161) esp_image: segment 5: paddr=000402e0 vaddr=50000000 size=00020h (    32) load[0m
[0;32mI (168) boot: Loaded app from partition at offset 0x10000[0m
[0;32mI (169) boot: Disabling RNG early entropy source...[0m
[0;32mI (180) cpu_start: Multicore app[0m
[0;32mI (188) cpu_start: GPIO 3 and 1 are used as console UART I/O pins[0m
[0;32mI (188) cpu_start: Pro cpu start user code[0m
[0;32mI (188) cpu_start: cpu freq: 160000000 Hz[0m
[0;32mI (190) app_init: Application information:[0m
[0;32mI (194) app_init: Project name:     cazio[0m
[0;32mI (197) app_init: App version:      1[0m
[0;32mI (201) app_init: Compile time:     Feb  4 2026 21:04:03[0m
[0;32mI (206) app_init: ELF file SHA256:  7fc11954f...[0m
[0;32mI (210) app_init: ESP-IDF:          v5.5.2[0m
[0;32mI (214) efuse_init: Min chip rev:     v0.0[0m
[0;32mI (218) efuse_init: Max chip rev:     v3.99 [0m
[0;32mI (222) efuse_init: Chip rev:         v3.1[0m
[0;32mI (226) heap_init: Initializing. RAM available for dynamic allocation:[0m
[0;32mI (232) heap_init: At 3FFAE6E0 len 00001920 (6 KiB): DRAM[0m
[0;32mI (237) heap_init: At 3FFB3178 len 0002CE88 (179 KiB): DRAM[0m
[0;32mI (242) heap_init: At 3FFE0440 len 00003AE0 (14 KiB): D/IRAM[0m
[0;32mI (248) heap_init: At 3FFE4350 len 0001BCB0 (111 KiB): D/IRAM[0m
[0;32mI (253) heap_init: At 4008DB84 len 0001247C (73 KiB): IRAM[0m
[0;33mW (260) spi_flash: Detected boya flash chip but using generic driver. For optimal functionality, enable `SPI_FLASH_SUPPORT_BOYA_CHIP` in menuconfig[0m
[0;32mI (271) spi_flash: detected chip: generic[0m
[0;32mI (275) spi_flash: flash io: dio[0m
[0;33mW (278) spi_flash: Detected size(4096k) larger than the size in the binary image header(2048k). Using the size in the binary image header.[0m
[0;32mI (291) main_task: Started on CPU0[0m
[0;32mI (301) main_task: Calling app_main()[0m
Probing SSD1306...
SSD1306 detected
[0;32mI (301) I: 00[0m

assert failed: xTaskGenericNotifyFromISR tasks.c:6033 (xTaskToNotify)


Backtrace: 0x40085971:0x3ffb0ef0 0x40085939:0x3ffb0f10 0x4008bead:0x3ffb0f30 0x40088816:0x3ffb1050 0x400826bf:0x3ffb1080 0x4008400c:0x3ffb10b0 0x40082a71:0x3ffb10e0 0x4000bfed:0x3ffb6ec0 0x400868ee:0x3ffb6ed0 0x4008634e:0x3ffb6ef0 0x400d6655:0x3ffb6f30 0x40086591:0x3ffb6f60




ELF file SHA256: 7fc11954f

Rebooting...
ets Jul 29 2019 12:21:46

rst:0xc (SW_CPU_RESET),boot:0x13 (SPI_FAST_FLASH_BOOT)
configsip: 0, SPIWP:0xee
clk_drv:0x00,q_drv:0x00,d_drv:0x00,cs0_drv:0x00,hd_drv:0x00,wp_drv:0x00
mode:DIO, clock div:2
load:0x3fff0030,len:6384
load:0x40078000,len:15916
load:0x40080400,len:3920
entry 0x40080644
[0;32mI (27) boot: ESP-IDF v5.5.2 2nd stage bootloader[0m
[0;32mI (27) boot: compile time Jan 30 2026 17:17:10[0m
[0;32mI (27) boot: Multicore bootloader[0m
[0;32mI (29) boot: chip revision: v3.1[0m
[0;32mI (31) boot.esp32: SPI Speed      : 40MHz[0m
[0;32mI (35) boot.esp32: SPI Mode       : DIO[0m
[0;32mI (39) boot.esp32: SPI Flash Size : 2MB[0m
[0;32mI (42) boot: Enabling RNG early entropy source...[0m
[0;32mI (47) boot: Partition Table:[0m
[0;32mI (49) boot: ## Label            Usage          Type ST Offset   Length[0m
[0;32mI (56) boot:  0 nvs              WiFi data        01 02 00009000 00006000[0m
[0;32mI (62) boot:  1 phy_init         RF data          01 01 0000f000 00001000[0m
[0;32mI (69) boot:  2 factory          factory app      00 00 00010000 00100000[0m
[0;32mI (75) boot: End of partition table[0m
[0;32mI (79) esp_image: segment 0: paddr=00010020 vaddr=3f400020 size=0bb14h ( 47892) map[0m
[0;32mI (102) esp_image: segment 1: paddr=0001bb3c vaddr=3ffb0000 size=02420h (  9248) load[0m
[0;32mI (106) esp_image: segment 2: paddr=0001df64 vaddr=40080000 size=020b4h (  8372) load[0m
[0;32mI (110) esp_image: segment 3: paddr=00020020 vaddr=400d0020 size=147e0h ( 83936) map[0m
[0;32mI (143) esp_image: segment 4: paddr=00034808 vaddr=400820b4 size=0bad0h ( 47824) load[0m
[0;32mI (161) esp_image: segment 5: paddr=000402e0 vaddr=50000000 size=00020h (    32) load[0m
[0;32mI (168) boot: Loaded app from partition at offset 0x10000[0m
[0;32mI (169) boot: Disabling RNG early entropy source...[0m
[0;32mI (180) cpu_start: Multicore app[0m
[0;32mI (188) cpu_start: GPIO 3 and 1 are used as console UART I/O pins[0m
[0;32mI (188) cpu_start: Pro cpu start user code[0m
[0;32mI (188) cpu_start: cpu freq: 160000000 Hz[0m
[0;32mI (190) app_init: Application information:[0m
[0;32mI (194) app_init: Project name:     cazio[0m
[0;32mI (197) app_init: App version:      1[0m
[0;32mI (201) app_init: Compile time:     Feb  4 2026 21:04:03[0m
[0;32mI (206) app_init: ELF file SHA256:  7fc11954f...[0m
[0;32mI (210) app_init: ESP-IDF:          v5.5.2[0m
[0;32mI (214) efuse_init: Min chip rev:     v0.0[0m
[0;32mI (218) efuse_init: Max chip rev:     v3.99 [0m
[0;32mI (222) efuse_init: Chip rev:         v3.1[0m
[0;32mI (226) heap_init: Initializing. RAM available for dynamic allocation:[0m
[0;32mI (232) heap_init: At 3FFAE6E0 len 00001920 (6 KiB): DRAM[0m
[0;32mI (237) heap_init: At 3FFB3178 len 0002CE88 (179 KiB): DRAM[0m
[0;32mI (242) heap_init: At 3FFE0440 len 00003AE0 (14 KiB): D/IRAM[0m
[0;32mI (248) heap_init: At 3FFE4350 len 0001BCB0 (111 KiB): D/IRAM[0m
[0;32mI (253) heap_init: At 4008DB84 len 0001247C (73 KiB): IRAM[0m
[0;33mW (260) spi_flash: Detected boya flash chip but using generic driver. For optimal functionality, enable `SPI_FLASH_SUPPORT_BOYA_CHIP` in menuconfig[0m
[0;32mI (271) spi_flash: detected chip: generic[0m
[0;32mI (275) spi_flash: flash io: dio[0m
[0;33mW (278) spi_flash: Detected size(4096k) larger than the size in the binary image header(2048k). Using the size in the binary image header.[0m
[0;32mI (291) main_task: Started on CPU0[0m
[0;32mI (301) main_task: Calling app_main()[0m
Probing SSD1306...
SSD1306 detected
[0;32mI (301) I: 00[0m

assert failed: xTaskGenericNotifyFromISR tasks.c:6033 (xTaskToNotify)


Backtrace: 0x40085971:0x3ffb0ef0 0x40085939:0x3ffb0f10 0x4008bead:0x3ffb0f30 0x40088816:0x3ffb1050 0x400826bf:0x3ffb1080 0x4008400c:0x3ffb10b0 0x40082a71:0x3ffb10e0 0x4000bfed:0x3ffb6ec0 0x400868ee:0x3ffb6ed0 0x4008634e:0x3ffb6ef0 0x400d6655:0x3ffb6f30 0x40086591:0x3ffb6f60




ELF file SHA256: 7fc11954f

Rebooting...
ets Jul 29 2019 12:21:46

rst:0xc (SW_CPU_RESET),boot:0x13 (SPI_FAST_FLASH_BOOT)
configsip: 0, SPIWP:0xee
clk_drv:0x00,q_drv:0x00,d_drv:0x00,cs0_drv:0x00,hd_drv:0x00,wp_drv:0x00
mode:DIO, clock div:2
load:0x3fff0030,len:6384
load:0x40078000,len:15916
load:0x40080400,len:3920
entry 0x40080644
[0;32mI (27) boot: ESP-IDF v5.5.2 2nd stage bootloader[0m
[0;32mI (27) boot: compile time Jan 30 2026 17:17:10[0m
[0;32mI (27) boot: Multicore bootloader[0m
[0;32mI (29) boot: chip revision: v3.1[0m
[0;32mI (31) boot.esp32: SPI Speed      : 40MHz[0m
[0;32mI (35) boot.esp32: SPI Mode       : DIO[0m
[0;32mI (39) boot.esp32: SPI Flash Size : 2MB[0m
[0;32mI (42) boot: Enabling RNG early entropy source...[0m
[0;32mI (47) boot: Partition Table:[0m
[0;32mI (49) boot: ## Label            Usage          Type ST Offset   Length[0m
[0;32mI (56) boot:  0 nvs              WiFi data        01 02 00009000 00006000[0m
[0;32mI (62) boot:  1 phy_init         RF data          01 01 0000f000 00001000[0m
[0;32mI (69) boot:  2 factory          factory app      00 00 00010000 00100000[0m
[0;32mI (75) boot: End of partition table[0m
[0;32mI (79) esp_image: segment 0: paddr=00010020 vaddr=3f400020 size=0bb14h ( 47892) map[0m
[0;32mI (102) esp_image: segment 1: paddr=0001bb3c vaddr=3ffb0000 size=02420h (  9248) load[0m
[0;32mI (106) esp_image: segment 2: paddr=0001df64 vaddr=40080000 size=020b4h (  8372) load[0m
[0;32mI (110) esp_image: segment 3: paddr=00020020 vaddr=400d0020 size=147e0h ( 83936) map[0m
[0;32mI (143) esp_image: segment 4: paddr=00034808 vaddr=400820b4 size=0bad0h ( 47824) load[0m
[0;32mI (161) esp_image: segment 5: paddr=000402e0 vaddr=50000000 size=00020h (    32) load[0m
[0;32mI (168) boot: Loaded app from partition at offset 0x10000[0m
[0;32mI (169) boot: Disabling RNG early entropy source...[0m
[0;32mI (180) cpu_start: Multicore app[0m
[0;32mI (188) cpu_start: GPIO 3 and 1 are used as console UART I/O pins[0m
[0;32mI (188) cpu_start: Pro cpu start user code[0m
[0;32mI (188) cpu_start: cpu freq: 160000000 Hz[0m
[0;32mI (190) app_init: Application information:[0m
[0;32mI (194) app_init: Project name:     cazio[0m
[0;32mI (197) app_init: App version:      1[0m
[0;32mI (201) app_init: Compile time:     Feb  4 2026 21:04:03[0m
[0;32mI (206) app_init: ELF file SHA256:  7fc11954f...[0m
[0;32mI (210) app_init: ESP-IDF:          v5.5.2[0m
[0;32mI (214) efuse_init: Min chip rev:     v0.0[0m
[0;32mI (218) efuse_init: Max chip rev:     v3.99 [0m
[0;32mI (222) efuse_init: Chip rev:         v3.1[0m
[0;32mI (226) heap_init: Initializing. RAM available for dynamic allocation:[0m
[0;32mI (232) heap_init: At 3FFAE6E0 len 00001920 (6 KiB): DRAM[0m
[0;32mI (237) heap_init: At 3FFB3178 len 0002CE88 (179 KiB): DRAM[0m
[0;32mI (242) heap_init: At 3FFE0440 len 00003AE0 (14 KiB): D/IRAM[0m
[0;32mI (248) heap_init: At 3FFE4350 len 0001BCB0 (111 KiB): D/IRAM[0m
[0;32mI (253) heap_init: At 4008DB84 len 0001247C (73 KiB): IRAM[0m
[0;33mW (260) spi_flash: Detected boya flash chip but using generic driver. For optimal functionality, enable `SPI_FLASH_SUPPORT_BOYA_CHIP` in menuconfig[0m
[0;32mI (271) spi_flash: detected chip: generic[0m
[0;32mI (275) spi_flash: flash io: dio[0m
[0;33mW (278) spi_flash: Detected size(4096k) larger than the size in the binary image header(2048k). Using the size in the binary image header.[0m
[0;32mI (291) main_task: Started on CPU0[0m
[0;32mI (301) main_task: Calling app_main()[0m
Probing SSD1306...
SSD1306 detected
[0;32mI (301) I: 00[0m

assert failed: xTaskGenericNotifyFromISR tasks.c:6033 (xTaskToNotify)


Backtrace: 0x40085971:0x3ffb0ef0 0x40085939:0x3ffb0f10 0x4008bead:0x3ffb0f30 0x40088816:0x3ffb1050 0x400826bf:0x3ffb1080 0x4008400c:0x3ffb10b0 0x40082a71:0x3ffb10e0 0x4000bfed:0x3ffb6ec0 0x400868ee:0x3ffb6ed0 0x4008634e:0x3ffb6ef0 0x400d6655:0x3ffb6f30 0x40086591:0x3ffb6f60




ELF file SHA256: 7fc11954f

Rebooting...
ets Jul 29 2019 12:21:46

rst:0xc (SW_CPU_RESET),boot:0x13 (SPI_FAST_FLASH_BOOT)
configsip: 0, SPIWP:0xee
clk_drv:0x00,q_drv:0x00,d_drv:0x00,cs0_drv:0x00,hd_drv:0x00,wp_drv:0x00
mode:DIO, clock div:2
load:0x3fff0030,len:6384
load:0x40078000,len:15916
load:0x40080400,len:3920
entry 0x40080644
[0;32mI (27) boot: ESP-IDF v5.5.2 2nd stage bootloader[0m
[0;32mI (27) boot: compile time Jan 30 2026 17:17:10[0m
[0;32mI (27) boot: Multicore bootloader[0m
[0;32mI (29) boot: chip revision: v3.1[0m
[0;32mI (31) boot.esp32: SPI Speed      : 40MHz[0m
[0;32mI (35) boot.esp32: SPI Mode       : DIO[0m
[0;32mI (39) boot.esp32: SPI Flash Size : 2MB[0m
[0;32mI (42) boot: Enabling RNG early entropy source...[0m
[0;32mI (47) boot: Partition Table:[0m
[0;32mI (49) boot: ## Label            Usage          Type ST Offset   Length[0m
[0;32mI (56) boot:  0 nvs              WiFi data        01 02 00009000 00006000[0m
[0;32mI (62) boot:  1 phy_init         RF data          01 01 0000f000 00001000[0m
[0;32mI (69) boot:  2 factory          factory app      00 00 00010000 00100000[0m
[0;32mI (75) boot: End of partition table[0m
[0;32mI (79) esp_image: segment 0: paddr=00010020 vaddr=3f400020 size=0bb14h ( 47892) map[0m
[0;32mI (102) esp_image: segment 1: paddr=0001bb3c vaddr=3ffb0000 size=02420h (  9248) load[0m
[0;32mI (106) esp_image: segment 2: paddr=0001df64 vaddr=40080000 size=020b4h (  8372) load[0m
[0;32mI (110) esp_image: segment 3: paddr=00020020 vaddr=400d0020 size=147e0h ( 83936) map[0m
[0;32mI (143) esp_image: segment 4: paddr=00034808 vaddr=400820b4 size=0bad0h ( 47824) load[0m
[0;32mI (161) esp_image: segment 5: paddr=000402e0 vaddr=50000000 size=00020h (    32) load[0m
[0;32mI (168) boot: Loaded app from partition at offset 0x10000[0m
[0;32mI (169) boot: Disabling RNG early entropy source...[0m
[0;32mI (180) cpu_start: Multicore app[0m
[0;32mI (188) cpu_start: GPIO 3 and 1 are used as console UART I/O pins[0m
[0;32mI (188) cpu_start: Pro cpu start user code[0m
[0;32mI (188) cpu_start: cpu freq: 160000000 Hz[0m
[0;32mI (190) app_init: Application information:[0m
[0;32mI (194) app_init: Project name:     cazio[0m
[0;32mI (197) app_init: App version:      1[0m
[0;32mI (201) app_init: Compile time:     Feb  4 2026 21:04:03[0m
[0;32mI (206) app_init: ELF file SHA256:  7fc11954f...[0m
[0;32mI (210) app_init: ESP-IDF:          v5.5.2[0m
[0;32mI (214) efuse_init: Min chip rev:     v0.0[0m
[0;32mI (218) efuse_init: Max chip rev:     v3.99 [0m
[0;32mI (222) efuse_init: Chip rev:         v3.1[0m
[0;32mI (226) heap_init: Initializing. RAM available for dynamic allocation:[0m
[0;32mI (232) heap_init: At 3FFAE6E0 len 00001920 (6 KiB): DRAM[0m
[0;32mI (237) heap_init: At 3FFB3178 len 0002CE88 (179 KiB): DRAM[0m
[0;32mI (242) heap_init: At 3FFE0440 len 00003AE0 (14 KiB): D/IRAM[0m
[0;32mI (248) heap_init: At 3FFE4350 len 0001BCB0 (111 KiB): D/IRAM[0m
[0;32mI (253) heap_init: At 4008DB84 len 0001247C (73 KiB): IRAM[0m
[0;33mW (260) spi_flash: Detected boya flash chip but using generic driver. For optimal functionality, enable `SPI_FLASH_SUPPORT_BOYA_CHIP` in menuconfig[0m
[0;32mI (271) spi_flash: detected chip: generic[0m
[0;32mI (275) spi_flash: flash io: dio[0m
[0;33mW (278) spi_flash: Detected size(4096k) larger than the size in the binary image header(2048k). Using the size in the binary image header.[0m
[0;32mI (291) main_task: Started on CPU0[0m
[0;32mI (301) main_task: Calling app_main()[0m
Probing SSD1306...
SSD1306 detected
[0;32mI (301) I: 00[0m

assert failed: xTaskGenericNotifyFromISR tasks.c:6033 (xTaskToNotify)


Backtrace: 0x40085971:0x3ffb0ef0 0x40085939:0x3ffb0f10 0x4008bead:0x3ffb0f30 0x40088816:0x3ffb1050 0x400826bf:0x3ffb1080 0x4008400c:0x3ffb10b0 0x40082a71:0x3ffb10e0 0x4000bfed:0x3ffb6ec0 0x400868ee:0x3ffb6ed0 0x4008634e:0x3ffb6ef0 0x400d6655:0x3ffb6f30 0x40086591:0x3ffb6f60




ELF file SHA256: 7fc11954f

Rebooting...
ets Jul 29 2019 12:21:46

rst:0xc (SW_CPU_RESET),boot:0x13 (SPI_FAST_FLASH_BOOT)
configsip: 0, SPIWP:0xee
clk_drv:0x00,q_drv:0x00,d_drv:0x00,cs0_drv:0x00,hd_drv:0x00,wp_drv:0x00
mode:DIO, clock div:2
load:0x3fff0030,len:6384
load:0x40078000,len:15916
load:0x40080400,len:3920
entry 0x40080644
[0;32mI (27) boot: ESP-IDF v5.5.2 2nd stage bootloader[0m
[0;32mI (27) boot: compile time Jan 30 2026 17:17:10[0m
[0;32mI (27) boot: Multicore bootloader[0m
[0;32mI (29) boot: chip revision: v3.1[0m
[0;32mI (31) boot.esp32: SPI Speed      : 40MHz[0m
[0;32mI (35) boot.esp32: SPI Mode       : DIO[0m
[0;32mI (39) boot.esp32: SPI Flash Size : 2MB[0m
[0;32mI (42) boot: Enabling RNG early entropy source...[0m
[0;32mI (47) boot: Partition Table:[0m
[0;32mI (49) boot: ## Label            Usage          Type ST Offset   Length[0m
[0;32mI (56) boot:  0 nvs              WiFi data        01 02 00009000 00006000[0m
[0;32mI (62) boot:  1 phy_init         RF data          01 01 0000f000 00001000[0m
[0;32mI (69) boot:  2 factory          factory app      00 00 00010000 00100000[0m
[0;32mI (75) boot: End of partition table[0m
[0;32mI (79) esp_image: segment 0: paddr=00010020 vaddr=3f400020 size=0bb14h ( 47892) map[0m
[0;32mI (102) esp_image: segment 1: paddr=0001bb3c vaddr=3ffb0000 size=02420h (  9248) load[0m
[0;32mI (106) esp_image: segment 2: paddr=0001df64 vaddr=40080000 size=020b4h (  8372) load[0m
[0;32mI (110) esp_image: segment 3: paddr=00020020 vaddr=400d0020 size=147e0h ( 83936) map[0m
[0;32mI (143) esp_image: segment 4: paddr=00034808 vaddr=400820b4 size=0bad0h ( 47824) load[0m
[0;32mI (161) esp_image: segment 5: paddr=000402e0 vaddr=50000000 size=00020h (    32) load[0m
[0;32mI (168) boot: Loaded app from partition at offset 0x10000[0m
[0;32mI (169) boot: Disabling RNG early entropy source...[0m
[0;32mI (180) cpu_start: Multicore app[0m
[0;32mI (188) cpu_start: GPIO 3 and 1 are used as console UART I/O pins[0m
[0;32mI (188) cpu_start: Pro cpu start user code[0m
[0;32mI (188) cpu_start: cpu freq: 160000000 Hz[0m
[0;32mI (190) app_init: Application information:[0m
[0;32mI (194) app_init: Project name:     cazio[0m
[0;32mI (197) app_init: App version:      1[0m
[0;32mI (201) app_init: Compile time:     Feb  4 2026 21:04:03[0m
[0;32mI (206) app_init: ELF file SHA256:  7fc11954f...[0m
[0;32mI (210) app_init: ESP-IDF:          v5.5.2[0m
[0;32mI (214) efuse_init: Min chip rev:     v0.0[0m
[0;32mI (218) efuse_init: Max chip rev:     v3.99 [0m
[0;32mI (222) efuse_init: Chip rev:         v3.1[0m
[0;32mI (226) heap_init: Initializing. RAM available for dynamic allocation:[0m
[0;32mI (232) heap_init: At 3FFAE6E0 len 00001920 (6 KiB): DRAM[0m
[0;32mI (237) heap_init: At 3FFB3178 len 0002CE88 (179 KiB): DRAM[0m
[0;32mI (242) heap_init: At 3FFE0440 len 00003AE0 (14 KiB): D/IRAM[0m
[0;32mI (248) heap_init: At 3FFE4350 len 0001BCB0 (111 KiB): D/IRAM[0m
[0;32mI (253) heap_init: At 4008DB84 len 0001247C (73 KiB): IRAM[0m
[0;33mW (260) spi_flash: Detected boya flash chip but using generic driver. For optimal functionality, enable `SPI_FLASH_SUPPORT_BOYA_CHIP` in menuconfig[0m
[0;32mI (271) spi_flash: detected chip: generic[0m
[0;32mI (275) spi_flash: flash io: dio[0m
[0;33mW (278) spi_flash: Detected size(4096k) larger than the size in the binary image header(2048k). Using the size in the binary image header.[0m
[0;32mI (291) main_task: Started on CPU0[0m
[0;32mI (301) main_task: Calling app_main()[0m
Probing SSD1306...
SSD1306 detected
[0;32mI (301) I: 00[0m

assert failed: xTaskGenericNotifyFromISR tasks.c:6033 (xTaskToNotify)


Backtrace: 0x40085971:0x3ffb0ef0 0x40085939:0x3ffb0f10 0x4008bead:0x3ffb0f30 0x40088816:0x3ffb1050 0x400826bf:0x3ffb1080 0x4008400c:0x3ffb10b0 0x40082a71:0x3ffb10e0 0x4000bfed:0x3ffb6ec0 0x400868ee:0x3ffb6ed0 0x4008634e:0x3ffb6ef0 0x400d6655:0x3ffb6f30 0x40086591:0x3ffb6f60




ELF file SHA256: 7fc11954f

Rebooting...
ets Jul 29 2019 12:21:46

rst:0xc (SW_CPU_RESET),boot:0x13 (SPI_FAST_FLASH_BOOT)
configsip: 0, SPIWP:0xee
clk_drv:0x00,q_drv:0x00,d_drv:0x00,cs0_drv:0x00,hd_drv:0x00,wp_drv:0x00
mode:DIO, clock div:2
load:0x3fff0030,len:6384
load:0x40078000,len:15916
load:0x40080400,len:3920
entry 0x40080644
[0;32mI (27) boot: ESP-IDF v5.5.2 2nd stage bootloader[0m
[0;32mI (27) boot: compile time Jan 30 2026 17:17:10[0m
[0;32mI (27) boot: Multicore bootloader[0m
[0;32mI (29) boot: chip revision: v3.1[0m
[0;32mI (31) boot.esp32: SPI Speed      : 40MHz[0m
[0;32mI (35) boot.esp32: SPI Mode       : DIO[0m
[0;32mI (39) boot.esp32: SPI Flash Size : 2MB[0m
[0;32mI (42) boot: Enabling RNG early entropy source...[0m
[0;32mI (47) boot: Partition Table:[0m
[0;32mI (49) boot: ## Label            Usage          Type ST Offset   Length[0m
[0;32mI (56) boot:  0 nvs              WiFi data        01 02 00009000 00006000[0m
[0;32mI (62) boot:  1 phy_init         RF data          01 01 0000f000 00001000[0m
[0;32mI (69) boot:  2 factory          factory app      00 00 00010000 00100000[0m
[0;32mI (75) boot: End of partition table[0m
[0;32mI (79) esp_image: segment 0: paddr=00010020 vaddr=3f400020 size=0bb14h ( 47892) map[0m
[0;32mI (102) esp_image: segment 1: paddr=0001bb3c vaddr=3ffb0000 size=02420h (  9248) load[0m
[0;32mI (106) esp_image: segment 2: paddr=0001df64 vaddr=40080000 size=020b4h (  8372) load[0m
[0;32mI (110) esp_image: segment 3: paddr=00020020 vaddr=400d0020 size=147e0h ( 83936) map[0m
[0;32mI (143) esp_image: segment 4: paddr=00034808 vaddr=400820b4 size=0bad0h ( 47824) load[0m
[0;32mI (161) esp_image: segment 5: paddr=000402e0 vaddr=50000000 size=00020h (    32) load[0m
[0;32mI (168) boot: Loaded app from partition at offset 0x10000[0m
[0;32mI (169) boot: Disabling RNG early entropy source...[0m
[0;32mI (180) cpu_start: Multicore app[0m
[0;32mI (188) cpu_start: GPIO 3 and 1 are used as console UART I/O pins[0m
[0;32mI (188) cpu_start: Pro cpu start user code[0m
[0;32mI (188) cpu_start: cpu freq: 160000000 Hz[0m
[0;32mI (190) app_init: Application information:[0m
[0;32mI (194) app_init: Project name:     cazio[0m
[0;32mI (197) app_init: App version:      1[0m
[0;32mI (201) app_init: Compile time:     Feb  4 2026 21:04:03[0m
[0;32mI (206) app_init: ELF file SHA256:  7fc11954f...[0m
[0;32mI (210) app_init: ESP-IDF:          v5.5.2[0m
[0;32mI (214) efuse_init: Min chip rev:     v0.0[0m
[0;32mI (218) efuse_init: Max chip rev:     v3.99 [0m
[0;32mI (222) efuse_init: Chip rev:         v3.1[0m
[0;32mI (226) heap_init: Initializing. RAM available for dynamic allocation:[0m
[0;32mI (232) heap_init: At 3FFAE6E0 len 00001920 (6 KiB): DRAM[0m
[0;32mI (237) heap_init: At 3FFB3178 len 0002CE88 (179 KiB): DRAM[0m
[0;32mI (242) heap_init: At 3FFE0440 len 00003AE0 (14 KiB): D/IRAM[0m
[0;32mI (248) heap_init: At 3FFE4350 len 0001BCB0 (111 KiB): D/IRAM[0m
[0;32mI (253) heap_init: At 4008DB84 len 0001247C (73 KiB): IRAM[0m
[0;33mW (260) spi_flash: Detected boya flash chip but using generic driver. For optimal functionality, enable `SPI_FLASH_SUPPORT_BOYA_CHIP` in menuconfig[0m
[0;32mI (271) spi_flash: detected chip: generic[0m
[0;32mI (275) spi_flash: flash io: dio[0m
[0;33mW (278) spi_flash: Detected size(4096k) larger than the size in the binary image header(2048k). Using the size in the binary image header.[0m
[0;32mI (291) main_task: Started on CPU0[0m
[0;32mI (301) main_task: Calling app_main()[0m
Probing SSD1306...
SSD1306 detected
[0;32mI (301) I: 00[0m

assert failed: xTaskGenericNotifyFromISR tasks.c:6033 (xTaskToNotify)


Backtrace: 0x40085971:0x3ffb0ef0 0x40085939:0x3ffb0f10 0x4008bead:0x3ffb0f30 0x40088816:0x3ffb1050 0x400826bf:0x3ffb1080 0x4008400c:0x3ffb10b0 0x40082a71:0x3ffb10e0 0x4000bfed:0x3ffb6ec0 0x400868ee:0x3ffb6ed0 0x4008634e:0x3ffb6ef0 0x400d6655:0x3ffb6f30 0x40086591:0x3ffb6f60




ELF file SHA256: 7fc11954f

Rebooting...
ets Jul 29 2019 12:21:46

rst:0xc (SW_CPU_RESET),boot:0x13 (SPI_FAST_FLASH_BOOT)
configsip: 0, SPIWP:0xee
clk_drv:0x00,q_drv:0x00,d_drv:0x00,cs0_drv:0x00,hd_drv:0x00,wp_drv:0x00
mode:DIO, clock div:2
load:0x3fff0030,len:6384
load:0x40078000,len:15916
load:0x40080400,len:3920
entry 0x40080644
[0;32mI (27) boot: ESP-IDF v5.5.2 2nd stage bootloader[0m
[0;32mI (27) boot: compile time Jan 30 2026 17:17:10[0m
[0;32mI (27) boot: Multicore bootloader[0m
[0;32mI (29) boot: chip revision: v3.1[0m
[0;32mI (31) boot.esp32: SPI Speed      : 40MHz[0m
[0;32mI (35) boot.esp32: SPI Mode       : DIO[0m
[0;32mI (39) boot.esp32: SPI Flash Size : 2MB[0m
[0;32mI (42) boot: Enabling RNG early entropy source...[0m
[0;32mI (47) boot: Partition Table:[0m
[0;32mI (49) boot: ## Label            Usage          Type ST Offset   Length[0m
[0;32mI (56) boot:  0 nvs              WiFi data        01 02 00009000 00006000[0m
[0;32mI (62) boot:  1 phy_init         RF data          01 01 0000f000 00001000[0m
[0;32mI (69) boot:  2 factory          factory app      00 00 00010000 00100000[0m
[0;32mI (75) boot: End of partition table[0m
[0;32mI (79) esp_image: segment 0: paddr=00010020 vaddr=3f400020 size=0bb14h ( 47892) map[0m
[0;32mI (102) esp_image: segment 1: paddr=0001bb3c vaddr=3ffb0000 size=02420h (  9248) load[0m
[0;32mI (106) esp_image: segment 2: paddr=0001df64 vaddr=40080000 size=020b4h (  8372) load[0m
[0;32mI (110) esp_image: segment 3: paddr=00020020 vaddr=400d0020 size=147e0h ( 83936) map[0m
[0;32mI (143) esp_image: segment 4: paddr=00034808 vaddr=400820b4 size=0bad0h ( 47824) load[0m
[0;32mI (161) esp_image: segment 5: paddr=000402e0 vaddr=50000000 size=00020h (    32) load[0m
[0;32mI (168) boot: Loaded app from partition at offset 0x10000[0m
[0;32mI (169) boot: Disabling RNG early entropy source...[0m
[0;32mI (180) cpu_start: Multicore app[0m
[0;32mI (188) cpu_start: GPIO 3 and 1 are used as console UART I/O pins[0m
[0;32mI (188) cpu_start: Pro cpu start user code[0m
[0;32mI (188) cpu_start: cpu freq: 160000000 Hz[0m
[0;32mI (190) app_init: Application information:[0m
[0;32mI (194) app_init: Project name:     cazio[0m
[0;32mI (197) app_init: App version:      1[0m
[0;32mI (201) app_init: Compile time:     Feb  4 2026 21:04:03[0m
[0;32mI (206) app_init: ELF file SHA256:  7fc11954f...[0m
[0;32mI (210) app_init: ESP-IDF:          v5.5.2[0m
[0;32mI (214) efuse_init: Min chip rev:     v0.0[0m
[0;32mI (218) efuse_init: Max chip rev:     v3.99 [0m
[0;32mI (222) efuse_init: Chip rev:         v3.1[0m
[0;32mI (226) heap_init: Initializing. RAM available for dynamic allocation:[0m
[0;32mI (232) heap_init: At 3FFAE6E0 len 00001920 (6 KiB): DRAM[0m
[0;32mI (237) heap_init: At 3FFB3178 len 0002CE88 (179 KiB): DRAM[0m
[0;32mI (242) heap_init: At 3FFE0440 len 00003AE0 (14 KiB): D/IRAM[0m
[0;32mI (248) heap_init: At 3FFE4350 len 0001BCB0 (111 KiB): D/IRAM[0m
[0;32mI (253) heap_init: At 4008DB84 len 0001247C (73 KiB): IRAM[0m
[0;33mW (260) spi_flash: Detected boya flash chip but using generic driver. For optimal functionality, enable `SPI_FLASH_SUPPORT_BOYA_CHIP` in menuconfig[0m
[0;32mI (271) spi_flash: detected chip: generic[0m
[0;32mI (275) spi_flash: flash io: dio[0m
[0;33mW (278) spi_flash: Detected size(4096k) larger than the size in the binary image header(2048k). Using the size in the binary image header.[0m
[0;32mI (291) main_task: Started on CPU0[0m
[0;32mI (301) main_task: Calling app_main()[0m
Probing SSD1306...
SSD1306 detected
[0;32mI (301) I: 00[0m

assert failed: xTaskGenericNotifyFromISR tasks.c:6033 (xTaskToNotify)


Backtrace: 0x40085971:0x3ffb0ef0 0x40085939:0x3ffb0f10 0x4008bead:0x3ffb0f30 0x40088816:0x3ffb1050 0x400826bf:0x3ffb1080 0x4008400c:0x3ffb10b0 0x40082a71:0x3ffb10e0 0x4000bfed:0x3ffb6ec0 0x400868ee:0x3ffb6ed0 0x4008634e:0x3ffb6ef0 0x400d6655:0x3ffb6f30 0x40086591:0x3ffb6f60




ELF file SHA256: 7fc11954f

Rebooting...
ets Jul 29 2019 12:21:46

rst:0xc (SW_CPU_RESET),boot:0x13 (SPI_FAST_FLASH_BOOT)
configsip: 0, SPIWP:0xee
clk_drv:0x00,q_drv:0x00,d_drv:0x00,cs0_drv:0x00,hd_drv:0x00,wp_drv:0x00
mode:DIO, clock div:2
load:0x3fff0030,len:6384
load:0x40078000,len:15916
load:0x40080400,len:3920
entry 0x40080644
[0;32mI (27) boot: ESP-IDF v5.5.2 2nd stage bootloader[0m
[0;32mI (27) boot: compile time Jan 30 2026 17:17:10[0m
[0;32mI (27) boot: Multicore bootloader[0m
[0;32mI (29) boot: chip revision: v3.1[0m
[0;32mI (31) boot.esp32: SPI Speed      : 40MHz[0m
[0;32mI (35) boot.esp32: SPI Mode       : DIO[0m
[0;32mI (39) boot.esp32: SPI Flash Size : 2MB[0m
[0;32mI (42) boot: Enabling RNG early entropy source...[0m
[0;32mI (47) boot: Partition Table:[0m
[0;32mI (49) boot: ## Label            Usage          Type ST Offset   Length[0m
[0;32mI (56) boot:  0 nvs              WiFi data        01 02 00009000 00006000[0m
[0;32mI (62) boot:  1 phy_init         RF data          01 01 0000f000 00001000[0m
[0;32mI (69) boot:  2 factory          factory app      00 00 00010000 00100000[0m
[0;32mI (75) boot: End of partition table[0m
[0;32mI (79) esp_image: segment 0: paddr=00010020 vaddr=3f400020 size=0bb14h ( 47892) map[0m
[0;32mI (102) esp_image: segment 1: paddr=0001bb3c vaddr=3ffb0000 size=02420h (  9248) load[0m
[0;32mI (106) esp_image: segment 2: paddr=0001df64 vaddr=40080000 size=020b4h (  8372) load[0m
[0;32mI (110) esp_image: segment 3: paddr=00020020 vaddr=400d0020 size=147e0h ( 83936) map[0m
[0;32mI (143) esp_image: segment 4: paddr=00034808 vaddr=400820b4 size=0bad0h ( 47824) load[0m
[0;32mI (161) esp_image: segment 5: paddr=000402e0 vaddr=50000000 size=00020h (    32) load[0m
[0;32mI (168) boot: Loaded app from partition at offset 0x10000[0m
[0;32mI (169) boot: Disabling RNG early entropy source...[0m
[0;32mI (180) cpu_start: Multicore app[0m
[0;32mI (188) cpu_start: GPIO 3 and 1 are used as console UART I/O pins[0m
[0;32mI (188) cpu_start: Pro cpu start user code[0m
[0;32mI (188) cpu_start: cpu freq: 160000000 Hz[0m
[0;32mI (190) app_init: Application information:[0m
[0;32mI (194) app_init: Project name:     cazio[0m
[0;32mI (197) app_init: App version:      1[0m
[0;32mI (201) app_init: Compile time:     Feb  4 2026 21:04:03[0m
[0;32mI (206) app_init: ELF file SHA256:  7fc11954f...[0m
[0;32mI (210) app_init: ESP-IDF:          v5.5.2[0m
[0;32mI (214) efuse_init: Min chip rev:     v0.0[0m
[0;32mI (218) efuse_init: Max chip rev:     v3.99 [0m
[0;32mI (222) efuse_init: Chip rev:         v3.1[0m
[0;32mI (226) heap_init: Initializing. RAM available for dynamic allocation:[0m
[0;32mI (232) heap_init: At 3FFAE6E0 len 00001920 (6 KiB): DRAM[0m
[0;32mI (237) heap_init: At 3FFB3178 len 0002CE88 (179 KiB): DRAM[0m
[0;32mI (242) heap_init: At 3FFE0440 len 00003AE0 (14 KiB): D/IRAM[0m
[0;32mI (248) heap_init: At 3FFE4350 len 0001BCB0 (111 KiB): D/IRAM[0m
[0;32mI (253) heap_init: At 4008DB84 len 0001247C (73 KiB): IRAM[0m
[0;33mW (260) spi_flash: Detected boya flash chip but using generic driver. For optimal functionality, enable `SPI_FLASH_SUPPORT_BOYA_CHIP` in menuconfig[0m
[0;32mI (271) spi_flash: detected chip: generic[0m
[0;32mI (275) spi_flash: flash io: dio[0m
[0;33mW (278) spi_flash: Detected size(4096k) larger than the size in the binary image header(2048k). Using the size in the binary image header.[0m
[0;32mI (291) main_task: Started on CPU0[0m
[0;32mI (301) main_task: Calling app_main()[0m
Probing SSD1306...
SSD1306 detected
[0;32mI (301) I: 00[0m

assert failed: xTaskGenericNotifyFromISR tasks.c:6033 (xTaskToNotify)


Backtrace: 0x40085971:0x3ffb0ef0 0x40085939:0x3ffb0f10 0x4008bead:0x3ffb0f30 0x40088816:0x3ffb1050 0x400826bf:0x3ffb1080 0x4008400c:0x3ffb10b0 0x40082a71:0x3ffb10e0 0x4000bfed:0x3ffb6ec0 0x400868ee:0x3ffb6ed0 0x4008634e:0x3ffb6ef0 0x400d6655:0x3ffb6f30 0x40086591:0x3ffb6f60




ELF file SHA256: 7fc11954f

Rebooting...
ets Jul 29 2019 12:21:46

rst:0xc (SW_CPU_RESET),boot:0x13 (SPI_FAST_FLASH_BOOT)
configsip: 0, SPIWP:0xee
clk_drv:0x00,q_drv:0x00,d_drv:0x00,cs0_drv:0x00,hd_drv:0x00,wp_drv:0x00
mode:DIO, clock div:2
load:0x3fff0030,len:6384
load:0x40078000,len:15916
load:0x40080400,len:3920
entry 0x40080644
[0;32mI (27) boot: ESP-IDF v5.5.2 2nd stage bootloader[0m
[0;32mI (27) boot: compile time Jan 30 2026 17:17:10[0m
[0;32mI (27) boot: Multicore bootloader[0m
[0;32mI (29) boot: chip revision: v3.1[0m
[0;32mI (31) boot.esp32: SPI Speed      : 40MHz[0m
[0;32mI (35) boot.esp32: SPI Mode       : DIO[0m
[0;32mI (39) boot.esp32: SPI Flash Size : 2MB[0m
[0;32mI (42) boot: Enabling RNG early entropy source...[0m
[0;32mI (47) boot: Partition Table:[0m
[0;32mI (49) boot: ## Label            Usage          Type ST Offset   Length[0m
[0;32mI (56) boot:  0 nvs              WiFi data        01 02 00009000 00006000[0m
[0;32mI (62) boot:  1 phy_init         RF data          01 01 0000f000 00001000[0m
[0;32mI (69) boot:  2 factory          factory app      00 00 00010000 00100000[0m
[0;32mI (75) boot: End of partition table[0m
[0;32mI (79) esp_image: segment 0: paddr=00010020 vaddr=3f400020 size=0bb14h ( 47892) map[0m
[0;32mI (102) esp_image: segment 1: paddr=0001bb3c vaddr=3ffb0000 size=02420h (  9248) load[0m
[0;32mI (106) esp_image: segment 2: paddr=0001df64 vaddr=40080000 size=020b4h (  8372) load[0m
[0;32mI (110) esp_image: segment 3: paddr=00020020 vaddr=400d0020 size=147e0h ( 83936) map[0m
[0;32mI (143) esp_image: segment 4: paddr=00034808 vaddr=400820b4 size=0bad0h ( 47824) load[0m
[0;32mI (161) esp_image: segment 5: paddr=000402e0 vaddr=50000000 size=00020h (    32) load[0m
[0;32mI (168) boot: Loaded app from partition at offset 0x10000[0m
[0;32mI (169) boot: Disabling RNG early entropy source...[0m
[0;32mI (180) cpu_start: Multicore app[0m
[0;32mI (188) cpu_start: GPIO 3 and 1 are used as console UART I/O pins[0m
[0;32mI (188) cpu_start: Pro cpu start user code[0m
[0;32mI (188) cpu_start: cpu freq: 160000000 Hz[0m
[0;32mI (190) app_init: Application information:[0m
[0;32mI (194) app_init: Project name:     cazio[0m
[0;32mI (197) app_init: App version:      1[0m
[0;32mI (201) app_init: Compile time:     Feb  4 2026 21:04:03[0m
[0;32mI (206) app_init: ELF file SHA256:  7fc11954f...[0m
[0;32mI (210) app_init: ESP-IDF:          v5.5.2[0m
[0;32mI (214) efuse_init: Min chip rev:     v0.0[0m
[0;32mI (218) efuse_init: Max chip rev:     v3.99 [0m
[0;32mI (222) efuse_init: Chip rev:         v3.1[0m
[0;32mI (226) heap_init: Initializing. RAM available for dynamic allocation:[0m
[0;32mI (232) heap_init: At 3FFAE6E0 len 00001920 (6 KiB): DRAM[0m
[0;32mI (237) heap_init: At 3FFB3178 len 0002CE88 (179 KiB): DRAM[0m
[0;32mI (242) heap_init: At 3FFE0440 len 00003AE0 (14 KiB): D/IRAM[0m
[0;32mI (248) heap_init: At 3FFE4350 len 0001BCB0 (111 KiB): D/IRAM[0m
[0;32mI (253) heap_init: At 4008DB84 len 0001247C (73 KiB): IRAM[0m
[0;33mW (260) spi_flash: Detected boya flash chip but using generic driver. For optimal functionality, enable `SPI_FLASH_SUPPORT_BOYA_CHIP` in menuconfig[0m
[0;32mI (271) spi_flash: detected chip: generic[0m
[0;32mI (275) spi_flash: flash io: dio[0m
[0;33mW (278) spi_flash: Detected size(4096k) larger than the size in the binary image header(2048k). Using the size in the binary image header.[0m
[0;32mI (291) main_task: Started on CPU0[0m
[0;32mI (301) main_task: Calling app_main()[0m
Probing SSD1306...
SSD1306 detected
[0;32mI (301) I: 00[0m

assert failed: xTaskGenericNotifyFromISR tasks.c:6033 (xTaskToNotify)


Backtrace: 0x40085971:0x3ffb0ef0 0x40085939:0x3ffb0f10 0x4008bead:0x3ffb0f30 0x40088816:0x3ffb1050 0x400826bf:0x3ffb1080 0x4008400c:0x3ffb10b0 0x40082a71:0x3ffb10e0 0x4000bfed:0x3ffb6ec0 0x400868ee:0x3ffb6ed0 0x4008634e:0x3ffb6ef0 0x400d6655:0x3ffb6f30 0x40086591:0x3ffb6f60




ELF file SHA256: 7fc11954f

Rebooting...
ets Jul 29 2019 12:21:46

rst:0xc (SW_CPU_RESET),boot:0x13 (SPI_FAST_FLASH_BOOT)
configsip: 0, SPIWP:0xee
clk_drv:0x00,q_drv:0x00,d_drv:0x00,cs0_drv:0x00,hd_drv:0x00,wp_drv:0x00
mode:DIO, clock div:2
load:0x3fff0030,len:6384
load:0x40078000,len:15916
load:0x40080400,len:3920
entry 0x40080644
[0;32mI (27) boot: ESP-IDF v5.5.2 2nd stage bootloader[0m
[0;32mI (27) boot: compile time Jan 30 2026 17:17:10[0m
[0;32mI (27) boot: Multicore bootloader[0m
[0;32mI (29) boot: chip revision: v3.1[0m
[0;32mI (31) boot.esp32: SPI Speed      : 40MHz[0m
[0;32mI (35) boot.esp32: SPI Mode       : DIO[0m
[0;32mI (39) boot.esp32: SPI Flash Size : 2MB[0m
[0;32mI (42) boot: Enabling RNG early entropy source...[0m
[0;32mI (47) boot: Partition Table:[0m
[0;32mI (49) boot: ## Label            Usage          Type ST Offset   Length[0m
[0;32mI (56) boot:  0 nvs              WiFi data        01 02 00009000 00006000[0m
[0;32mI (62) boot:  1 phy_init         RF data          01 01 0000f000 00001000[0m
[0;32mI (69) boot:  2 factory          factory app      00 00 00010000 00100000[0m
[0;32mI (75) boot: End of partition table[0m
[0;32mI (79) esp_image: segment 0: paddr=00010020 vaddr=3f400020 size=0bb14h ( 47892) map[0m
[0;32mI (102) esp_image: segment 1: paddr=0001bb3c vaddr=3ffb0000 size=02420h (  9248) load[0m
[0;32mI (106) esp_image: segment 2: paddr=0001df64 vaddr=40080000 size=020b4h (  8372) load[0m
[0;32mI (110) esp_image: segment 3: paddr=00020020 vaddr=400d0020 size=147e0h ( 83936) map[0m
[0;32mI (143) esp_image: segment 4: paddr=00034808 vaddr=400820b4 size=0bad0h ( 47824) load[0m
[0;32mI (161) esp_image: segment 5: paddr=000402e0 vaddr=50000000 size=00020h (    32) load[0m
[0;32mI (168) boot: Loaded app from partition at offset 0x10000[0m
[0;32mI (169) boot: Disabling RNG early entropy source...[0m
[0;32mI (180) cpu_start: Multicore app[0m
[0;32mI (188) cpu_start: GPIO 3 and 1 are used as console UART I/O pins[0m
[0;32mI (188) cpu_start: Pro cpu start user code[0m
[0;32mI (188) cpu_start: cpu freq: 160000000 Hz[0m
[0;32mI (190) app_init: Application information:[0m
[0;32mI (194) app_init: Project name:     cazio[0m
[0;32mI (197) app_init: App version:      1[0m
[0;32mI (201) app_init: Compile time:     Feb  4 2026 21:04:03[0m
[0;32mI (206) app_init: ELF file SHA256:  7fc11954f...[0m
[0;32mI (210) app_init: ESP-IDF:          v5.5.2[0m
[0;32mI (214) efuse_init: Min chip rev:     v0.0[0m
[0;32mI (218) efuse_init: Max chip rev:     v3.99 [0m
[0;32mI (222) efuse_init: Chip rev:         v3.1[0m
[0;32mI (226) heap_init: Initializing. RAM available for dynamic allocation:[0m
[0;32mI (232) heap_init: At 3FFAE6E0 len 00001920 (6 KiB): DRAM[0m
[0;32mI (237) heap_init: At 3FFB3178 len 0002CE88 (179 KiB): DRAM[0m
[0;32mI (242) heap_init: At 3FFE0440 len 00003AE0 (14 KiB): D/IRAM[0m
[0;32mI (248) heap_init: At 3FFE4350 len 0001BCB0 (111 KiB): D/IRAM[0m
[0;32mI (253) heap_init: At 4008DB84 len 0001247C (73 KiB): IRAM[0m
[0;33mW (260) spi_flash: Detected boya flash chip but using generic driver. For optimal functionality, enable `SPI_FLASH_SUPPORT_BOYA_CHIP` in menuconfig[0m
[0;32mI (271) spi_flash: detected chip: generic[0m
[0;32mI (275) spi_flash: flash io: dio[0m
[0;33mW (278) spi_flash: Detected size(4096k) larger than the size in the binary image header(2048k). Using the size in the binary image header.[0m
[0;32mI (291) main_task: Started on CPU0[0m
[0;32mI (301) main_task: Calling app_main()[0m
Probing SSD1306...
SSD1306 detected
[0;32mI (301) I: 00[0m

assert failed: xTaskGenericNotifyFromISR tasks.c:6033 (xTaskToNotify)


Backtrace: 0x40085971:0x3ffb0ef0 0x40085939:0x3ffb0f10 0x4008bead:0x3ffb0f30 0x40088816:0x3ffb1050 0x400826bf:0x3ffb1080 0x4008400c:0x3ffb10b0 0x40082a71:0x3ffb10e0 0x4000bfed:0x3ffb6ec0 0x400868ee:0x3ffb6ed0 0x4008634e:0x3ffb6ef0 0x400d6655:0x3ffb6f30 0x40086591:0x3ffb6f60




ELF file SHA256: 7fc11954f

Rebooting...
ets Jul 29 2019 12:21:46

rst:0xc (SW_CPU_RESET),boot:0x13 (SPI_FAST_FLASH_BOOT)
configsip: 0, SPIWP:0xee
clk_drv:0x00,q_drv:0x00,d_drv:0x00,cs0_drv:0x00,hd_drv:0x00,wp_drv:0x00
mode:DIO, clock div:2
load:0x3fff0030,len:6384
load:0x40078000,len:15916
load:0x40080400,len:3920
entry 0x40080644
[0;32mI (27) boot: ESP-IDF v5.5.2 2nd stage bootloader[0m
[0;32mI (27) boot: compile time Jan 30 2026 17:17:10[0m
[0;32mI (27) boot: Multicore bootloader[0m
[0;32mI (29) boot: chip revision: v3.1[0m
[0;32mI (31) boot.esp32: SPI Speed      : 40MHz[0m
[0;32mI (35) boot.esp32: SPI Mode       : DIO[0m
[0;32mI (39) boot.esp32: SPI Flash Size : 2MB[0m
[0;32mI (42) boot: Enabling RNG early entropy source...[0m
[0;32mI (47) boot: Partition Table:[0m
[0;32mI (49) boot: ## Label            Usage          Type ST Offset   Length[0m
[0;32mI (56) boot:  0 nvs              WiFi data        01 02 00009000 00006000[0m
[0;32mI (62) boot:  1 phy_init         RF data          01 01 0000f000 00001000[0m
[0;32mI (69) boot:  2 factory          factory app      00 00 00010000 00100000[0m
[0;32mI (75) boot: End of partition table[0m
[0;32mI (79) esp_image: segment 0: paddr=00010020 vaddr=3f400020 size=0bb14h ( 47892) map[0m
[0;32mI (102) esp_image: segment 1: paddr=0001bb3c vaddr=3ffb0000 size=02420h (  9248) load[0m
[0;32mI (106) esp_image: segment 2: paddr=0001df64 vaddr=40080000 size=020b4h (  8372) load[0m
[0;32mI (110) esp_image: segment 3: paddr=00020020 vaddr=400d0020 size=147e0h ( 83936) map[0m
[0;32mI (143) esp_image: segment 4: paddr=00034808 vaddr=400820b4 size=0bad0h ( 47824) load[0m
[0;32mI (161) esp_image: segment 5: paddr=000402e0 vaddr=50000000 size=00020h (    32) load[0m
[0;32mI (168) boot: Loaded app from partition at offset 0x10000[0m
[0;32mI (169) boot: Disabling RNG early entropy source...[0m
[0;32mI (180) cpu_start: Multicore app[0m
[0;32mI (188) cpu_start: GPIO 3 and 1 are used as console UART I/O pins[0m
[0;32mI (188) cpu_start: Pro cpu start user code[0m
[0;32mI (188) cpu_start: cpu freq: 160000000 Hz[0m
[0;32mI (190) app_init: Application information:[0m
[0;32mI (194) app_init: Project name:     cazio[0m
[0;32mI (197) app_init: App version:      1[0m
[0;32mI (201) app_init: Compile time:     Feb  4 2026 21:04:03[0m
[0;32mI (206) app_init: ELF file SHA256:  7fc11954f...[0m
[0;32mI (210) app_init: ESP-IDF:          v5.5.2[0m
[0;32mI (214) efuse_init: Min chip rev:     v0.0[0m
[0;32mI (218) efuse_init: Max chip rev:     v3.99 [0m
[0;32mI (222) efuse_init: Chip rev:         v3.1[0m
[0;32mI (226) heap_init: Initializing. RAM available for dynamic allocation:[0m
[0;32mI (232) heap_init: At 3FFAE6E0 len 00001920 (6 KiB): DRAM[0m
[0;32mI (237) heap_init: At 3FFB3178 len 0002CE88 (179 KiB): DRAM[0m
[0;32mI (242) heap_init: At 3FFE0440 len 00003AE0 (14 KiB): D/IRAM[0m
[0;32mI (248) heap_init: At 3FFE4350 len 0001BCB0 (111 KiB): D/IRAM[0m
[0;32mI (253) heap_init: At 4008DB84 len 0001247C (73 KiB): IRAM[0m
[0;33mW (260) spi_flash: Detected boya flash chip but using generic driver. For optimal functionality, enable `SPI_FLASH_SUPPORT_BOYA_CHIP` in menuconfig[0m
[0;32mI (271) spi_flash: detected chip: generic[0m
[0;32mI (275) spi_flash: flash io: dio[0m
[0;33mW (278) spi_flash: Detected size(4096k) larger than the size in the binary image header(2048k). Using the size in the binary image header.[0m
[0;32mI (291) main_task: Started on CPU0[0m
[0;32mI (301) main_task: Calling app_main()[0m
Probing SSD1306...
SSD1306 detected
[0;32mI (301) I: 00[0m

assert failed: xTaskGenericNotifyFromISR tasks.c:6033 (xTaskToNotify)


Backtrace: 0x40085971:0x3ffb0ef0 0x40085939:0x3ffb0f10 0x4008bead:0x3ffb0f30 0x40088816:0x3ffb1050 0x400826bf:0x3ffb1080 0x4008400c:0x3ffb10b0 0x40082a71:0x3ffb10e0 0x4000bfed:0x3ffb6ec0 0x400868ee:0x3ffb6ed0 0x4008634e:0x3ffb6ef0 0x400d6655:0x3ffb6f30 0x40086591:0x3ffb6f60




ELF file SHA256: 7fc11954f

Rebooting...
ets Jul 29 2019 12:21:46

rst:0xc (SW_CPU_RESET),boot:0x13 (SPI_FAST_FLASH_BOOT)
configsip: 0, SPIWP:0xee
clk_drv:0x00,q_drv:0x00,d_drv:0x00,cs0_drv:0x00,hd_drv:0x00,wp_drv:0x00
mode:DIO, clock div:2
load:0x3fff0030,len:6384
load:0x40078000,len:15916
load:0x40080400,len:3920
entry 0x40080644
[0;32mI (27) boot: ESP-IDF v5.5.2 2nd stage bootloader[0m
[0;32mI (27) boot: compile time Jan 30 2026 17:17:10[0m
[0;32mI (27) boot: Multicore bootloader[0m
[0;32mI (29) boot: chip revision: v3.1[0m
[0;32mI (31) boot.esp32: SPI Speed      : 40MHz[0m
[0;32mI (35) boot.esp32: SPI Mode       : DIO[0m
[0;32mI (39) boot.esp32: SPI Flash Size : 2MB[0m
[0;32mI (42) boot: Enabling RNG early entropy source...[0m
[0;32mI (47) boot: Partition Table:[0m
[0;32mI (49) boot: ## Label            Usage          Type ST Offset   Length[0m
[0;32mI (56) boot:  0 nvs              WiFi data        01 02 00009000 00006000[0m
[0;32mI (62) boot:  1 phy_init         RF data          01 01 0000f000 00001000[0m
[0;32mI (69) boot:  2 factory          factory app      00 00 00010000 00100000[0m
[0;32mI (75) boot: End of partition table[0m
[0;32mI (79) esp_image: segment 0: paddr=00010020 vaddr=3f400020 size=0bb14h ( 47892) map[0m
[0;32mI (102) esp_image: segment 1: paddr=0001bb3c vaddr=3ffb0000 size=02420h (  9248) load[0m
[0;32mI (106) esp_image: segment 2: paddr=0001df64 vaddr=40080000 size=020b4h (  8372) load[0m
[0;32mI (110) esp_image: segment 3: paddr=00020020 vaddr=400d0020 size=147e0h ( 83936) map[0m
[0;32mI (143) esp_image: segment 4: paddr=00034808 vaddr=400820b4 size=0bad0h ( 47824) load[0m
[0;32mI (161) esp_image: segment 5: paddr=000402e0 vaddr=50000000 size=00020h (    32) load[0m
[0;32mI (168) boot: Loaded app from partition at offset 0x10000[0m
[0;32mI (169) boot: Disabling RNG early entropy source...[0m
[0;32mI (180) cpu_start: Multicore app[0m
[0;32mI (188) cpu_start: GPIO 3 and 1 are used as console UART I/O pins[0m
[0;32mI (188) cpu_start: Pro cpu start user code[0m
[0;32mI (188) cpu_start: cpu freq: 160000000 Hz[0m
[0;32mI (190) app_init: Application information:[0m
[0;32mI (194) app_init: Project name:     cazio[0m
[0;32mI (197) app_init: App version:      1[0m
[0;32mI (201) app_init: Compile time:     Feb  4 2026 21:04:03[0m
[0;32mI (206) app_init: ELF file SHA256:  7fc11954f...[0m
[0;32mI (210) app_init: ESP-IDF:          v5.5.2[0m
[0;32mI (214) efuse_init: Min chip rev:     v0.0[0m
[0;32mI (218) efuse_init: Max chip rev:     v3.99 [0m
[0;32mI (222) efuse_init: Chip rev:         v3.1[0m
[0;32mI (226) heap_init: Initializing. RAM available for dynamic allocation:[0m
[0;32mI (232) heap_init: At 3FFAE6E0 len 00001920 (6 KiB): DRAM[0m
[0;32mI (237) heap_init: At 3FFB3178 len 0002CE88 (179 KiB): DRAM[0m
[0;32mI (242) heap_init: At 3FFE0440 len 00003AE0 (14 KiB): D/IRAM[0m
[0;32mI (248) heap_init: At 3FFE4350 len 0001BCB0 (111 KiB): D/IRAM[0m
[0;32mI (253) heap_init: At 4008DB84 len 0001247C (73 KiB): IRAM[0m
[0;33mW (260) spi_flash: Detected boya flash chip but using generic driver. For optimal functionality, enable `SPI_FLASH_SUPPORT_BOYA_CHIP` in menuconfig[0m
[0;32mI (271) spi_flash: detected chip: generic[0m
[0;32mI (275) spi_flash: flash io: dio[0m
[0;33mW (278) spi_flash: Detected size(4096k) larger than the size in the binary image header(2048k). Using the size in the binary image header.[0m
[0;32mI (291) main_task: Started on CPU0[0m
[0;32mI (301) main_task: Calling app_main()[0m
Probing SSD1306...
SSD1306 detected
[0;32mI (301) I: 00[0m

assert failed: xTaskGenericNotifyFromISR tasks.c:6033 (xTaskToNotify)


Backtrace: 0x40085971:0x3ffb0ef0 0x40085939:0x3ffb0f10 0x4008bead:0x3ffb0f30 0x40088816:0x3ffb1050 0x400826bf:0x3ffb1080 0x4008400c:0x3ffb10b0 0x40082a71:0x3ffb10e0 0x4000bfed:0x3ffb6ec0 0x400868ee:0x3ffb6ed0 0x4008634e:0x3ffb6ef0 0x400d6655:0x3ffb6f30 0x40086591:0x3ffb6f60




ELF file SHA256: 7fc11954f

Rebooting...
ets Jul 29 2019 12:21:46

rst:0xc (SW_CPU_RESET),boot:0x13 (SPI_FAST_FLASH_BOOT)
configsip: 0, SPIWP:0xee
clk_drv:0x00,q_drv:0x00,d_drv:0x00,cs0_drv:0x00,hd_drv:0x00,wp_drv:0x00
mode:DIO, clock div:2
load:0x3fff0030,len:6384
load:0x40078000,len:15916
load:0x40080400,len:3920
entry 0x40080644
[0;32mI (27) boot: ESP-IDF v5.5.2 2nd stage bootloader[0m
[0;32mI (27) boot: compile time Jan 30 2026 17:17:10[0m
[0;32mI (27) boot: Multicore bootloader[0m
[0;32mI (29) boot: chip revision: v3.1[0m
[0;32mI (31) boot.esp32: SPI Speed      : 40MHz[0m
[0;32mI (35) boot.esp32: SPI Mode       : DIO[0m
[0;32mI (39) boot.esp32: SPI Flash Size : 2MB[0m
[0;32mI (42) boot: Enabling RNG early entropy source...[0m
[0;32mI (47) boot: Partition Table:[0m
[0;32mI (49) boot: ## Label            Usage          Type ST Offset   Length[0m
[0;32mI (56) boot:  0 nvs              WiFi data        01 02 00009000 00006000[0m
[0;32mI (62) boot:  1 phy_init         RF data          01 01 0000f000 00001000[0m
[0;32mI (69) boot:  2 factory          factory app      00 00 00010000 00100000[0m
[0;32mI (75) boot: End of partition table[0m
[0;32mI (79) esp_image: segment 0: paddr=00010020 vaddr=3f400020 size=0bb14h ( 47892) map[0m
[0;32mI (102) esp_image: segment 1: paddr=0001bb3c vaddr=3ffb0000 size=02420h (  9248) load[0m
[0;32mI (106) esp_image: segment 2: paddr=0001df64 vaddr=40080000 size=020b4h (  8372) load[0m
[0;32mI (110) esp_image: segment 3: paddr=00020020 vaddr=400d0020 size=147e0h ( 83936) map[0m
[0;32mI (143) esp_image: segment 4: paddr=00034808 vaddr=400820b4 size=0bad0h ( 47824) load[0m
[0;32mI (161) esp_image: segment 5: paddr=000402e0 vaddr=50000000 size=00020h (    32) load[0m
[0;32mI (168) boot: Loaded app from partition at offset 0x10000[0m
[0;32mI (169) boot: Disabling RNG early entropy source...[0m
[0;32mI (180) cpu_start: Multicore app[0m
[0;32mI (188) cpu_start: GPIO 3 and 1 are used as console UART I/O pins[0m
[0;32mI (188) cpu_start: Pro cpu start user code[0m
[0;32mI (188) cpu_start: cpu freq: 160000000 Hz[0m
[0;32mI (190) app_init: Application information:[0m
[0;32mI (194) app_init: Project name:     cazio[0m
[0;32mI (197) app_init: App version:      1[0m
[0;32mI (201) app_init: Compile time:     Feb  4 2026 21:04:03[0m
[0;32mI (206) app_init: ELF file SHA256:  7fc11954f...[0m
[0;32mI (210) app_init: ESP-IDF:          v5.5.2[0m
[0;32mI (214) efuse_init: Min chip rev:     v0.0[0m
[0;32mI (218) efuse_init: Max chip rev:     v3.99 [0m
[0;32mI (222) efuse_init: Chip rev:         v3.1[0m
[0;32mI (226) heap_init: Initializing. RAM available for dynamic allocation:[0m
[0;32mI (232) heap_init: At 3FFAE6E0 len 00001920 (6 KiB): DRAM[0m
[0;32mI (237) heap_init: At 3FFB3178 len 0002CE88 (179 KiB): DRAM[0m
[0;32mI (242) heap_init: At 3FFE0440 len 00003AE0 (14 KiB): D/IRAM[0m
[0;32mI (248) heap_init: At 3FFE4350 len 0001BCB0 (111 KiB): D/IRAM[0m
[0;32mI (253) heap_init: At 4008DB84 len 0001247C (73 KiB): IRAM[0m
[0;33mW (260) spi_flash: Detected boya flash chip but using generic driver. For optimal functionality, enable `SPI_FLASH_SUPPORT_BOYA_CHIP` in menuconfig[0m
[0;32mI (271) spi_flash: detected chip: generic[0m
[0;32mI (275) spi_flash: flash io: dio[0m
[0;33mW (278) spi_flash: Detected size(4096k) larger than the size in the binary image header(2048k). Using the size in the binary image header.[0m
[0;32mI (291) main_task: Started on CPU0[0m
[0;32mI (301) main_task: Calling app_main()[0m
Probing SSD1306...
SSD1306 detected
[0;32mI (301) I: 00[0m

assert failed: xTaskGenericNotifyFromISR tasks.c:6033 (xTaskToNotify)


Backtrace: 0x40085971:0x3ffb0ef0 0x40085939:0x3ffb0f10 0x4008bead:0x3ffb0f30 0x40088816:0x3ffb1050 0x400826bf:0x3ffb1080 0x4008400c:0x3ffb10b0 0x40082a71:0x3ffb10e0 0x4000bfed:0x3ffb6ec0 0x400868ee:0x3ffb6ed0 0x4008634e:0x3ffb6ef0 0x400d6655:0x3ffb6f30 0x40086591:0x3ffb6f60




ELF file SHA256: 7fc11954f

Rebooting...
ets Jul 29 2019 12:21:46

rst:0xc (SW_CPU_RESET),boot:0x13 (SPI_FAST_FLASH_BOOT)
configsip: 0, SPIWP:0xee
clk_drv:0x00,q_drv:0x00,d_drv:0x00,cs0_drv:0x00,hd_drv:0x00,wp_drv:0x00
mode:DIO, clock div:2
load:0x3fff0030,len:6384
load:0x40078000,len:15916
load:0x40080400,len:3920
entry 0x40080644
[0;32mI (27) boot: ESP-IDF v5.5.2 2nd stage bootloader[0m
[0;32mI (27) boot: compile time Jan 30 2026 17:17:10[0m
[0;32mI (27) boot: Multicore bootloader[0m
[0;32mI (29) boot: chip revision: v3.1[0m
[0;32mI (31) boot.esp32: SPI Speed      : 40MHz[0m
[0;32mI (35) boot.esp32: SPI Mode       : DIO[0m
[0;32mI (39) boot.esp32: SPI Flash Size : 2MB[0m
[0;32mI (42) boot: Enabling RNG early entropy source...[0m
[0;32mI (47) boot: Partition Table:[0m
[0;32mI (49) boot: ## Label            Usage          Type ST Offset   Length[0m
[0;32mI (56) boot:  0 nvs              WiFi data        01 02 00009000 00006000[0m
[0;32mI (62) boot:  1 phy_init         RF data          01 01 0000f000 00001000[0m
[0;32mI (69) boot:  2 factory          factory app      00 00 00010000 00100000[0m
[0;32mI (75) boot: End of partition table[0m
[0;32mI (79) esp_image: segment 0: paddr=00010020 vaddr=3f400020 size=0bb14h ( 47892) map[0m
[0;32mI (102) esp_image: segment 1: paddr=0001bb3c vaddr=3ffb0000 size=02420h (  9248) load[0m
[0;32mI (106) esp_image: segment 2: paddr=0001df64 vaddr=40080000 size=020b4h (  8372) load[0m
[0;32mI (110) esp_image: segment 3: paddr=00020020 vaddr=400d0020 size=147e0h ( 83936) map[0m
[0;32mI (143) esp_image: segment 4: paddr=00034808 vaddr=400820b4 size=0bad0h ( 47824) load[0m
[0;32mI (161) esp_image: segment 5: paddr=000402e0 vaddr=50000000 size=00020h (    32) load[0m
[0;32mI (168) boot: Loaded app from partition at offset 0x10000[0m
[0;32mI (169) boot: Disabling RNG early entropy source...[0m
[0;32mI (180) cpu_start: Multicore app[0m
[0;32mI (188) cpu_start: GPIO 3 and 1 are used as console UART I/O pins[0m
[0;32mI (188) cpu_start: Pro cpu start user code[0m
[0;32mI (188) cpu_start: cpu freq: 160000000 Hz[0m
[0;32mI (190) app_init: Application information:[0m
[0;32mI (194) app_init: Project name:     cazio[0m
[0;32mI (197) app_init: App version:      1[0m
[0;32mI (201) app_init: Compile time:     Feb  4 2026 21:04:03[0m
[0;32mI (206) app_init: ELF file SHA256:  7fc11954f...[0m
